[1/247] Copying time-arc qml resources into build dir
[2/247] Copying time-arc qml sources into build dir
[3/247] Generating timearc-site-icons.rcc
[4/247] Generating timearc-backgrounds.rcc
[5/247] Copying OS X Content TimeArc.app/Contents/Resources/TimeArc.icns
[6/247] Generating timearc-monthly-recap.rcc
[7/247] Copying OS X Content TimeArc.app/Contents/Library/LaunchAgents/com.timearc.service.plist
[8/247] Building C object src/service/CMakeFiles/time_arc_service.dir/shared/data_bridge.c.o
[9/247] Building C object src/service/CMakeFiles/time_arc_service.dir/shared/database_path.c.o
[10/247] Building C object src/service/CMakeFiles/time_arc_service.dir/shared/database_storage.c.o
[11/247] Populating .qmlls.ini file at /Users/jz2025/Desktop/Development/TimeArc/build-macos/.qt/.qmlls.build.ini
[12/247] Automatic MOC and UIC for target timearc_resource_bundle_smoke
[13/247] Building CXX object CMakeFiles/timearc_resource_bundle_smoke.dir/timearc_resource_bundle_smoke_autogen/mocs_compilation.cpp.o
[14/247] Running qmlimportscanner for time-arc
[15/247] Building C object thirdparty/parson/CMakeFiles/time-arc-parson.dir/parson.c.o
[16/247] Linking C static library thirdparty/parson/libtime-arc-parson.a
[17/247] Automatic MOC and UIC for target timearc_db_smoke
[18/247] Building CXX object CMakeFiles/timearc_resource_bundle_smoke.dir/tests/resource_bundle_smoke.cpp.o
[19/247] Building Swift Module 'time_arc_service' with 12 sources
[20/247] Building CXX object CMakeFiles/timearc_db_smoke.dir/timearc_db_smoke_autogen/mocs_compilation.cpp.o
[21/247] Building CXX object CMakeFiles/timearc_db_smoke.dir/src/services/frontmost_session_repository.cpp.o
[22/247] Building CXX object CMakeFiles/timearc_db_smoke.dir/src/services/app_repository.cpp.o
[23/247] Building CXX object CMakeFiles/timearc_db_smoke.dir/src/services/manual_project_repository.cpp.o
[24/247] Building CXX object CMakeFiles/timearc_db_smoke.dir/src/services/database_manager.cpp.o
[25/247] Building CXX object CMakeFiles/timearc_db_smoke.dir/src/services/mobile/android_usage_jni_bridge.cpp.o
[26/247] Building CXX object CMakeFiles/timearc_db_smoke.dir/src/services/media_session_repository.cpp.o
[27/247] Linking CXX executable timearc_resource_bundle_smoke
[28/247] Building CXX object CMakeFiles/timearc_db_smoke.dir/src/services/mobile/mobile_usage_repository.cpp.o
[29/247] Building CXX object CMakeFiles/timearc_db_smoke.dir/src/services/settings_repository.cpp.o
[30/247] Building CXX object CMakeFiles/timearc_db_smoke.dir/src/services/stats_service.cpp.o
[31/247] Building CXX object CMakeFiles/timearc_db_smoke.dir/src/services/calendar_manager.cpp.o
[32/247] Building CXX object CMakeFiles/timearc_db_smoke.dir/src/services/project_manager.cpp.o
[33/247] Building CXX object CMakeFiles/timearc_db_smoke.dir/src/services/mobile/mobile_usage_service.cpp.o
[34/247] Building CXX object CMakeFiles/timearc_db_smoke.dir/src/services/daily_card_service.cpp.o
[35/247] Building CXX object CMakeFiles/timearc_db_smoke.dir/tests/db_smoke.cpp.o
[36/247] Linking CXX executable timearc_db_smoke
[37/247] Building C object thirdparty/sqlite3/CMakeFiles/time-arc-sqlite3.dir/sqlite3.c.o
[38/247] Linking C static library thirdparty/sqlite3/libtime-arc-sqlite3.a
[39/247] Linking Swift executable src/service/time-arc-service
[40/247] Automatic MOC and UIC for target time-arc
[41/247] Running AUTOMOC file extraction for target time-arc
[42/247] Running moc --collect-json for target time-arc
[43/247] Running rcc for resource qmake_time_arc
[44/247] Running rcc for resource time-arc_raw_qml_0_extra_qmldirs
[45/247] Generating .rcc/qmlcache/time-arc_qmlcache_loader.cpp
[46/247] Running rcc for resource time-arc_raw_res_0
[47/247] Automatic QML type registration for target time-arc
[48/247] Generating .rcc/qmlcache/time-arc_qml/desktop/pages/DesktopTimerPage_qml.cpp, .rcc/qmlcache/time-arc_qml/desktop/pages/DesktopTimerPage_qml.cpp.aotstats
[49/247] Generating .rcc/qmlcache/time-arc_qml/desktop/pages/DesktopMonthlyRecapPage_qml.cpp, .rcc/qmlcache/time-arc_qml/desktop/pages/DesktopMonthlyRecapPage_qml.cpp.aotstats
[50/247] Generating .rcc/qmlcache/time-arc_qml/desktop/pages/DesktopMemoryLakePage_qml.cpp, .rcc/qmlcache/time-arc_qml/desktop/pages/DesktopMemoryLakePage_qml.cpp.aotstats
[51/247] Generating .rcc/qmlcache/time-arc_qml/desktop/components/WindowChrome_qml.cpp, .rcc/qmlcache/time-arc_qml/desktop/components/WindowChrome_qml.cpp.aotstats
[52/247] Generating .rcc/qmlcache/time-arc_qml/desktop/components/SoftCard_qml.cpp, .rcc/qmlcache/time-arc_qml/desktop/components/SoftCard_qml.cpp.aotstats
[53/247] Generating .rcc/qmlcache/time-arc_qml/desktop/pages/DesktopHomePage_qml.cpp, .rcc/qmlcache/time-arc_qml/desktop/pages/DesktopHomePage_qml.cpp.aotstats
[54/247] Generating .rcc/qmlcache/time-arc_qml/desktop/pages/DesktopStatsPage_qml.cpp, .rcc/qmlcache/time-arc_qml/desktop/pages/DesktopStatsPage_qml.cpp.aotstats
[55/247] Generating .rcc/qmlcache/time-arc_qml/desktop/components/DesktopDailyCardView_qml.cpp, .rcc/qmlcache/time-arc_qml/desktop/components/DesktopDailyCardView_qml.cpp.aotstats
[56/247] Generating .rcc/qmlcache/time-arc_qml/desktop/components/AppVisual_js.cpp
[57/247] Generating .rcc/qmlcache/time-arc_qml/main_qml.cpp, .rcc/qmlcache/time-arc_qml/main_qml.cpp.aotstats
[58/247] Generating .rcc/qmlcache/time-arc_qml/desktop/components/SoftPill_qml.cpp, .rcc/qmlcache/time-arc_qml/desktop/components/SoftPill_qml.cpp.aotstats
[59/247] Generating .rcc/qmlcache/time-arc_qml/desktop/components/I18n_js.cpp
[60/247] Generating .rcc/qmlcache/time-arc_qml/desktop/DesktopAppShell_qml.cpp, .rcc/qmlcache/time-arc_qml/desktop/DesktopAppShell_qml.cpp.aotstats
[61/247] Generating .rcc/qmlcache/time-arc_qml/desktop/components/SoftButton_qml.cpp, .rcc/qmlcache/time-arc_qml/desktop/components/SoftButton_qml.cpp.aotstats
[62/247] Generating .rcc/qmlcache/time-arc_qml/desktop/components/TagPalette_js.cpp
[63/247] Generating .rcc/qmlcache/time-arc_qml/desktop/components/AchievementToast_qml.cpp, .rcc/qmlcache/time-arc_qml/desktop/components/AchievementToast_qml.cpp.aotstats
[64/247] Generating .rcc/qmlcache/time-arc_qml/desktop/memorylake/GenerativeCover_qml.cpp, .rcc/qmlcache/time-arc_qml/desktop/memorylake/GenerativeCover_qml.cpp.aotstats
[65/247] Generating .rcc/qmlcache/time-arc_qml/desktop/pages/DesktopProfilePage_qml.cpp, .rcc/qmlcache/time-arc_qml/desktop/pages/DesktopProfilePage_qml.cpp.aotstats
[66/247] Generating .rcc/qmlcache/time-arc_qml/desktop/memorylake/MemoDotTexture_qml.cpp, .rcc/qmlcache/time-arc_qml/desktop/memorylake/MemoDotTexture_qml.cpp.aotstats
[67/247] Generating .rcc/qmlcache/time-arc_qml/desktop/memorylake/MemoryLakeStyle_qml.cpp, .rcc/qmlcache/time-arc_qml/desktop/memorylake/MemoryLakeStyle_qml.cpp.aotstats
[68/247] Generating .rcc/qmlcache/time-arc_qml/desktop/memorylake/MemoInkCanvas_qml.cpp, .rcc/qmlcache/time-arc_qml/desktop/memorylake/MemoInkCanvas_qml.cpp.aotstats
[69/247] Generating .rcc/qmlcache/time-arc_qml/desktop/memorylake/MemoToolbar_qml.cpp, .rcc/qmlcache/time-arc_qml/desktop/memorylake/MemoToolbar_qml.cpp.aotstats
[70/247] Generating .rcc/qmlcache/time-arc_qml/desktop/memorylake/MemoToolGlyph_qml.cpp, .rcc/qmlcache/time-arc_qml/desktop/memorylake/MemoToolGlyph_qml.cpp.aotstats
[71/247] Generating .rcc/qmlcache/time-arc_qml/desktop/memorylake/TextLayer_qml.cpp, .rcc/qmlcache/time-arc_qml/desktop/memorylake/TextLayer_qml.cpp.aotstats
[72/247] Generating .rcc/qmlcache/time-arc_qml/desktop/memorylake/PixelTomato_qml.cpp, .rcc/qmlcache/time-arc_qml/desktop/memorylake/PixelTomato_qml.cpp.aotstats
[73/247] Generating .rcc/qmlcache/time-arc_qml/desktop/memorylake/MemoPageFolder_qml.cpp, .rcc/qmlcache/time-arc_qml/desktop/memorylake/MemoPageFolder_qml.cpp.aotstats
[74/247] Running rcc for resource time-arc_raw_qml_0
[75/247] Generating .rcc/qmlcache/time-arc_qml/desktop/memorylake/PomodoroWidget_qml.cpp, .rcc/qmlcache/time-arc_qml/desktop/memorylake/PomodoroWidget_qml.cpp.aotstats
[76/247] Generating .rcc/qmlcache/time-arc_qml/desktop/memorylake/GlowCircle_qml.cpp, .rcc/qmlcache/time-arc_qml/desktop/memorylake/GlowCircle_qml.cpp.aotstats
[77/247] Generating .rcc/qmlcache/time-arc_qml/desktop/memorylake/StickyNote_qml.cpp, .rcc/qmlcache/time-arc_qml/desktop/memorylake/StickyNote_qml.cpp.aotstats
[78/247] Generating .rcc/qmlcache/time-arc_qml/desktop/memorylake/PomodoroCompleteOverlay_qml.cpp, .rcc/qmlcache/time-arc_qml/desktop/memorylake/PomodoroCompleteOverlay_qml.cpp.aotstats
[79/247] Generating .rcc/qmlcache/time-arc_qml/desktop/memorylake/MemoDatePicker_qml.cpp, .rcc/qmlcache/time-arc_qml/desktop/memorylake/MemoDatePicker_qml.cpp.aotstats
[80/247] Generating .rcc/qmlcache/time-arc_qml/desktop/memorylake/GlassPanel_qml.cpp, .rcc/qmlcache/time-arc_qml/desktop/memorylake/GlassPanel_qml.cpp.aotstats
[81/247] Generating .rcc/qmlcache/time-arc_qml/desktop/memorylake/GridTexture_qml.cpp, .rcc/qmlcache/time-arc_qml/desktop/memorylake/GridTexture_qml.cpp.aotstats
[82/247] Generating .rcc/qmlcache/time-arc_qml/desktop/memorylake/AmbientBackground_qml.cpp, .rcc/qmlcache/time-arc_qml/desktop/memorylake/AmbientBackground_qml.cpp.aotstats
[83/247] Generating .rcc/qmlcache/time-arc_qml/desktop/memorylake/RoundedFrame_qml.cpp, .rcc/qmlcache/time-arc_qml/desktop/memorylake/RoundedFrame_qml.cpp.aotstats
[84/247] Generating .rcc/qmlcache/time-arc_qml/desktop/memorylake/UsageRankList_qml.cpp, .rcc/qmlcache/time-arc_qml/desktop/memorylake/UsageRankList_qml.cpp.aotstats
[85/247] Generating .rcc/qmlcache/time-arc_qml/desktop/memorylake/FrostCard_qml.cpp, .rcc/qmlcache/time-arc_qml/desktop/memorylake/FrostCard_qml.cpp.aotstats
[86/247] Generating .rcc/qmlcache/time-arc_qml/desktop/memorylake/TimeRiver_qml.cpp, .rcc/qmlcache/time-arc_qml/desktop/memorylake/TimeRiver_qml.cpp.aotstats
[87/247] Generating .rcc/qmlcache/time-arc_qml/desktop/memorylake/MemoryCard_qml.cpp, .rcc/qmlcache/time-arc_qml/desktop/memorylake/MemoryCard_qml.cpp.aotstats
[88/247] Generating .rcc/qmlcache/time-arc_qml/desktop/memorylake/DetailPanel_qml.cpp, .rcc/qmlcache/time-arc_qml/desktop/memorylake/DetailPanel_qml.cpp.aotstats
[89/247] Generating .rcc/qmlcache/time-arc_qml/desktop/memorylake/TagChip_qml.cpp, .rcc/qmlcache/time-arc_qml/desktop/memorylake/TagChip_qml.cpp.aotstats
[90/247] Generating .rcc/qmlcache/time-arc_qml/desktop/memorylake/TodayConclusionCard_qml.cpp, .rcc/qmlcache/time-arc_qml/desktop/memorylake/TodayConclusionCard_qml.cpp.aotstats
[91/247] Generating .rcc/qmlcache/time-arc_qml/desktop/memorylake/DailyUsageShare_qml.cpp, .rcc/qmlcache/time-arc_qml/desktop/memorylake/DailyUsageShare_qml.cpp.aotstats
[92/247] Generating .rcc/qmlcache/time-arc_qml/desktop/memorylake/CalendarSyncList_qml.cpp, .rcc/qmlcache/time-arc_qml/desktop/memorylake/CalendarSyncList_qml.cpp.aotstats
[93/247] Generating .rcc/qmlcache/time-arc_qml/desktop/memorylake/SilkyFlickable_qml.cpp, .rcc/qmlcache/time-arc_qml/desktop/memorylake/SilkyFlickable_qml.cpp.aotstats
[94/247] Generating .rcc/qmlcache/time-arc_qml/desktop/memorylake/CardCarousel_qml.cpp, .rcc/qmlcache/time-arc_qml/desktop/memorylake/CardCarousel_qml.cpp.aotstats
[95/247] Generating .rcc/qmlcache/time-arc_qml/desktop/memorylake/GlassSwitch_qml.cpp, .rcc/qmlcache/time-arc_qml/desktop/memorylake/GlassSwitch_qml.cpp.aotstats
[96/247] Generating .rcc/qmlcache/time-arc_qml/desktop/memorylake/GlassComboBox_qml.cpp, .rcc/qmlcache/time-arc_qml/desktop/memorylake/GlassComboBox_qml.cpp.aotstats
[97/247] Generating .rcc/qmlcache/time-arc_qml/desktop/memorylake/KbdChip_qml.cpp, .rcc/qmlcache/time-arc_qml/desktop/memorylake/KbdChip_qml.cpp.aotstats
[98/247] Generating .rcc/qmlcache/time-arc_qml/desktop/memorylake/GlassSlider_qml.cpp, .rcc/qmlcache/time-arc_qml/desktop/memorylake/GlassSlider_qml.cpp.aotstats
[99/247] Generating .rcc/qmlcache/time-arc_qml/desktop/memorylake/RecapSlide_qml.cpp, .rcc/qmlcache/time-arc_qml/desktop/memorylake/RecapSlide_qml.cpp.aotstats
[100/247] Generating .rcc/qmlcache/time-arc_qml/desktop/memorylake/RecapOverlay_qml.cpp, .rcc/qmlcache/time-arc_qml/desktop/memorylake/RecapOverlay_qml.cpp.aotstats
[101/247] Generating .rcc/qmlcache/time-arc_qml/mobile/MobileTheme_qml.cpp, .rcc/qmlcache/time-arc_qml/mobile/MobileTheme_qml.cpp.aotstats
[102/247] Generating .rcc/qmlcache/time-arc_qml/desktop/memorylake/NotifierTray_qml.cpp, .rcc/qmlcache/time-arc_qml/desktop/memorylake/NotifierTray_qml.cpp.aotstats
[103/247] Generating .rcc/qmlcache/time-arc_qml/desktop/memorylake/GlassTextField_qml.cpp, .rcc/qmlcache/time-arc_qml/desktop/memorylake/GlassTextField_qml.cpp.aotstats
[104/247] Generating .rcc/qmlcache/time-arc_qml/mobile/components/MobileStatusBar_qml.cpp, .rcc/qmlcache/time-arc_qml/mobile/components/MobileStatusBar_qml.cpp.aotstats
[105/247] Generating .rcc/qmlcache/time-arc_qml/mobile/components/MobileSwitch_qml.cpp, .rcc/qmlcache/time-arc_qml/mobile/components/MobileSwitch_qml.cpp.aotstats
[106/247] Generating .rcc/qmlcache/time-arc_qml/mobile/components/MobileSectionTitle_qml.cpp, .rcc/qmlcache/time-arc_qml/mobile/components/MobileSectionTitle_qml.cpp.aotstats
[107/247] Generating .rcc/qmlcache/time-arc_qml/desktop/memorylake/MemoOverlay_qml.cpp, .rcc/qmlcache/time-arc_qml/desktop/memorylake/MemoOverlay_qml.cpp.aotstats
[108/247] Generating .rcc/qmlcache/time-arc_qml/mobile/pages/MobileStatsPage_qml.cpp, .rcc/qmlcache/time-arc_qml/mobile/pages/MobileStatsPage_qml.cpp.aotstats
[109/247] Generating .rcc/qmlcache/time-arc_qml/mobile/pages/MobileHomePage_qml.cpp, .rcc/qmlcache/time-arc_qml/mobile/pages/MobileHomePage_qml.cpp.aotstats
[110/247] Generating .rcc/qmlcache/time-arc_qml/mobile/components/MobileTabButton_qml.cpp, .rcc/qmlcache/time-arc_qml/mobile/components/MobileTabButton_qml.cpp.aotstats
[111/247] Generating .rcc/qmlcache/time-arc_qml/mobile/components/MobileSettingRow_qml.cpp, .rcc/qmlcache/time-arc_qml/mobile/components/MobileSettingRow_qml.cpp.aotstats
[112/247] Generating .rcc/qmlcache/time-arc_qml/mobile/components/MobileGlassPanel_qml.cpp, .rcc/qmlcache/time-arc_qml/mobile/components/MobileGlassPanel_qml.cpp.aotstats
[113/247] Generating .rcc/qmlcache/time-arc_qml/mobile/components/MobileFlipCard_qml.cpp, .rcc/qmlcache/time-arc_qml/mobile/components/MobileFlipCard_qml.cpp.aotstats
[114/247] Generating .rcc/qmlcache/time-arc_qml/mobile/components/MobileAppIcon_qml.cpp, .rcc/qmlcache/time-arc_qml/mobile/components/MobileAppIcon_qml.cpp.aotstats
[115/247] Generating .rcc/qmlcache/time-arc_qml/mobile/components/MobileMonthProfiles_js.cpp
[116/247] Generating .rcc/qmlcache/time-arc_qml/mobile/components/MobileUsageRankRow_qml.cpp, .rcc/qmlcache/time-arc_qml/mobile/components/MobileUsageRankRow_qml.cpp.aotstats
[117/247] Generating .rcc/qmlcache/time-arc_qml/mobile/pages/MobileSettingsPage_qml.cpp, .rcc/qmlcache/time-arc_qml/mobile/pages/MobileSettingsPage_qml.cpp.aotstats
[118/247] Generating .rcc/qmlcache/time-arc_qml/mobile/components/MobileShareOverlay_qml.cpp, .rcc/qmlcache/time-arc_qml/mobile/components/MobileShareOverlay_qml.cpp.aotstats
[119/247] Generating .rcc/qmlcache/time-arc_qml/mobile/pages/MobileHistoryPage_qml.cpp, .rcc/qmlcache/time-arc_qml/mobile/pages/MobileHistoryPage_qml.cpp.aotstats
[120/247] Generating .rcc/qmlcache/time-arc_qml/desktop/pages/DesktopCalenderPage_qml.cpp, .rcc/qmlcache/time-arc_qml/desktop/pages/DesktopCalenderPage_qml.cpp.aotstats
[121/247] Generating .rcc/qmlcache/time-arc_qml/mobile/components/MobileSeasonScene_qml.cpp, .rcc/qmlcache/time-arc_qml/mobile/components/MobileSeasonScene_qml.cpp.aotstats
[122/247] Generating .rcc/qmlcache/time-arc_qml/mobile/components/MobileShareActionBar_qml.cpp, .rcc/qmlcache/time-arc_qml/mobile/components/MobileShareActionBar_qml.cpp.aotstats
[123/247] Generating .rcc/qmlcache/time-arc_qml/mobile/components/MobileRoundedFrame_qml.cpp, .rcc/qmlcache/time-arc_qml/mobile/components/MobileRoundedFrame_qml.cpp.aotstats
[124/247] Generating .rcc/qmlcache/time-arc_qml/mobile/components/monthly/MonthlyCoverPage_qml.cpp, .rcc/qmlcache/time-arc_qml/mobile/components/monthly/MonthlyCoverPage_qml.cpp.aotstats
[125/247] Generating .rcc/qmlcache/time-arc_qml/mobile/components/monthly/MonthlyHighlightPage_qml.cpp, .rcc/qmlcache/time-arc_qml/mobile/components/monthly/MonthlyHighlightPage_qml.cpp.aotstats
[126/247] Generating .rcc/qmlcache/time-arc_qml/mobile/components/MobileRankingShareOverlay_qml.cpp, .rcc/qmlcache/time-arc_qml/mobile/components/MobileRankingShareOverlay_qml.cpp.aotstats
[127/247] Generating .rcc/qmlcache/time-arc_qml/mobile/components/monthly/MonthlyOverviewPage_qml.cpp, .rcc/qmlcache/time-arc_qml/mobile/components/monthly/MonthlyOverviewPage_qml.cpp.aotstats
[128/247] Generating .rcc/qmlcache/time-arc_qml/mobile/components/MobileMonthlyStory_qml.cpp, .rcc/qmlcache/time-arc_qml/mobile/components/MobileMonthlyStory_qml.cpp.aotstats
[129/247] Generating .rcc/qmlcache/time-arc_qml/mobile/MobileAppShell_qml.cpp, .rcc/qmlcache/time-arc_qml/mobile/MobileAppShell_qml.cpp.aotstats
[130/247] Generating .rcc/qmlcache/time-arc_qml/mobile/components/monthly/MonthlyCompanionPage_qml.cpp, .rcc/qmlcache/time-arc_qml/mobile/components/monthly/MonthlyCompanionPage_qml.cpp.aotstats
[131/247] Generating .rcc/qmlcache/time-arc_qml/mobile/components/monthly/MonthlyRankingPage_qml.cpp, .rcc/qmlcache/time-arc_qml/mobile/components/monthly/MonthlyRankingPage_qml.cpp.aotstats
[132/247] Generating .rcc/qmlcache/time-arc_qml/mobile/components/monthly/MonthlySharePage_qml.cpp, .rcc/qmlcache/time-arc_qml/mobile/components/monthly/MonthlySharePage_qml.cpp.aotstats
[133/247] Building CXX object CMakeFiles/time-arc.dir/src/services/mobile/android_usage_jni_bridge.cpp.o
[134/247] Building CXX object CMakeFiles/time-arc.dir/src/services/app_repository.cpp.o
[135/247] Building CXX object CMakeFiles/time-arc.dir/src/services/media_session_repository.cpp.o
[136/247] Building CXX object CMakeFiles/time-arc.dir/src/services/frontmost_session_repository.cpp.o
[137/247] Building CXX object CMakeFiles/time-arc.dir/src/main.cpp.o
[138/247] Building CXX object CMakeFiles/time-arc.dir/time-arc_autogen/mocs_compilation.cpp.o
[139/247] Building CXX object CMakeFiles/time-arc.dir/src/services/mobile/mobile_usage_repository.cpp.o
[140/247] Building CXX object CMakeFiles/time-arc.dir/src/services/manual_project_repository.cpp.o
[141/247] Building CXX object CMakeFiles/time-arc.dir/src/services/database_manager.cpp.o
[142/247] Building CXX object CMakeFiles/time-arc.dir/src/services/calendar_manager.cpp.o
[143/247] Building CXX object CMakeFiles/time-arc.dir/src/services/timer_manager.cpp.o
[144/247] Building CXX object CMakeFiles/time-arc.dir/src/services/stats_service.cpp.o
[145/247] Building CXX object CMakeFiles/time-arc.dir/src/services/settings_repository.cpp.o
[146/247] Building CXX object CMakeFiles/time-arc.dir/src/services/tag_repository.cpp.o
[147/247] Building CXX object CMakeFiles/time-arc.dir/src/services/mobile/mobile_ui_service.cpp.o
[148/247] Building OBJCXX object CMakeFiles/time-arc.dir/src/services/macos/macos_launch_agent.mm.o
[149/247] Building CXX object CMakeFiles/time-arc.dir/build-macos/.qt/rcc/qrc_qmake_time_arc.cpp.o
[150/247] Building CXX object CMakeFiles/time-arc.dir/src/services/harness_logger.cpp.o
[151/247] Building CXX object CMakeFiles/time-arc.dir/src/services/macos/macos_status_bar_icon.cpp.o
[152/247] Building CXX object CMakeFiles/time-arc.dir/src/services/project_manager.cpp.o
[153/247] Building CXX object CMakeFiles/time-arc.dir/time-arc_qmltyperegistrations.cpp.o
[154/247] Building CXX object CMakeFiles/time-arc.dir/src/services/app_icon_image_provider.cpp.o
[155/247] Building OBJCXX object CMakeFiles/time-arc.dir/src/services/macos/macos_traffic_lights.mm.o
[156/247] Building CXX object CMakeFiles/time-arc.dir/build-macos/.rcc/qmlcache/time-arc_qml/main_qml.cpp.o
[157/247] Building CXX object CMakeFiles/time-arc.dir/build-macos/.rcc/qmlcache/time-arc_qmlcache_loader.cpp.o
[158/247] Building CXX object CMakeFiles/time-arc.dir/src/services/mobile/mobile_usage_service.cpp.o
[159/247] Building CXX object CMakeFiles/time-arc.dir/build-macos/.rcc/qmlcache/time-arc_qml/desktop/pages/DesktopTimerPage_qml.cpp.o
[160/247] Building CXX object CMakeFiles/time-arc.dir/build-macos/.rcc/qmlcache/time-arc_qml/desktop/pages/DesktopHomePage_qml.cpp.o
[161/247] Building CXX object CMakeFiles/time-arc.dir/build-macos/.rcc/qmlcache/time-arc_qml/desktop/pages/DesktopMonthlyRecapPage_qml.cpp.o
[162/247] Building CXX object CMakeFiles/time-arc.dir/build-macos/.rcc/qmlcache/time-arc_qml/desktop/pages/DesktopMemoryLakePage_qml.cpp.o
[163/247] Building CXX object CMakeFiles/time-arc.dir/src/services/daily_card_service.cpp.o
[164/247] Building CXX object CMakeFiles/time-arc.dir/build-macos/.rcc/qmlcache/time-arc_qml/desktop/components/SoftCard_qml.cpp.o
[165/247] Building CXX object CMakeFiles/time-arc.dir/build-macos/.rcc/qmlcache/time-arc_qml/desktop/DesktopAppShell_qml.cpp.o
[166/247] Building CXX object CMakeFiles/time-arc.dir/build-macos/.rcc/qmlcache/time-arc_qml/desktop/components/WindowChrome_qml.cpp.o
[167/247] Building CXX object CMakeFiles/time-arc.dir/build-macos/.rcc/qmlcache/time-arc_qml/desktop/components/DesktopDailyCardView_qml.cpp.o
[168/247] Building CXX object CMakeFiles/time-arc.dir/build-macos/.rcc/qmlcache/time-arc_qml/desktop/components/SoftPill_qml.cpp.o
[169/247] Building CXX object CMakeFiles/time-arc.dir/src/services/usage_stat_manager.cpp.o
[170/247] Building CXX object CMakeFiles/time-arc.dir/build-macos/.rcc/qmlcache/time-arc_qml/desktop/components/SoftButton_qml.cpp.o
[171/247] Building CXX object CMakeFiles/time-arc.dir/build-macos/.rcc/qmlcache/time-arc_qml/desktop/components/AppVisual_js.cpp.o
[172/247] Building CXX object CMakeFiles/time-arc.dir/build-macos/.rcc/qmlcache/time-arc_qml/desktop/components/I18n_js.cpp.o
[173/247] Building CXX object CMakeFiles/time-arc.dir/build-macos/.rcc/qmlcache/time-arc_qml/desktop/components/TagPalette_js.cpp.o
[174/247] Building CXX object CMakeFiles/time-arc.dir/build-macos/.rcc/qmlcache/time-arc_qml/desktop/pages/DesktopStatsPage_qml.cpp.o
[175/247] Building CXX object CMakeFiles/time-arc.dir/build-macos/.rcc/qmlcache/time-arc_qml/desktop/memorylake/MemoDotTexture_qml.cpp.o
[176/247] Building CXX object CMakeFiles/time-arc.dir/build-macos/.rcc/qmlcache/time-arc_qml/desktop/memorylake/GenerativeCover_qml.cpp.o
[177/247] Building CXX object CMakeFiles/time-arc.dir/build-macos/.rcc/qmlcache/time-arc_qml/desktop/memorylake/MemoryLakeStyle_qml.cpp.o
[178/247] Building CXX object CMakeFiles/time-arc.dir/build-macos/.rcc/qmlcache/time-arc_qml/desktop/memorylake/MemoInkCanvas_qml.cpp.o
[179/247] Building CXX object CMakeFiles/time-arc.dir/build-macos/.rcc/qmlcache/time-arc_qml/desktop/components/AchievementToast_qml.cpp.o
[180/247] Building CXX object CMakeFiles/time-arc.dir/build-macos/.rcc/qmlcache/time-arc_qml/desktop/pages/DesktopProfilePage_qml.cpp.o
[181/247] Building CXX object CMakeFiles/time-arc.dir/build-macos/.rcc/qmlcache/time-arc_qml/desktop/memorylake/MemoToolGlyph_qml.cpp.o
[182/247] Building CXX object CMakeFiles/time-arc.dir/build-macos/.rcc/qmlcache/time-arc_qml/desktop/memorylake/MemoToolbar_qml.cpp.o
[183/247] Building CXX object CMakeFiles/time-arc.dir/build-macos/.rcc/qmlcache/time-arc_qml/desktop/memorylake/PixelTomato_qml.cpp.o
[184/247] Building CXX object CMakeFiles/time-arc.dir/build-macos/.rcc/qmlcache/time-arc_qml/desktop/memorylake/TextLayer_qml.cpp.o
[185/247] Building CXX object CMakeFiles/time-arc.dir/build-macos/.rcc/qmlcache/time-arc_qml/desktop/memorylake/MemoPageFolder_qml.cpp.o
[186/247] Building CXX object CMakeFiles/time-arc.dir/build-macos/.rcc/qmlcache/time-arc_qml/desktop/memorylake/MemoOverlay_qml.cpp.o
[187/247] Building CXX object CMakeFiles/time-arc.dir/build-macos/.rcc/qmlcache/time-arc_qml/desktop/memorylake/StickyNote_qml.cpp.o
[188/247] Building CXX object CMakeFiles/time-arc.dir/build-macos/.rcc/qmlcache/time-arc_qml/desktop/memorylake/PomodoroCompleteOverlay_qml.cpp.o
[189/247] Building CXX object CMakeFiles/time-arc.dir/build-macos/.rcc/qmlcache/time-arc_qml/desktop/pages/DesktopCalenderPage_qml.cpp.o
[190/247] Building CXX object CMakeFiles/time-arc.dir/build-macos/.rcc/qmlcache/time-arc_qml/desktop/memorylake/GlowCircle_qml.cpp.o
[191/247] Building CXX object CMakeFiles/time-arc.dir/build-macos/.rcc/qmlcache/time-arc_qml/desktop/memorylake/GlassPanel_qml.cpp.o
[192/247] Building CXX object CMakeFiles/time-arc.dir/build-macos/.rcc/qmlcache/time-arc_qml/desktop/memorylake/GridTexture_qml.cpp.o
[193/247] Building CXX object CMakeFiles/time-arc.dir/build-macos/.rcc/qmlcache/time-arc_qml/desktop/memorylake/PomodoroWidget_qml.cpp.o
[194/247] Building CXX object CMakeFiles/time-arc.dir/build-macos/.rcc/qmlcache/time-arc_qml/desktop/memorylake/MemoDatePicker_qml.cpp.o
[195/247] Building CXX object CMakeFiles/time-arc.dir/build-macos/.rcc/qmlcache/time-arc_qml/desktop/memorylake/AmbientBackground_qml.cpp.o
[196/247] Building CXX object CMakeFiles/time-arc.dir/build-macos/.rcc/qmlcache/time-arc_qml/desktop/memorylake/RoundedFrame_qml.cpp.o
[197/247] Building CXX object CMakeFiles/time-arc.dir/build-macos/.rcc/qmlcache/time-arc_qml/desktop/memorylake/FrostCard_qml.cpp.o
[198/247] Building CXX object CMakeFiles/time-arc.dir/build-macos/.rcc/qmlcache/time-arc_qml/desktop/memorylake/UsageRankList_qml.cpp.o
[199/247] Building CXX object CMakeFiles/time-arc.dir/build-macos/.rcc/qmlcache/time-arc_qml/desktop/memorylake/DetailPanel_qml.cpp.o
[200/247] Building CXX object CMakeFiles/time-arc.dir/build-macos/.rcc/qmlcache/time-arc_qml/desktop/memorylake/TimeRiver_qml.cpp.o
[201/247] Building CXX object CMakeFiles/time-arc.dir/build-macos/.rcc/qmlcache/time-arc_qml/desktop/memorylake/CardCarousel_qml.cpp.o
[202/247] Building CXX object CMakeFiles/time-arc.dir/build-macos/.rcc/qmlcache/time-arc_qml/desktop/memorylake/TagChip_qml.cpp.o
[203/247] Building CXX object CMakeFiles/time-arc.dir/build-macos/.rcc/qmlcache/time-arc_qml/desktop/memorylake/MemoryCard_qml.cpp.o
[204/247] Building CXX object CMakeFiles/time-arc.dir/build-macos/.rcc/qmlcache/time-arc_qml/desktop/memorylake/TodayConclusionCard_qml.cpp.o
[205/247] Building CXX object CMakeFiles/time-arc.dir/build-macos/.rcc/qmlcache/time-arc_qml/desktop/memorylake/CalendarSyncList_qml.cpp.o
[206/247] Building CXX object CMakeFiles/time-arc.dir/build-macos/.rcc/qmlcache/time-arc_qml/desktop/memorylake/SilkyFlickable_qml.cpp.o
[207/247] Building CXX object CMakeFiles/time-arc.dir/build-macos/.rcc/qmlcache/time-arc_qml/desktop/memorylake/GlassSwitch_qml.cpp.o
[208/247] Building CXX object CMakeFiles/time-arc.dir/build-macos/.rcc/qmlcache/time-arc_qml/desktop/memorylake/DailyUsageShare_qml.cpp.o
[209/247] Building CXX object CMakeFiles/time-arc.dir/build-macos/.rcc/qmlcache/time-arc_qml/desktop/memorylake/KbdChip_qml.cpp.o
[210/247] Building CXX object CMakeFiles/time-arc.dir/build-macos/.rcc/qmlcache/time-arc_qml/desktop/memorylake/GlassSlider_qml.cpp.o
[211/247] Building CXX object CMakeFiles/time-arc.dir/build-macos/.rcc/qmlcache/time-arc_qml/desktop/memorylake/GlassTextField_qml.cpp.o
[212/247] Building CXX object CMakeFiles/time-arc.dir/build-macos/.rcc/qmlcache/time-arc_qml/desktop/memorylake/GlassComboBox_qml.cpp.o
[213/247] Building CXX object CMakeFiles/time-arc.dir/build-macos/.rcc/qmlcache/time-arc_qml/desktop/memorylake/RecapSlide_qml.cpp.o
[214/247] Building CXX object CMakeFiles/time-arc.dir/build-macos/.rcc/qmlcache/time-arc_qml/desktop/memorylake/NotifierTray_qml.cpp.o
[215/247] Building CXX object CMakeFiles/time-arc.dir/build-macos/.rcc/qmlcache/time-arc_qml/desktop/memorylake/RecapOverlay_qml.cpp.o
[216/247] Building CXX object CMakeFiles/time-arc.dir/build-macos/.rcc/qmlcache/time-arc_qml/mobile/components/MobileStatusBar_qml.cpp.o
[217/247] Building CXX object CMakeFiles/time-arc.dir/build-macos/.rcc/qmlcache/time-arc_qml/mobile/MobileAppShell_qml.cpp.o
[218/247] Building CXX object CMakeFiles/time-arc.dir/build-macos/.rcc/qmlcache/time-arc_qml/mobile/components/MobileSectionTitle_qml.cpp.o
[219/247] Building CXX object CMakeFiles/time-arc.dir/build-macos/.rcc/qmlcache/time-arc_qml/mobile/components/MobileSwitch_qml.cpp.o
[220/247] Building CXX object CMakeFiles/time-arc.dir/build-macos/.rcc/qmlcache/time-arc_qml/mobile/pages/MobileHomePage_qml.cpp.o
[221/247] Building CXX object CMakeFiles/time-arc.dir/build-macos/.rcc/qmlcache/time-arc_qml/mobile/MobileTheme_qml.cpp.o
[222/247] Building CXX object CMakeFiles/time-arc.dir/build-macos/.rcc/qmlcache/time-arc_qml/mobile/pages/MobileStatsPage_qml.cpp.o
[223/247] Building CXX object CMakeFiles/time-arc.dir/build-macos/.rcc/qmlcache/time-arc_qml/mobile/pages/MobileHistoryPage_qml.cpp.o
[224/247] Building CXX object CMakeFiles/time-arc.dir/build-macos/.rcc/qmlcache/time-arc_qml/mobile/components/MobileGlassPanel_qml.cpp.o
[225/247] Building CXX object CMakeFiles/time-arc.dir/build-macos/.rcc/qmlcache/time-arc_qml/mobile/components/MobileTabButton_qml.cpp.o
[226/247] Building CXX object CMakeFiles/time-arc.dir/build-macos/.rcc/qmlcache/time-arc_qml/mobile/components/MobileSettingRow_qml.cpp.o
[227/247] Building CXX object CMakeFiles/time-arc.dir/build-macos/.rcc/qmlcache/time-arc_qml/mobile/components/MobileAppIcon_qml.cpp.o
[228/247] Building CXX object CMakeFiles/time-arc.dir/build-macos/.rcc/qmlcache/time-arc_qml/mobile/components/MobileUsageRankRow_qml.cpp.o
[229/247] Building CXX object CMakeFiles/time-arc.dir/build-macos/.rcc/qmlcache/time-arc_qml/mobile/pages/MobileSettingsPage_qml.cpp.o
[230/247] Building CXX object CMakeFiles/time-arc.dir/build-macos/.rcc/qmlcache/time-arc_qml/mobile/components/MobileMonthProfiles_js.cpp.o
[231/247] Building CXX object CMakeFiles/time-arc.dir/build-macos/.rcc/qmlcache/time-arc_qml/mobile/components/MobileFlipCard_qml.cpp.o
[232/247] Building CXX object CMakeFiles/time-arc.dir/build-macos/.rcc/qmlcache/time-arc_qml/mobile/components/MobileShareOverlay_qml.cpp.o
[233/247] Building CXX object CMakeFiles/time-arc.dir/build-macos/.rcc/qmlcache/time-arc_qml/mobile/components/MobileRoundedFrame_qml.cpp.o
[234/247] Building CXX object CMakeFiles/time-arc.dir/build-macos/.rcc/qmlcache/time-arc_qml/mobile/components/MobileShareActionBar_qml.cpp.o
[235/247] Building CXX object CMakeFiles/time-arc.dir/build-macos/.qt/rcc/qrc_time-arc_raw_qml_0.cpp.o
[236/247] Building CXX object CMakeFiles/time-arc.dir/build-macos/.qt/rcc/qrc_time-arc_raw_res_0.cpp.o
[237/247] Building CXX object CMakeFiles/time-arc.dir/build-macos/.qt/rcc/qrc_time-arc_raw_qml_0_extra_qmldirs.cpp.o
[238/247] Building CXX object CMakeFiles/time-arc.dir/build-macos/.rcc/qmlcache/time-arc_qml/mobile/components/monthly/MonthlyCoverPage_qml.cpp.o
[239/247] Building CXX object CMakeFiles/time-arc.dir/build-macos/.rcc/qmlcache/time-arc_qml/mobile/components/MobileMonthlyStory_qml.cpp.o
[240/247] Building CXX object CMakeFiles/time-arc.dir/build-macos/.rcc/qmlcache/time-arc_qml/mobile/components/MobileRankingShareOverlay_qml.cpp.o
[241/247] Building CXX object CMakeFiles/time-arc.dir/build-macos/.rcc/qmlcache/time-arc_qml/mobile/components/monthly/MonthlyOverviewPage_qml.cpp.o
[242/247] Building CXX object CMakeFiles/time-arc.dir/build-macos/.rcc/qmlcache/time-arc_qml/mobile/components/monthly/MonthlyHighlightPage_qml.cpp.o
[243/247] Building CXX object CMakeFiles/time-arc.dir/build-macos/.rcc/qmlcache/time-arc_qml/mobile/components/MobileSeasonScene_qml.cpp.o
[244/247] Building CXX object CMakeFiles/time-arc.dir/build-macos/.rcc/qmlcache/time-arc_qml/mobile/components/monthly/MonthlyCompanionPage_qml.cpp.o
[245/247] Building CXX object CMakeFiles/time-arc.dir/build-macos/.rcc/qmlcache/time-arc_qml/mobile/components/monthly/MonthlyRankingPage_qml.cpp.o
[246/247] Building CXX object CMakeFiles/time-arc.dir/build-macos/.rcc/qmlcache/time-arc_qml/mobile/components/monthly/MonthlySharePage_qml.cpp.o
[247/247] Linking CXX executable TimeArc.app/Contents/MacOS/TimeArc
