[  2%] Built target time-arc-parson
[  3%] Built target time-arc_copy_qml
[  4%] Built target time-arc_copy_res
[  6%] Built target generate_qmlls_build_ini_file
[  7%] Built target time-arc_qmlimportscan
[  9%] Built target time-arc-sqlite3
[  9%] Built target time-arc_autogen_timestamp_deps
[  9%] Built target time-arc_autogen
[ 10%] Linking CXX executable TimeArc.exe
[ 73%] Built target time-arc
[ 73%] Built target timearc_db_smoke_autogen_timestamp_deps
[ 74%] Automatic MOC and UIC for target timearc_db_smoke
[ 74%] Built target timearc_db_smoke_autogen
[ 75%] Building CXX object CMakeFiles/timearc_db_smoke.dir/timearc_db_smoke_autogen/mocs_compilation.cpp.obj
[ 76%] Building CXX object CMakeFiles/timearc_db_smoke.dir/tests/db_smoke.cpp.obj
[ 78%] Building CXX object CMakeFiles/timearc_db_smoke.dir/src/services/app_repository.cpp.obj
[ 79%] Building CXX object CMakeFiles/timearc_db_smoke.dir/src/services/frontmost_session_repository.cpp.obj
[ 80%] Building CXX object CMakeFiles/timearc_db_smoke.dir/src/services/manual_project_repository.cpp.obj
[ 81%] Building CXX object CMakeFiles/timearc_db_smoke.dir/src/services/media_session_repository.cpp.obj
[ 82%] Building CXX object CMakeFiles/timearc_db_smoke.dir/src/services/settings_repository.cpp.obj
[ 84%] Building CXX object CMakeFiles/timearc_db_smoke.dir/src/services/stats_service.cpp.obj
[ 85%] Building CXX object CMakeFiles/timearc_db_smoke.dir/src/services/calendar_manager.cpp.obj
[ 86%] Building CXX object CMakeFiles/timearc_db_smoke.dir/src/services/project_manager.cpp.obj
[ 87%] Linking CXX executable timearc_db_smoke.exe
[ 89%] Built target timearc_db_smoke
[100%] Built target time_arc_service
