[1/2] Building CXX object CMakeFiles/timearc_db_smoke.dir/tests/db_smoke.cpp.obj
FAILED: CMakeFiles/timearc_db_smoke.dir/tests/db_smoke.cpp.obj 
D:\TimeArc\QT\Tools\mingw1310_64\bin\g++.exe -DMINGW_HAS_SECURE_API=1 -DQT_CORE_LIB -DQT_NO_DEBUG -DQT_SQL_LIB -DUNICODE -DWIN32 -DWIN64 -D_ENABLE_EXTENDED_ALIGNED_STORAGE -D_UNICODE -D_WIN64 -ID:/TimeArc/worktrees/adapter-support-system/build/timearc_db_smoke_autogen/include -ID:/TimeArc/worktrees/adapter-support-system/src -ID:/TimeArc/worktrees/adapter-support-system/src/services -isystem D:/TimeArc/QT/6.11.0/mingw_64/include/QtCore -isystem D:/TimeArc/QT/6.11.0/mingw_64/include -isystem D:/TimeArc/QT/6.11.0/mingw_64/mkspecs/win32-g++ -isystem D:/TimeArc/QT/6.11.0/mingw_64/include/QtSql -O3 -DNDEBUG -std=gnu++17 -MD -MT CMakeFiles/timearc_db_smoke.dir/tests/db_smoke.cpp.obj -MF CMakeFiles\timearc_db_smoke.dir\tests\db_smoke.cpp.obj.d -o CMakeFiles/timearc_db_smoke.dir/tests/db_smoke.cpp.obj -c D:/TimeArc/worktrees/adapter-support-system/tests/db_smoke.cpp
In file included from D:/TimeArc/worktrees/adapter-support-system/src/services/adapters/activity_adapter_registry.h:8,
                 from D:/TimeArc/worktrees/adapter-support-system/tests/db_smoke.cpp:30:
D:/TimeArc/worktrees/adapter-support-system/src/services/adapters/adapter_metadata.h: In function 'QString TimeArcAdapters::fallbackAppIdentifier(const AdapterInput&)':
D:/TimeArc/worktrees/adapter-support-system/src/services/adapters/adapter_metadata.h:164:52: error: passing 'const QString' as 'this' argument discards qualifiers [-fpermissive]
  164 |     return QStringLiteral("app:") + appName.replace(QStringLiteral(" "),
      |                                     ~~~~~~~~~~~~~~~^~~~~~~~~~~~~~~~~~~~~
  165 |                                                     QStringLiteral("-"));
      |                                                     ~~~~~~~~~~~~~~~~~~~~
In file included from D:/TimeArc/QT/6.11.0/mingw_64/include/QtCore/qcoreapplication.h:8,
                 from D:/TimeArc/QT/6.11.0/mingw_64/include/QtCore/QCoreApplication:1,
                 from D:/TimeArc/worktrees/adapter-support-system/tests/db_smoke.cpp:1:
D:/TimeArc/QT/6.11.0/mingw_64/include/QtCore/qstring.h:693:14: note:   in call to 'QString& QString::replace(const QString&, const QString&, Qt::CaseSensitivity)'
  693 |     QString &replace(const QString &before, const QString &after,
      |              ^~~~~~~
D:/TimeArc/worktrees/adapter-support-system/tests/db_smoke.cpp: In function 'int main(int, char**)':
D:/TimeArc/worktrees/adapter-support-system/tests/db_smoke.cpp:271:9: error: 'TimeArcSiteCatalog' does not name a type
  271 |   const TimeArcSiteCatalog::SiteDefinition* taobaoSite =
      |         ^~~~~~~~~~~~~~~~~~
D:/TimeArc/worktrees/adapter-support-system/tests/db_smoke.cpp:274:7: error: 'taobaoSite' was not declared in this scope
  274 |   if (taobaoSite == nullptr ||
      |       ^~~~~~~~~~
D:/TimeArc/worktrees/adapter-support-system/tests/db_smoke.cpp:281:9: error: 'TimeArcSiteCatalog' does not name a type
  281 |   const TimeArcSiteCatalog::SiteDefinition* zhihuSite =
      |         ^~~~~~~~~~~~~~~~~~
D:/TimeArc/worktrees/adapter-support-system/tests/db_smoke.cpp:284:7: error: 'zhihuSite' was not declared in this scope
  284 |   if (zhihuSite == nullptr ||
      |       ^~~~~~~~~
D:/TimeArc/worktrees/adapter-support-system/tests/db_smoke.cpp:291:9: error: 'TimeArcSiteCatalog' does not name a type
  291 |   const TimeArcSiteCatalog::SiteDefinition* xiaohongshuSite =
      |         ^~~~~~~~~~~~~~~~~~
D:/TimeArc/worktrees/adapter-support-system/tests/db_smoke.cpp:294:7: error: 'xiaohongshuSite' was not declared in this scope
  294 |   if (xiaohongshuSite == nullptr ||
      |       ^~~~~~~~~~~~~~~
D:/TimeArc/worktrees/adapter-support-system/tests/db_smoke.cpp:334:11: error: 'TimeArcSiteCatalog' does not name a type
  334 |     const TimeArcSiteCatalog::SiteDefinition* site =
      |           ^~~~~~~~~~~~~~~~~~
D:/TimeArc/worktrees/adapter-support-system/tests/db_smoke.cpp:336:9: error: 'site' was not declared in this scope
  336 |     if (site == nullptr || site->siteId != siteCase.siteId ||
      |         ^~~~
D:/TimeArc/worktrees/adapter-support-system/tests/db_smoke.cpp:350:11: error: 'TimeArcSiteCatalog' does not name a type
  350 |     const TimeArcSiteCatalog::SiteDefinition* site =
      |           ^~~~~~~~~~~~~~~~~~
D:/TimeArc/worktrees/adapter-support-system/tests/db_smoke.cpp:352:9: error: 'site' was not declared in this scope
  352 |     if (site == nullptr || site->siteId != siteCase.siteId) {
      |         ^~~~
D:/TimeArc/worktrees/adapter-support-system/tests/db_smoke.cpp:358:9: error: 'TimeArcSiteCatalog' does not name a type
  358 |   const TimeArcSiteCatalog::SiteDefinition* unknownSite =
      |         ^~~~~~~~~~~~~~~~~~
D:/TimeArc/worktrees/adapter-support-system/tests/db_smoke.cpp:361:7: error: 'unknownSite' was not declared in this scope; did you mean 'unknownWebsite'?
  361 |   if (unknownSite != nullptr) {
      |       ^~~~~~~~~~~
      |       unknownWebsite
ninja: build stopped: subcommand failed.
