[1/245] Copying time-arc qml resources into build dir
[2/245] Copying time-arc qml sources into build dir
[3/245] Generating timearc-backgrounds.rcc
[4/245] Generating timearc-site-icons.rcc
[5/245] Copying OS X Content TimeArc.app/Contents/Resources/TimeArc.icns
[6/245] Generating timearc-monthly-recap.rcc
[7/245] Copying OS X Content TimeArc.app/Contents/Library/LaunchAgents/com.timearc.service.plist
[8/245] Populating .qmlls.ini file at /Users/jz2025/Desktop/Development/TimeArc/build-macos/.qt/.qmlls.build.ini
[9/245] Building C object src/service/CMakeFiles/time_arc_service.dir/shared/data_bridge.c.o
[10/245] Building C object src/service/CMakeFiles/time_arc_service.dir/shared/database_path.c.o
[11/245] Building C object src/service/CMakeFiles/time_arc_service.dir/shared/database_storage.c.o
[12/245] Automatic MOC and UIC for target timearc_resource_bundle_smoke
[13/245] Building CXX object CMakeFiles/timearc_resource_bundle_smoke.dir/timearc_resource_bundle_smoke_autogen/mocs_compilation.cpp.o
[14/245] Running qmlimportscanner for time-arc
[15/245] Building C object thirdparty/parson/CMakeFiles/time-arc-parson.dir/parson.c.o
[16/245] Linking C static library thirdparty/parson/libtime-arc-parson.a
[17/245] Automatic MOC and UIC for target timearc_db_smoke
[18/245] Building CXX object CMakeFiles/timearc_resource_bundle_smoke.dir/tests/resource_bundle_smoke.cpp.o
[19/245] Building Swift Module 'time_arc_service' with 12 sources
[20/245] Building CXX object CMakeFiles/timearc_db_smoke.dir/src/services/app_repository.cpp.o
[21/245] Building CXX object CMakeFiles/timearc_db_smoke.dir/timearc_db_smoke_autogen/mocs_compilation.cpp.o
[22/245] Building CXX object CMakeFiles/timearc_db_smoke.dir/src/services/frontmost_session_repository.cpp.o
[23/245] Building CXX object CMakeFiles/timearc_db_smoke.dir/src/services/manual_project_repository.cpp.o
[24/245] Building CXX object CMakeFiles/timearc_db_smoke.dir/src/services/database_manager.cpp.o
[25/245] Building CXX object CMakeFiles/timearc_db_smoke.dir/src/services/media_session_repository.cpp.o
[26/245] Building CXX object CMakeFiles/timearc_db_smoke.dir/src/services/mobile/android_usage_jni_bridge.cpp.o
[27/245] Linking CXX executable timearc_resource_bundle_smoke
[28/245] Building CXX object CMakeFiles/timearc_db_smoke.dir/src/services/mobile/mobile_usage_repository.cpp.o
[29/245] Building CXX object CMakeFiles/timearc_db_smoke.dir/src/services/calendar_manager.cpp.o
[30/245] Building CXX object CMakeFiles/timearc_db_smoke.dir/src/services/settings_repository.cpp.o
[31/245] Building CXX object CMakeFiles/timearc_db_smoke.dir/src/services/stats_service.cpp.o
[32/245] Building CXX object CMakeFiles/timearc_db_smoke.dir/src/services/project_manager.cpp.o
[33/245] Building CXX object CMakeFiles/timearc_db_smoke.dir/src/services/mobile/mobile_usage_service.cpp.o
[34/245] Building CXX object CMakeFiles/timearc_db_smoke.dir/src/services/daily_card_service.cpp.o
[35/245] Building CXX object CMakeFiles/timearc_db_smoke.dir/tests/db_smoke.cpp.o
[36/245] Linking CXX executable timearc_db_smoke
[37/245] Building C object thirdparty/sqlite3/CMakeFiles/time-arc-sqlite3.dir/sqlite3.c.o
[38/245] Linking C static library thirdparty/sqlite3/libtime-arc-sqlite3.a
[39/245] Linking Swift executable src/service/time-arc-service
[40/245] Automatic MOC and UIC for target time-arc
[41/245] Running AUTOMOC file extraction for target time-arc
[42/245] Running moc --collect-json for target time-arc
[43/245] Running rcc for resource time-arc_raw_qml_0_extra_qmldirs
[44/245] Running rcc for resource qmake_time_arc
[45/245] Generating .rcc/qmlcache/time-arc_qmlcache_loader.cpp
[46/245] Running rcc for resource time-arc_raw_res_0
[47/245] Automatic QML type registration for target time-arc
[48/245] Generating .rcc/qmlcache/time-arc_qml/desktop/pages/DesktopTimerPage_qml.cpp, .rcc/qmlcache/time-arc_qml/desktop/pages/DesktopTimerPage_qml.cpp.aotstats
[49/245] Generating .rcc/qmlcache/time-arc_qml/desktop/pages/DesktopMonthlyRecapPage_qml.cpp, .rcc/qmlcache/time-arc_qml/desktop/pages/DesktopMonthlyRecapPage_qml.cpp.aotstats
[50/245] Generating .rcc/qmlcache/time-arc_qml/desktop/components/WindowChrome_qml.cpp, .rcc/qmlcache/time-arc_qml/desktop/components/WindowChrome_qml.cpp.aotstats
[51/245] Generating .rcc/qmlcache/time-arc_qml/desktop/components/SoftCard_qml.cpp, .rcc/qmlcache/time-arc_qml/desktop/components/SoftCard_qml.cpp.aotstats
[52/245] Generating .rcc/qmlcache/time-arc_qml/desktop/pages/DesktopMemoryLakePage_qml.cpp, .rcc/qmlcache/time-arc_qml/desktop/pages/DesktopMemoryLakePage_qml.cpp.aotstats
[53/245] Generating .rcc/qmlcache/time-arc_qml/desktop/pages/DesktopHomePage_qml.cpp, .rcc/qmlcache/time-arc_qml/desktop/pages/DesktopHomePage_qml.cpp.aotstats
[54/245] Generating .rcc/qmlcache/time-arc_qml/desktop/components/DesktopDailyCardView_qml.cpp, .rcc/qmlcache/time-arc_qml/desktop/components/DesktopDailyCardView_qml.cpp.aotstats
[55/245] Generating .rcc/qmlcache/time-arc_qml/desktop/components/SoftPill_qml.cpp, .rcc/qmlcache/time-arc_qml/desktop/components/SoftPill_qml.cpp.aotstats
[56/245] Generating .rcc/qmlcache/time-arc_qml/desktop/DesktopAppShell_qml.cpp, .rcc/qmlcache/time-arc_qml/desktop/DesktopAppShell_qml.cpp.aotstats
[57/245] Generating .rcc/qmlcache/time-arc_qml/desktop/components/AppVisual_js.cpp
[58/245] Generating .rcc/qmlcache/time-arc_qml/desktop/components/SoftButton_qml.cpp, .rcc/qmlcache/time-arc_qml/desktop/components/SoftButton_qml.cpp.aotstats
[59/245] Generating .rcc/qmlcache/time-arc_qml/desktop/components/TagPalette_js.cpp
[60/245] Generating .rcc/qmlcache/time-arc_qml/desktop/components/I18n_js.cpp
[61/245] Generating .rcc/qmlcache/time-arc_qml/desktop/components/AchievementToast_qml.cpp, .rcc/qmlcache/time-arc_qml/desktop/components/AchievementToast_qml.cpp.aotstats
[62/245] Generating .rcc/qmlcache/time-arc_qml/desktop/pages/DesktopStatsPage_qml.cpp, .rcc/qmlcache/time-arc_qml/desktop/pages/DesktopStatsPage_qml.cpp.aotstats
[63/245] Generating .rcc/qmlcache/time-arc_qml/desktop/memorylake/GenerativeCover_qml.cpp, .rcc/qmlcache/time-arc_qml/desktop/memorylake/GenerativeCover_qml.cpp.aotstats
[64/245] Generating .rcc/qmlcache/time-arc_qml/desktop/memorylake/MemoryLakeStyle_qml.cpp, .rcc/qmlcache/time-arc_qml/desktop/memorylake/MemoryLakeStyle_qml.cpp.aotstats
[65/245] Generating .rcc/qmlcache/time-arc_qml/desktop/memorylake/MemoDotTexture_qml.cpp, .rcc/qmlcache/time-arc_qml/desktop/memorylake/MemoDotTexture_qml.cpp.aotstats
[66/245] Generating .rcc/qmlcache/time-arc_qml/main_qml.cpp, .rcc/qmlcache/time-arc_qml/main_qml.cpp.aotstats
[67/245] Generating .rcc/qmlcache/time-arc_qml/desktop/memorylake/MemoInkCanvas_qml.cpp, .rcc/qmlcache/time-arc_qml/desktop/memorylake/MemoInkCanvas_qml.cpp.aotstats
[68/245] Generating .rcc/qmlcache/time-arc_qml/desktop/memorylake/MemoToolGlyph_qml.cpp, .rcc/qmlcache/time-arc_qml/desktop/memorylake/MemoToolGlyph_qml.cpp.aotstats
[69/245] Generating .rcc/qmlcache/time-arc_qml/desktop/memorylake/MemoToolbar_qml.cpp, .rcc/qmlcache/time-arc_qml/desktop/memorylake/MemoToolbar_qml.cpp.aotstats
[70/245] Generating .rcc/qmlcache/time-arc_qml/desktop/memorylake/StickyNote_qml.cpp, .rcc/qmlcache/time-arc_qml/desktop/memorylake/StickyNote_qml.cpp.aotstats
[71/245] Generating .rcc/qmlcache/time-arc_qml/desktop/memorylake/TextLayer_qml.cpp, .rcc/qmlcache/time-arc_qml/desktop/memorylake/TextLayer_qml.cpp.aotstats
[72/245] Generating .rcc/qmlcache/time-arc_qml/desktop/memorylake/PixelTomato_qml.cpp, .rcc/qmlcache/time-arc_qml/desktop/memorylake/PixelTomato_qml.cpp.aotstats
[73/245] Generating .rcc/qmlcache/time-arc_qml/desktop/memorylake/MemoPageFolder_qml.cpp, .rcc/qmlcache/time-arc_qml/desktop/memorylake/MemoPageFolder_qml.cpp.aotstats
[74/245] Generating .rcc/qmlcache/time-arc_qml/desktop/memorylake/PomodoroCompleteOverlay_qml.cpp, .rcc/qmlcache/time-arc_qml/desktop/memorylake/PomodoroCompleteOverlay_qml.cpp.aotstats
[75/245] Generating .rcc/qmlcache/time-arc_qml/desktop/memorylake/GlassPanel_qml.cpp, .rcc/qmlcache/time-arc_qml/desktop/memorylake/GlassPanel_qml.cpp.aotstats
[76/245] Running rcc for resource time-arc_raw_qml_0
[77/245] Generating .rcc/qmlcache/time-arc_qml/desktop/pages/DesktopProfilePage_qml.cpp, .rcc/qmlcache/time-arc_qml/desktop/pages/DesktopProfilePage_qml.cpp.aotstats
[78/245] Generating .rcc/qmlcache/time-arc_qml/desktop/memorylake/GlowCircle_qml.cpp, .rcc/qmlcache/time-arc_qml/desktop/memorylake/GlowCircle_qml.cpp.aotstats
[79/245] Generating .rcc/qmlcache/time-arc_qml/desktop/memorylake/GridTexture_qml.cpp, .rcc/qmlcache/time-arc_qml/desktop/memorylake/GridTexture_qml.cpp.aotstats
[80/245] Generating .rcc/qmlcache/time-arc_qml/desktop/memorylake/MemoDatePicker_qml.cpp, .rcc/qmlcache/time-arc_qml/desktop/memorylake/MemoDatePicker_qml.cpp.aotstats
[81/245] Generating .rcc/qmlcache/time-arc_qml/desktop/memorylake/PomodoroWidget_qml.cpp, .rcc/qmlcache/time-arc_qml/desktop/memorylake/PomodoroWidget_qml.cpp.aotstats
[82/245] Generating .rcc/qmlcache/time-arc_qml/desktop/memorylake/AmbientBackground_qml.cpp, .rcc/qmlcache/time-arc_qml/desktop/memorylake/AmbientBackground_qml.cpp.aotstats
[83/245] Generating .rcc/qmlcache/time-arc_qml/desktop/memorylake/RoundedFrame_qml.cpp, .rcc/qmlcache/time-arc_qml/desktop/memorylake/RoundedFrame_qml.cpp.aotstats
[84/245] Generating .rcc/qmlcache/time-arc_qml/desktop/memorylake/FrostCard_qml.cpp, .rcc/qmlcache/time-arc_qml/desktop/memorylake/FrostCard_qml.cpp.aotstats
[85/245] Generating .rcc/qmlcache/time-arc_qml/desktop/memorylake/TimeRiver_qml.cpp, .rcc/qmlcache/time-arc_qml/desktop/memorylake/TimeRiver_qml.cpp.aotstats
[86/245] Generating .rcc/qmlcache/time-arc_qml/desktop/memorylake/UsageRankList_qml.cpp, .rcc/qmlcache/time-arc_qml/desktop/memorylake/UsageRankList_qml.cpp.aotstats
[87/245] Generating .rcc/qmlcache/time-arc_qml/desktop/memorylake/DetailPanel_qml.cpp, .rcc/qmlcache/time-arc_qml/desktop/memorylake/DetailPanel_qml.cpp.aotstats
[88/245] Generating .rcc/qmlcache/time-arc_qml/desktop/memorylake/TagChip_qml.cpp, .rcc/qmlcache/time-arc_qml/desktop/memorylake/TagChip_qml.cpp.aotstats
[89/245] Generating .rcc/qmlcache/time-arc_qml/desktop/memorylake/SilkyFlickable_qml.cpp, .rcc/qmlcache/time-arc_qml/desktop/memorylake/SilkyFlickable_qml.cpp.aotstats
[90/245] Generating .rcc/qmlcache/time-arc_qml/desktop/memorylake/CardCarousel_qml.cpp, .rcc/qmlcache/time-arc_qml/desktop/memorylake/CardCarousel_qml.cpp.aotstats
[91/245] Generating .rcc/qmlcache/time-arc_qml/desktop/memorylake/TodayConclusionCard_qml.cpp, .rcc/qmlcache/time-arc_qml/desktop/memorylake/TodayConclusionCard_qml.cpp.aotstats
[92/245] Generating .rcc/qmlcache/time-arc_qml/desktop/memorylake/MemoryCard_qml.cpp, .rcc/qmlcache/time-arc_qml/desktop/memorylake/MemoryCard_qml.cpp.aotstats
[93/245] Generating .rcc/qmlcache/time-arc_qml/desktop/memorylake/CalendarSyncList_qml.cpp, .rcc/qmlcache/time-arc_qml/desktop/memorylake/CalendarSyncList_qml.cpp.aotstats
[94/245] Generating .rcc/qmlcache/time-arc_qml/desktop/memorylake/MemoOverlay_qml.cpp, .rcc/qmlcache/time-arc_qml/desktop/memorylake/MemoOverlay_qml.cpp.aotstats
[95/245] Generating .rcc/qmlcache/time-arc_qml/desktop/memorylake/GlassSlider_qml.cpp, .rcc/qmlcache/time-arc_qml/desktop/memorylake/GlassSlider_qml.cpp.aotstats
[96/245] Generating .rcc/qmlcache/time-arc_qml/desktop/memorylake/GlassSwitch_qml.cpp, .rcc/qmlcache/time-arc_qml/desktop/memorylake/GlassSwitch_qml.cpp.aotstats
[97/245] Generating .rcc/qmlcache/time-arc_qml/desktop/memorylake/GlassComboBox_qml.cpp, .rcc/qmlcache/time-arc_qml/desktop/memorylake/GlassComboBox_qml.cpp.aotstats
[98/245] Generating .rcc/qmlcache/time-arc_qml/desktop/memorylake/GlassTextField_qml.cpp, .rcc/qmlcache/time-arc_qml/desktop/memorylake/GlassTextField_qml.cpp.aotstats
[99/245] Generating .rcc/qmlcache/time-arc_qml/desktop/memorylake/DailyUsageShare_qml.cpp, .rcc/qmlcache/time-arc_qml/desktop/memorylake/DailyUsageShare_qml.cpp.aotstats
[100/245] Generating .rcc/qmlcache/time-arc_qml/desktop/memorylake/KbdChip_qml.cpp, .rcc/qmlcache/time-arc_qml/desktop/memorylake/KbdChip_qml.cpp.aotstats
[101/245] Generating .rcc/qmlcache/time-arc_qml/desktop/memorylake/NotifierTray_qml.cpp, .rcc/qmlcache/time-arc_qml/desktop/memorylake/NotifierTray_qml.cpp.aotstats
[102/245] Generating .rcc/qmlcache/time-arc_qml/desktop/memorylake/RecapSlide_qml.cpp, .rcc/qmlcache/time-arc_qml/desktop/memorylake/RecapSlide_qml.cpp.aotstats
[103/245] Generating .rcc/qmlcache/time-arc_qml/mobile/MobileTheme_qml.cpp, .rcc/qmlcache/time-arc_qml/mobile/MobileTheme_qml.cpp.aotstats
[104/245] Generating .rcc/qmlcache/time-arc_qml/mobile/components/MobileStatusBar_qml.cpp, .rcc/qmlcache/time-arc_qml/mobile/components/MobileStatusBar_qml.cpp.aotstats
[105/245] Generating .rcc/qmlcache/time-arc_qml/desktop/memorylake/RecapOverlay_qml.cpp, .rcc/qmlcache/time-arc_qml/desktop/memorylake/RecapOverlay_qml.cpp.aotstats
[106/245] Generating .rcc/qmlcache/time-arc_qml/desktop/pages/DesktopCalenderPage_qml.cpp, .rcc/qmlcache/time-arc_qml/desktop/pages/DesktopCalenderPage_qml.cpp.aotstats
[107/245] Generating .rcc/qmlcache/time-arc_qml/mobile/components/MobileSectionTitle_qml.cpp, .rcc/qmlcache/time-arc_qml/mobile/components/MobileSectionTitle_qml.cpp.aotstats
[108/245] Generating .rcc/qmlcache/time-arc_qml/mobile/components/MobileSwitch_qml.cpp, .rcc/qmlcache/time-arc_qml/mobile/components/MobileSwitch_qml.cpp.aotstats
[109/245] Generating .rcc/qmlcache/time-arc_qml/mobile/pages/MobileHomePage_qml.cpp, .rcc/qmlcache/time-arc_qml/mobile/pages/MobileHomePage_qml.cpp.aotstats
[110/245] Generating .rcc/qmlcache/time-arc_qml/mobile/pages/MobileStatsPage_qml.cpp, .rcc/qmlcache/time-arc_qml/mobile/pages/MobileStatsPage_qml.cpp.aotstats
[111/245] Generating .rcc/qmlcache/time-arc_qml/mobile/components/MobileTabButton_qml.cpp, .rcc/qmlcache/time-arc_qml/mobile/components/MobileTabButton_qml.cpp.aotstats
[112/245] Generating .rcc/qmlcache/time-arc_qml/mobile/components/MobileGlassPanel_qml.cpp, .rcc/qmlcache/time-arc_qml/mobile/components/MobileGlassPanel_qml.cpp.aotstats
[113/245] Generating .rcc/qmlcache/time-arc_qml/mobile/components/MobileSettingRow_qml.cpp, .rcc/qmlcache/time-arc_qml/mobile/components/MobileSettingRow_qml.cpp.aotstats
[114/245] Generating .rcc/qmlcache/time-arc_qml/mobile/components/MobileAppIcon_qml.cpp, .rcc/qmlcache/time-arc_qml/mobile/components/MobileAppIcon_qml.cpp.aotstats
[115/245] Generating .rcc/qmlcache/time-arc_qml/mobile/components/MobileUsageRankRow_qml.cpp, .rcc/qmlcache/time-arc_qml/mobile/components/MobileUsageRankRow_qml.cpp.aotstats
[116/245] Generating .rcc/qmlcache/time-arc_qml/mobile/components/MobileFlipCard_qml.cpp, .rcc/qmlcache/time-arc_qml/mobile/components/MobileFlipCard_qml.cpp.aotstats
[117/245] Generating .rcc/qmlcache/time-arc_qml/mobile/components/MobileMonthProfiles_js.cpp
[118/245] Generating .rcc/qmlcache/time-arc_qml/mobile/components/MobileShareActionBar_qml.cpp, .rcc/qmlcache/time-arc_qml/mobile/components/MobileShareActionBar_qml.cpp.aotstats
[119/245] Generating .rcc/qmlcache/time-arc_qml/mobile/components/MobileShareOverlay_qml.cpp, .rcc/qmlcache/time-arc_qml/mobile/components/MobileShareOverlay_qml.cpp.aotstats
[120/245] Generating .rcc/qmlcache/time-arc_qml/mobile/components/MobileRoundedFrame_qml.cpp, .rcc/qmlcache/time-arc_qml/mobile/components/MobileRoundedFrame_qml.cpp.aotstats
[121/245] Generating .rcc/qmlcache/time-arc_qml/mobile/components/MobileSeasonScene_qml.cpp, .rcc/qmlcache/time-arc_qml/mobile/components/MobileSeasonScene_qml.cpp.aotstats
[122/245] Generating .rcc/qmlcache/time-arc_qml/mobile/components/monthly/MonthlyCoverPage_qml.cpp, .rcc/qmlcache/time-arc_qml/mobile/components/monthly/MonthlyCoverPage_qml.cpp.aotstats
[123/245] Generating .rcc/qmlcache/time-arc_qml/mobile/pages/MobileSettingsPage_qml.cpp, .rcc/qmlcache/time-arc_qml/mobile/pages/MobileSettingsPage_qml.cpp.aotstats
[124/245] Generating .rcc/qmlcache/time-arc_qml/mobile/components/MobileRankingShareOverlay_qml.cpp, .rcc/qmlcache/time-arc_qml/mobile/components/MobileRankingShareOverlay_qml.cpp.aotstats
[125/245] Generating .rcc/qmlcache/time-arc_qml/mobile/components/monthly/MonthlyOverviewPage_qml.cpp, .rcc/qmlcache/time-arc_qml/mobile/components/monthly/MonthlyOverviewPage_qml.cpp.aotstats
[126/245] Generating .rcc/qmlcache/time-arc_qml/mobile/components/monthly/MonthlyHighlightPage_qml.cpp, .rcc/qmlcache/time-arc_qml/mobile/components/monthly/MonthlyHighlightPage_qml.cpp.aotstats
[127/245] Generating .rcc/qmlcache/time-arc_qml/mobile/pages/MobileHistoryPage_qml.cpp, .rcc/qmlcache/time-arc_qml/mobile/pages/MobileHistoryPage_qml.cpp.aotstats
[128/245] Generating .rcc/qmlcache/time-arc_qml/mobile/components/monthly/MonthlyCompanionPage_qml.cpp, .rcc/qmlcache/time-arc_qml/mobile/components/monthly/MonthlyCompanionPage_qml.cpp.aotstats
[129/245] Generating .rcc/qmlcache/time-arc_qml/mobile/components/MobileMonthlyStory_qml.cpp, .rcc/qmlcache/time-arc_qml/mobile/components/MobileMonthlyStory_qml.cpp.aotstats
[130/245] Generating .rcc/qmlcache/time-arc_qml/mobile/components/monthly/MonthlyRankingPage_qml.cpp, .rcc/qmlcache/time-arc_qml/mobile/components/monthly/MonthlyRankingPage_qml.cpp.aotstats
[131/245] Generating .rcc/qmlcache/time-arc_qml/mobile/components/monthly/MonthlySharePage_qml.cpp, .rcc/qmlcache/time-arc_qml/mobile/components/monthly/MonthlySharePage_qml.cpp.aotstats
[132/245] Generating .rcc/qmlcache/time-arc_qml/mobile/MobileAppShell_qml.cpp, .rcc/qmlcache/time-arc_qml/mobile/MobileAppShell_qml.cpp.aotstats
[133/245] Building CXX object CMakeFiles/time-arc.dir/src/services/mobile/android_usage_jni_bridge.cpp.o
[134/245] Building CXX object CMakeFiles/time-arc.dir/src/services/frontmost_session_repository.cpp.o
[135/245] Building CXX object CMakeFiles/time-arc.dir/src/services/app_repository.cpp.o
[136/245] Building CXX object CMakeFiles/time-arc.dir/src/main.cpp.o
[137/245] Building CXX object CMakeFiles/time-arc.dir/src/services/media_session_repository.cpp.o
[138/245] Building CXX object CMakeFiles/time-arc.dir/time-arc_autogen/mocs_compilation.cpp.o
[139/245] Building CXX object CMakeFiles/time-arc.dir/src/services/mobile/mobile_usage_repository.cpp.o
[140/245] Building CXX object CMakeFiles/time-arc.dir/src/services/manual_project_repository.cpp.o
[141/245] Building CXX object CMakeFiles/time-arc.dir/src/services/database_manager.cpp.o
[142/245] Building CXX object CMakeFiles/time-arc.dir/src/services/calendar_manager.cpp.o
[143/245] Building CXX object CMakeFiles/time-arc.dir/src/services/timer_manager.cpp.o
[144/245] Building CXX object CMakeFiles/time-arc.dir/src/services/stats_service.cpp.o
[145/245] Building CXX object CMakeFiles/time-arc.dir/src/services/tag_repository.cpp.o
[146/245] Building CXX object CMakeFiles/time-arc.dir/src/services/settings_repository.cpp.o
[147/245] Building CXX object CMakeFiles/time-arc.dir/build-macos/.qt/rcc/qrc_qmake_time_arc.cpp.o
[148/245] Building CXX object CMakeFiles/time-arc.dir/src/services/mobile/mobile_ui_service.cpp.o
[149/245] Building OBJCXX object CMakeFiles/time-arc.dir/src/services/macos/macos_launch_agent.mm.o
[150/245] Building CXX object CMakeFiles/time-arc.dir/src/services/harness_logger.cpp.o
[151/245] Building CXX object CMakeFiles/time-arc.dir/time-arc_qmltyperegistrations.cpp.o
[152/245] Building CXX object CMakeFiles/time-arc.dir/src/services/project_manager.cpp.o
[153/245] Building CXX object CMakeFiles/time-arc.dir/src/services/app_icon_image_provider.cpp.o
[154/245] Building CXX object CMakeFiles/time-arc.dir/build-macos/.rcc/qmlcache/time-arc_qml/main_qml.cpp.o
[155/245] Building CXX object CMakeFiles/time-arc.dir/build-macos/.rcc/qmlcache/time-arc_qmlcache_loader.cpp.o
[156/245] Building CXX object CMakeFiles/time-arc.dir/src/services/mobile/mobile_usage_service.cpp.o
[157/245] Building CXX object CMakeFiles/time-arc.dir/build-macos/.rcc/qmlcache/time-arc_qml/desktop/pages/DesktopTimerPage_qml.cpp.o
[158/245] Building CXX object CMakeFiles/time-arc.dir/build-macos/.rcc/qmlcache/time-arc_qml/desktop/pages/DesktopHomePage_qml.cpp.o
[159/245] Building CXX object CMakeFiles/time-arc.dir/build-macos/.rcc/qmlcache/time-arc_qml/desktop/pages/DesktopMonthlyRecapPage_qml.cpp.o
[160/245] Building CXX object CMakeFiles/time-arc.dir/build-macos/.rcc/qmlcache/time-arc_qml/desktop/components/SoftCard_qml.cpp.o
[161/245] Building CXX object CMakeFiles/time-arc.dir/build-macos/.rcc/qmlcache/time-arc_qml/desktop/pages/DesktopMemoryLakePage_qml.cpp.o
[162/245] Building CXX object CMakeFiles/time-arc.dir/src/services/daily_card_service.cpp.o
[163/245] Building CXX object CMakeFiles/time-arc.dir/build-macos/.rcc/qmlcache/time-arc_qml/desktop/DesktopAppShell_qml.cpp.o
[164/245] Building CXX object CMakeFiles/time-arc.dir/build-macos/.rcc/qmlcache/time-arc_qml/desktop/components/WindowChrome_qml.cpp.o
[165/245] Building CXX object CMakeFiles/time-arc.dir/build-macos/.rcc/qmlcache/time-arc_qml/desktop/components/DesktopDailyCardView_qml.cpp.o
[166/245] Building CXX object CMakeFiles/time-arc.dir/build-macos/.rcc/qmlcache/time-arc_qml/desktop/components/AppVisual_js.cpp.o
[167/245] Building CXX object CMakeFiles/time-arc.dir/build-macos/.rcc/qmlcache/time-arc_qml/desktop/components/SoftPill_qml.cpp.o
[168/245] Building CXX object CMakeFiles/time-arc.dir/build-macos/.rcc/qmlcache/time-arc_qml/desktop/components/SoftButton_qml.cpp.o
[169/245] Building CXX object CMakeFiles/time-arc.dir/src/services/usage_stat_manager.cpp.o
[170/245] Building CXX object CMakeFiles/time-arc.dir/build-macos/.rcc/qmlcache/time-arc_qml/desktop/pages/DesktopStatsPage_qml.cpp.o
[171/245] Building CXX object CMakeFiles/time-arc.dir/build-macos/.rcc/qmlcache/time-arc_qml/desktop/components/I18n_js.cpp.o
[172/245] Building CXX object CMakeFiles/time-arc.dir/build-macos/.rcc/qmlcache/time-arc_qml/desktop/components/TagPalette_js.cpp.o
[173/245] Building CXX object CMakeFiles/time-arc.dir/build-macos/.rcc/qmlcache/time-arc_qml/desktop/memorylake/MemoDotTexture_qml.cpp.o
[174/245] Building CXX object CMakeFiles/time-arc.dir/build-macos/.rcc/qmlcache/time-arc_qml/desktop/memorylake/GenerativeCover_qml.cpp.o
[175/245] Building CXX object CMakeFiles/time-arc.dir/build-macos/.rcc/qmlcache/time-arc_qml/desktop/components/AchievementToast_qml.cpp.o
[176/245] Building CXX object CMakeFiles/time-arc.dir/build-macos/.rcc/qmlcache/time-arc_qml/desktop/memorylake/MemoryLakeStyle_qml.cpp.o
[177/245] Building CXX object CMakeFiles/time-arc.dir/build-macos/.rcc/qmlcache/time-arc_qml/desktop/pages/DesktopProfilePage_qml.cpp.o
[178/245] Building CXX object CMakeFiles/time-arc.dir/build-macos/.rcc/qmlcache/time-arc_qml/desktop/memorylake/MemoInkCanvas_qml.cpp.o
[179/245] Building CXX object CMakeFiles/time-arc.dir/build-macos/.rcc/qmlcache/time-arc_qml/desktop/memorylake/MemoToolGlyph_qml.cpp.o
[180/245] Building CXX object CMakeFiles/time-arc.dir/build-macos/.rcc/qmlcache/time-arc_qml/desktop/memorylake/MemoToolbar_qml.cpp.o
[181/245] Building CXX object CMakeFiles/time-arc.dir/build-macos/.rcc/qmlcache/time-arc_qml/desktop/memorylake/TextLayer_qml.cpp.o
[182/245] Building CXX object CMakeFiles/time-arc.dir/build-macos/.rcc/qmlcache/time-arc_qml/desktop/memorylake/PixelTomato_qml.cpp.o
[183/245] Building CXX object CMakeFiles/time-arc.dir/build-macos/.rcc/qmlcache/time-arc_qml/desktop/memorylake/PomodoroCompleteOverlay_qml.cpp.o
[184/245] Building CXX object CMakeFiles/time-arc.dir/build-macos/.rcc/qmlcache/time-arc_qml/desktop/memorylake/StickyNote_qml.cpp.o
[185/245] Building CXX object CMakeFiles/time-arc.dir/build-macos/.rcc/qmlcache/time-arc_qml/desktop/memorylake/MemoPageFolder_qml.cpp.o
[186/245] Building CXX object CMakeFiles/time-arc.dir/build-macos/.rcc/qmlcache/time-arc_qml/desktop/pages/DesktopCalenderPage_qml.cpp.o
[187/245] Building CXX object CMakeFiles/time-arc.dir/build-macos/.rcc/qmlcache/time-arc_qml/desktop/memorylake/MemoOverlay_qml.cpp.o
[188/245] Building CXX object CMakeFiles/time-arc.dir/build-macos/.rcc/qmlcache/time-arc_qml/desktop/memorylake/GridTexture_qml.cpp.o
[189/245] Building CXX object CMakeFiles/time-arc.dir/build-macos/.rcc/qmlcache/time-arc_qml/desktop/memorylake/GlowCircle_qml.cpp.o
[190/245] Building CXX object CMakeFiles/time-arc.dir/build-macos/.rcc/qmlcache/time-arc_qml/desktop/memorylake/GlassPanel_qml.cpp.o
[191/245] Building CXX object CMakeFiles/time-arc.dir/build-macos/.rcc/qmlcache/time-arc_qml/desktop/memorylake/PomodoroWidget_qml.cpp.o
[192/245] Building CXX object CMakeFiles/time-arc.dir/build-macos/.rcc/qmlcache/time-arc_qml/desktop/memorylake/MemoDatePicker_qml.cpp.o
[193/245] Building CXX object CMakeFiles/time-arc.dir/build-macos/.rcc/qmlcache/time-arc_qml/desktop/memorylake/AmbientBackground_qml.cpp.o
[194/245] Building CXX object CMakeFiles/time-arc.dir/build-macos/.rcc/qmlcache/time-arc_qml/desktop/memorylake/RoundedFrame_qml.cpp.o
[195/245] Building CXX object CMakeFiles/time-arc.dir/build-macos/.rcc/qmlcache/time-arc_qml/desktop/memorylake/UsageRankList_qml.cpp.o
[196/245] Building CXX object CMakeFiles/time-arc.dir/build-macos/.rcc/qmlcache/time-arc_qml/desktop/memorylake/DetailPanel_qml.cpp.o
[197/245] Building CXX object CMakeFiles/time-arc.dir/build-macos/.rcc/qmlcache/time-arc_qml/desktop/memorylake/FrostCard_qml.cpp.o
[198/245] Building CXX object CMakeFiles/time-arc.dir/build-macos/.rcc/qmlcache/time-arc_qml/desktop/memorylake/TimeRiver_qml.cpp.o
[199/245] Building CXX object CMakeFiles/time-arc.dir/build-macos/.rcc/qmlcache/time-arc_qml/desktop/memorylake/CardCarousel_qml.cpp.o
[200/245] Building CXX object CMakeFiles/time-arc.dir/build-macos/.rcc/qmlcache/time-arc_qml/desktop/memorylake/MemoryCard_qml.cpp.o
[201/245] Building CXX object CMakeFiles/time-arc.dir/build-macos/.rcc/qmlcache/time-arc_qml/desktop/memorylake/TagChip_qml.cpp.o
[202/245] Building CXX object CMakeFiles/time-arc.dir/build-macos/.rcc/qmlcache/time-arc_qml/desktop/memorylake/TodayConclusionCard_qml.cpp.o
[203/245] Building CXX object CMakeFiles/time-arc.dir/build-macos/.rcc/qmlcache/time-arc_qml/desktop/memorylake/CalendarSyncList_qml.cpp.o
[204/245] Building CXX object CMakeFiles/time-arc.dir/build-macos/.rcc/qmlcache/time-arc_qml/desktop/memorylake/DailyUsageShare_qml.cpp.o
[205/245] Building CXX object CMakeFiles/time-arc.dir/build-macos/.rcc/qmlcache/time-arc_qml/desktop/memorylake/SilkyFlickable_qml.cpp.o
[206/245] Building CXX object CMakeFiles/time-arc.dir/build-macos/.rcc/qmlcache/time-arc_qml/desktop/memorylake/GlassSwitch_qml.cpp.o
[207/245] Building CXX object CMakeFiles/time-arc.dir/build-macos/.rcc/qmlcache/time-arc_qml/desktop/memorylake/GlassSlider_qml.cpp.o
[208/245] Building CXX object CMakeFiles/time-arc.dir/build-macos/.rcc/qmlcache/time-arc_qml/desktop/memorylake/KbdChip_qml.cpp.o
[209/245] Building CXX object CMakeFiles/time-arc.dir/build-macos/.rcc/qmlcache/time-arc_qml/desktop/memorylake/NotifierTray_qml.cpp.o
[210/245] Building CXX object CMakeFiles/time-arc.dir/build-macos/.rcc/qmlcache/time-arc_qml/desktop/memorylake/GlassComboBox_qml.cpp.o
[211/245] Building CXX object CMakeFiles/time-arc.dir/build-macos/.rcc/qmlcache/time-arc_qml/desktop/memorylake/RecapSlide_qml.cpp.o
[212/245] Building CXX object CMakeFiles/time-arc.dir/build-macos/.rcc/qmlcache/time-arc_qml/desktop/memorylake/GlassTextField_qml.cpp.o
[213/245] Building CXX object CMakeFiles/time-arc.dir/build-macos/.rcc/qmlcache/time-arc_qml/desktop/memorylake/RecapOverlay_qml.cpp.o
[214/245] Building CXX object CMakeFiles/time-arc.dir/build-macos/.rcc/qmlcache/time-arc_qml/mobile/MobileAppShell_qml.cpp.o
[215/245] Building CXX object CMakeFiles/time-arc.dir/build-macos/.rcc/qmlcache/time-arc_qml/mobile/components/MobileStatusBar_qml.cpp.o
[216/245] Building CXX object CMakeFiles/time-arc.dir/build-macos/.rcc/qmlcache/time-arc_qml/mobile/pages/MobileHomePage_qml.cpp.o
[217/245] Building CXX object CMakeFiles/time-arc.dir/build-macos/.rcc/qmlcache/time-arc_qml/mobile/components/MobileSectionTitle_qml.cpp.o
[218/245] Building CXX object CMakeFiles/time-arc.dir/build-macos/.rcc/qmlcache/time-arc_qml/mobile/components/MobileSwitch_qml.cpp.o
[219/245] Building CXX object CMakeFiles/time-arc.dir/build-macos/.rcc/qmlcache/time-arc_qml/mobile/MobileTheme_qml.cpp.o
[220/245] Building CXX object CMakeFiles/time-arc.dir/build-macos/.rcc/qmlcache/time-arc_qml/mobile/pages/MobileStatsPage_qml.cpp.o
[221/245] Building CXX object CMakeFiles/time-arc.dir/build-macos/.rcc/qmlcache/time-arc_qml/mobile/pages/MobileHistoryPage_qml.cpp.o
[222/245] Building CXX object CMakeFiles/time-arc.dir/build-macos/.rcc/qmlcache/time-arc_qml/mobile/components/MobileGlassPanel_qml.cpp.o
[223/245] Building CXX object CMakeFiles/time-arc.dir/build-macos/.rcc/qmlcache/time-arc_qml/mobile/components/MobileSettingRow_qml.cpp.o
[224/245] Building CXX object CMakeFiles/time-arc.dir/build-macos/.rcc/qmlcache/time-arc_qml/mobile/components/MobileTabButton_qml.cpp.o
[225/245] Building CXX object CMakeFiles/time-arc.dir/build-macos/.rcc/qmlcache/time-arc_qml/mobile/components/MobileAppIcon_qml.cpp.o
[226/245] Building CXX object CMakeFiles/time-arc.dir/build-macos/.rcc/qmlcache/time-arc_qml/mobile/components/MobileUsageRankRow_qml.cpp.o
[227/245] Building CXX object CMakeFiles/time-arc.dir/build-macos/.rcc/qmlcache/time-arc_qml/mobile/pages/MobileSettingsPage_qml.cpp.o
[228/245] Building CXX object CMakeFiles/time-arc.dir/build-macos/.rcc/qmlcache/time-arc_qml/mobile/components/MobileFlipCard_qml.cpp.o
[229/245] Building CXX object CMakeFiles/time-arc.dir/build-macos/.rcc/qmlcache/time-arc_qml/mobile/components/MobileMonthProfiles_js.cpp.o
[230/245] Building CXX object CMakeFiles/time-arc.dir/build-macos/.rcc/qmlcache/time-arc_qml/mobile/components/MobileShareOverlay_qml.cpp.o
[231/245] Building CXX object CMakeFiles/time-arc.dir/build-macos/.rcc/qmlcache/time-arc_qml/mobile/components/MobileShareActionBar_qml.cpp.o
[232/245] Building CXX object CMakeFiles/time-arc.dir/build-macos/.rcc/qmlcache/time-arc_qml/mobile/components/MobileRoundedFrame_qml.cpp.o
[233/245] Building CXX object CMakeFiles/time-arc.dir/build-macos/.rcc/qmlcache/time-arc_qml/mobile/components/monthly/MonthlyCoverPage_qml.cpp.o
[234/245] Building CXX object CMakeFiles/time-arc.dir/build-macos/.qt/rcc/qrc_time-arc_raw_qml_0.cpp.o
[235/245] Building CXX object CMakeFiles/time-arc.dir/build-macos/.qt/rcc/qrc_time-arc_raw_res_0.cpp.o
[236/245] Building CXX object CMakeFiles/time-arc.dir/build-macos/.qt/rcc/qrc_time-arc_raw_qml_0_extra_qmldirs.cpp.o
[237/245] Building CXX object CMakeFiles/time-arc.dir/build-macos/.rcc/qmlcache/time-arc_qml/mobile/components/MobileMonthlyStory_qml.cpp.o
[238/245] Building CXX object CMakeFiles/time-arc.dir/build-macos/.rcc/qmlcache/time-arc_qml/mobile/components/MobileSeasonScene_qml.cpp.o
[239/245] Building CXX object CMakeFiles/time-arc.dir/build-macos/.rcc/qmlcache/time-arc_qml/mobile/components/monthly/MonthlyOverviewPage_qml.cpp.o
[240/245] Building CXX object CMakeFiles/time-arc.dir/build-macos/.rcc/qmlcache/time-arc_qml/mobile/components/MobileRankingShareOverlay_qml.cpp.o
[241/245] Building CXX object CMakeFiles/time-arc.dir/build-macos/.rcc/qmlcache/time-arc_qml/mobile/components/monthly/MonthlyHighlightPage_qml.cpp.o
[242/245] Building CXX object CMakeFiles/time-arc.dir/build-macos/.rcc/qmlcache/time-arc_qml/mobile/components/monthly/MonthlyCompanionPage_qml.cpp.o
[243/245] Building CXX object CMakeFiles/time-arc.dir/build-macos/.rcc/qmlcache/time-arc_qml/mobile/components/monthly/MonthlyRankingPage_qml.cpp.o
[244/245] Building CXX object CMakeFiles/time-arc.dir/build-macos/.rcc/qmlcache/time-arc_qml/mobile/components/monthly/MonthlySharePage_qml.cpp.o
[245/245] Linking CXX executable TimeArc.app/Contents/MacOS/TimeArc
