[1/29] Copying time-arc qml sources into build dir
[2/29] Running qmlimportscanner for time-arc
[3/29] Generating .rcc/qmlcache/time-arc_qml/desktop/memorylake/GridTexture_qml.cpp, .rcc/qmlcache/time-arc_qml/desktop/memorylake/GridTexture_qml.cpp.aotstats
[4/29] Generating .rcc/qmlcache/time-arc_qml/desktop/memorylake/MemoDotTexture_qml.cpp, .rcc/qmlcache/time-arc_qml/desktop/memorylake/MemoDotTexture_qml.cpp.aotstats
[5/29] Generating .rcc/qmlcache/time-arc_qml/desktop/memorylake/MemoToolGlyph_qml.cpp, .rcc/qmlcache/time-arc_qml/desktop/memorylake/MemoToolGlyph_qml.cpp.aotstats
[6/29] Generating .rcc/qmlcache/time-arc_qml/desktop/memorylake/PixelTomato_qml.cpp, .rcc/qmlcache/time-arc_qml/desktop/memorylake/PixelTomato_qml.cpp.aotstats
[7/29] Generating .rcc/qmlcache/time-arc_qml/desktop/memorylake/GlowCircle_qml.cpp, .rcc/qmlcache/time-arc_qml/desktop/memorylake/GlowCircle_qml.cpp.aotstats
[8/29] Generating .rcc/qmlcache/time-arc_qml/desktop/memorylake/PomodoroCompleteOverlay_qml.cpp, .rcc/qmlcache/time-arc_qml/desktop/memorylake/PomodoroCompleteOverlay_qml.cpp.aotstats
[9/29] Generating .rcc/qmlcache/time-arc_qml/desktop/memorylake/MemoInkCanvas_qml.cpp, .rcc/qmlcache/time-arc_qml/desktop/memorylake/MemoInkCanvas_qml.cpp.aotstats
[10/29] Generating .rcc/qmlcache/time-arc_qml/desktop/memorylake/StickyNote_qml.cpp, .rcc/qmlcache/time-arc_qml/desktop/memorylake/StickyNote_qml.cpp.aotstats
[11/29] Generating .rcc/qmlcache/time-arc_qml/desktop/memorylake/DailyUsageShare_qml.cpp, .rcc/qmlcache/time-arc_qml/desktop/memorylake/DailyUsageShare_qml.cpp.aotstats
[12/29] Generating .rcc/qmlcache/time-arc_qml/desktop/memorylake/RecapSlide_qml.cpp, .rcc/qmlcache/time-arc_qml/desktop/memorylake/RecapSlide_qml.cpp.aotstats
[13/29] Generating .rcc/qmlcache/time-arc_qml/desktop/pages/DesktopHomePage_qml.cpp, .rcc/qmlcache/time-arc_qml/desktop/pages/DesktopHomePage_qml.cpp.aotstats
[14/29] Generating .rcc/qmlcache/time-arc_qml/desktop/memorylake/MemoOverlay_qml.cpp, .rcc/qmlcache/time-arc_qml/desktop/memorylake/MemoOverlay_qml.cpp.aotstats
[15/29] Running rcc for resource time-arc_raw_qml_0
[16/29] Building CXX object CMakeFiles/time-arc.dir/build/.rcc/qmlcache/time-arc_qml/desktop/memorylake/GlowCircle_qml.cpp.o
[17/29] Building CXX object CMakeFiles/time-arc.dir/build/.rcc/qmlcache/time-arc_qml/desktop/memorylake/PixelTomato_qml.cpp.o
[18/29] Building CXX object CMakeFiles/time-arc.dir/build/.rcc/qmlcache/time-arc_qml/desktop/memorylake/MemoToolGlyph_qml.cpp.o
[19/29] Building CXX object CMakeFiles/time-arc.dir/build/.rcc/qmlcache/time-arc_qml/desktop/memorylake/GridTexture_qml.cpp.o
[20/29] Building CXX object CMakeFiles/time-arc.dir/build/.rcc/qmlcache/time-arc_qml/desktop/memorylake/MemoDotTexture_qml.cpp.o
[21/29] Building CXX object CMakeFiles/time-arc.dir/build/.rcc/qmlcache/time-arc_qml/desktop/memorylake/MemoInkCanvas_qml.cpp.o
[22/29] Building CXX object CMakeFiles/time-arc.dir/build/.qt/rcc/qrc_time-arc_raw_qml_0.cpp.o
[23/29] Building CXX object CMakeFiles/time-arc.dir/build/.rcc/qmlcache/time-arc_qml/desktop/memorylake/PomodoroCompleteOverlay_qml.cpp.o
[24/29] Building CXX object CMakeFiles/time-arc.dir/build/.rcc/qmlcache/time-arc_qml/desktop/pages/DesktopHomePage_qml.cpp.o
[25/29] Building CXX object CMakeFiles/time-arc.dir/build/.rcc/qmlcache/time-arc_qml/desktop/memorylake/StickyNote_qml.cpp.o
[26/29] Building CXX object CMakeFiles/time-arc.dir/build/.rcc/qmlcache/time-arc_qml/desktop/memorylake/MemoOverlay_qml.cpp.o
[27/29] Building CXX object CMakeFiles/time-arc.dir/build/.rcc/qmlcache/time-arc_qml/desktop/memorylake/RecapSlide_qml.cpp.o
[28/29] Building CXX object CMakeFiles/time-arc.dir/build/.rcc/qmlcache/time-arc_qml/desktop/memorylake/DailyUsageShare_qml.cpp.o
[29/29] Linking CXX executable TimeArc.app/Contents/MacOS/TimeArc
