[0/1] Re-running CMake...
CMake Warning at /opt/homebrew/share/cmake/Modules/Platform/Darwin-Initialize.cmake:251 (message):
  Ignoring CMAKE_OSX_SYSROOT value:

   /Applications/Xcode.app/Contents/Developer/Platforms/MacOSX.platform/Developer/SDKs/MacOSX26.sdk

  because the directory does not exist.
Call Stack (most recent call first):
  /opt/homebrew/share/cmake/Modules/CMakeSystemSpecificInitialize.cmake:35 (include)
  CMakeLists.txt:3 (project)


-- Could NOT find WrapVulkanHeaders (missing: Vulkan_INCLUDE_DIR) 
-- Could NOT find WrapVulkanHeaders (missing: Vulkan_INCLUDE_DIR) 
-- Configuring done (1.7s)
-- Generating done (0.2s)
-- Build files have been written to: /Users/jz2025/Desktop/Development/TimeArc/build
[1/191] Automatic MOC and UIC for target timearc_db_smoke
[2/191] Building C object src/service/CMakeFiles/time_arc_service.dir/shared/database_path.c.o
[3/191] Building C object thirdparty/parson/CMakeFiles/time-arc-parson.dir/parson.c.o
[4/191] Linking C static library thirdparty/parson/libtime-arc-parson.a
[5/191] Building CXX object CMakeFiles/timearc_db_smoke.dir/timearc_db_smoke_autogen/mocs_compilation.cpp.o
[6/191] Building CXX object CMakeFiles/timearc_db_smoke.dir/src/services/frontmost_session_repository.cpp.o
[7/191] Building CXX object CMakeFiles/timearc_db_smoke.dir/src/services/media_session_repository.cpp.o
[8/191] Building CXX object CMakeFiles/timearc_db_smoke.dir/src/services/manual_project_repository.cpp.o
[9/191] Building CXX object CMakeFiles/timearc_db_smoke.dir/src/services/app_repository.cpp.o
[10/191] Building CXX object CMakeFiles/timearc_db_smoke.dir/src/services/database_manager.cpp.o
[11/191] Building CXX object CMakeFiles/timearc_db_smoke.dir/src/services/mobile/mobile_usage_repository.cpp.o
[12/191] Building C object thirdparty/sqlite3/CMakeFiles/time-arc-sqlite3.dir/sqlite3.c.o
[13/191] Building CXX object CMakeFiles/timearc_db_smoke.dir/src/services/mobile/android_usage_jni_bridge.cpp.o
[14/191] Linking C static library thirdparty/sqlite3/libtime-arc-sqlite3.a
[15/191] Automatic MOC and UIC for target time-arc
[16/191] Running AUTOMOC file extraction for target time-arc
[17/121] Building CXX object CMakeFiles/timearc_db_smoke.dir/src/services/daily_card_service.cpp.o
[18/121] Building CXX object CMakeFiles/timearc_db_smoke.dir/tests/db_smoke.cpp.o
[19/121] Building CXX object CMakeFiles/timearc_db_smoke.dir/src/services/mobile/mobile_usage_service.cpp.o
[20/121] Building CXX object CMakeFiles/timearc_db_smoke.dir/src/services/calendar_manager.cpp.o
[21/121] Building CXX object CMakeFiles/timearc_db_smoke.dir/src/services/stats_service.cpp.o
[22/121] Linking Swift executable src/service/time-arc-service
[23/121] Building CXX object CMakeFiles/timearc_db_smoke.dir/src/services/project_manager.cpp.o
[24/121] Building CXX object CMakeFiles/timearc_db_smoke.dir/src/services/settings_repository.cpp.o
[25/121] Building CXX object CMakeFiles/time-arc.dir/time-arc_autogen/mocs_compilation.cpp.o
[26/121] Building CXX object CMakeFiles/time-arc.dir/src/services/app_repository.cpp.o
[27/121] Building CXX object CMakeFiles/time-arc.dir/src/services/frontmost_session_repository.cpp.o
[28/121] Building CXX object CMakeFiles/time-arc.dir/src/main.cpp.o
[29/121] Building CXX object CMakeFiles/time-arc.dir/src/services/mobile/android_usage_jni_bridge.cpp.o
[30/121] Building CXX object CMakeFiles/time-arc.dir/src/services/media_session_repository.cpp.o
[31/121] Building CXX object CMakeFiles/time-arc.dir/src/services/manual_project_repository.cpp.o
[32/121] Building CXX object CMakeFiles/time-arc.dir/src/services/database_manager.cpp.o
[33/121] Building CXX object CMakeFiles/time-arc.dir/src/services/mobile/mobile_usage_repository.cpp.o
[34/121] Building CXX object CMakeFiles/time-arc.dir/src/services/mobile/mobile_usage_service.cpp.o
[35/121] Building CXX object CMakeFiles/time-arc.dir/src/services/stats_service.cpp.o
[36/121] Building CXX object CMakeFiles/time-arc.dir/src/services/daily_card_service.cpp.o
[37/121] Building CXX object CMakeFiles/time-arc.dir/build/.qt/rcc/qrc_qmake_time_arc.cpp.o
[38/121] Building CXX object CMakeFiles/time-arc.dir/src/services/calendar_manager.cpp.o
[39/121] Building CXX object CMakeFiles/time-arc.dir/src/services/timer_manager.cpp.o
[40/121] Building CXX object CMakeFiles/time-arc.dir/src/services/settings_repository.cpp.o
[41/121] Building CXX object CMakeFiles/time-arc.dir/src/services/tag_repository.cpp.o
[42/121] Building CXX object CMakeFiles/time-arc.dir/src/services/project_manager.cpp.o
[43/121] Building CXX object CMakeFiles/time-arc.dir/src/services/app_icon_image_provider.cpp.o
[44/121] Building CXX object CMakeFiles/time-arc.dir/time-arc_qmltyperegistrations.cpp.o
[45/121] Building CXX object CMakeFiles/time-arc.dir/src/services/harness_logger.cpp.o
[46/121] Building CXX object CMakeFiles/time-arc.dir/build/.rcc/qmlcache/time-arc_qml/main_qml.cpp.o
[47/121] Building CXX object CMakeFiles/time-arc.dir/build/.rcc/qmlcache/time-arc_qmlcache_loader.cpp.o
[48/121] Building CXX object CMakeFiles/time-arc.dir/build/.rcc/qmlcache/time-arc_qml/desktop/pages/DesktopHomePage_qml.cpp.o
[49/121] Building CXX object CMakeFiles/time-arc.dir/build/.rcc/qmlcache/time-arc_qml/desktop/DesktopAppShell_qml.cpp.o
[50/121] Building CXX object CMakeFiles/time-arc.dir/build/.rcc/qmlcache/time-arc_qml/desktop/pages/DesktopMemoryLakePage_qml.cpp.o
[51/121] Building CXX object CMakeFiles/time-arc.dir/src/services/usage_stat_manager.cpp.o
[52/121] Building CXX object CMakeFiles/time-arc.dir/build/.rcc/qmlcache/time-arc_qml/desktop/pages/DesktopTimerPage_qml.cpp.o
[53/121] Building CXX object CMakeFiles/time-arc.dir/build/.rcc/qmlcache/time-arc_qml/desktop/pages/DesktopMonthlyRecapPage_qml.cpp.o
[54/121] Building CXX object CMakeFiles/time-arc.dir/build/.rcc/qmlcache/time-arc_qml/desktop/components/WindowChrome_qml.cpp.o
[55/121] Building CXX object CMakeFiles/time-arc.dir/build/.rcc/qmlcache/time-arc_qml/desktop/components/SoftCard_qml.cpp.o
[56/121] Building CXX object CMakeFiles/time-arc.dir/build/.rcc/qmlcache/time-arc_qml/desktop/pages/DesktopStatsPage_qml.cpp.o
[57/121] Building CXX object CMakeFiles/time-arc.dir/build/.rcc/qmlcache/time-arc_qml/desktop/components/AppVisual_js.cpp.o
[58/121] Building CXX object CMakeFiles/time-arc.dir/build/.rcc/qmlcache/time-arc_qml/desktop/components/SoftPill_qml.cpp.o
[59/121] Building CXX object CMakeFiles/time-arc.dir/build/.rcc/qmlcache/time-arc_qml/desktop/components/DesktopDailyCardView_qml.cpp.o
[60/121] Building CXX object CMakeFiles/time-arc.dir/build/.rcc/qmlcache/time-arc_qml/desktop/components/SoftButton_qml.cpp.o
[61/121] Building CXX object CMakeFiles/time-arc.dir/build/.rcc/qmlcache/time-arc_qml/desktop/pages/DesktopProfilePage_qml.cpp.o
[62/121] Building CXX object CMakeFiles/time-arc.dir/build/.rcc/qmlcache/time-arc_qml/desktop/pages/DesktopCalenderPage_qml.cpp.o
[63/121] Building CXX object CMakeFiles/time-arc.dir/build/.rcc/qmlcache/time-arc_qml/desktop/components/AchievementToast_qml.cpp.o
[64/121] Building CXX object CMakeFiles/time-arc.dir/build/.rcc/qmlcache/time-arc_qml/desktop/components/I18n_js.cpp.o
[65/121] Building CXX object CMakeFiles/time-arc.dir/build/.rcc/qmlcache/time-arc_qml/desktop/components/TagPalette_js.cpp.o
[66/121] Building CXX object CMakeFiles/time-arc.dir/build/.rcc/qmlcache/time-arc_qml/desktop/memorylake/MemoDotTexture_qml.cpp.o
[67/121] Building CXX object CMakeFiles/time-arc.dir/build/.rcc/qmlcache/time-arc_qml/desktop/memorylake/MemoInkCanvas_qml.cpp.o
[68/121] Building CXX object CMakeFiles/time-arc.dir/build/.rcc/qmlcache/time-arc_qml/desktop/memorylake/MemoryLakeStyle_qml.cpp.o
[69/121] Building CXX object CMakeFiles/time-arc.dir/build/.rcc/qmlcache/time-arc_qml/desktop/memorylake/GenerativeCover_qml.cpp.o
[70/121] Building CXX object CMakeFiles/time-arc.dir/build/.rcc/qmlcache/time-arc_qml/desktop/memorylake/MemoToolGlyph_qml.cpp.o
[71/121] Building CXX object CMakeFiles/time-arc.dir/build/.rcc/qmlcache/time-arc_qml/desktop/memorylake/TextLayer_qml.cpp.o
[72/121] Building CXX object CMakeFiles/time-arc.dir/build/.rcc/qmlcache/time-arc_qml/desktop/memorylake/MemoToolbar_qml.cpp.o
[73/121] Building CXX object CMakeFiles/time-arc.dir/build/.rcc/qmlcache/time-arc_qml/desktop/memorylake/StickyNote_qml.cpp.o
[74/121] Building CXX object CMakeFiles/time-arc.dir/build/.rcc/qmlcache/time-arc_qml/desktop/memorylake/MemoPageFolder_qml.cpp.o
[75/121] Building CXX object CMakeFiles/time-arc.dir/build/.rcc/qmlcache/time-arc_qml/desktop/memorylake/MemoOverlay_qml.cpp.o
[76/121] Building CXX object CMakeFiles/time-arc.dir/build/.rcc/qmlcache/time-arc_qml/desktop/memorylake/PixelTomato_qml.cpp.o
[77/121] Building CXX object CMakeFiles/time-arc.dir/build/.rcc/qmlcache/time-arc_qml/desktop/memorylake/PomodoroCompleteOverlay_qml.cpp.o
[78/121] Building CXX object CMakeFiles/time-arc.dir/build/.rcc/qmlcache/time-arc_qml/desktop/memorylake/MemoDatePicker_qml.cpp.o
[79/121] Building CXX object CMakeFiles/time-arc.dir/build/.rcc/qmlcache/time-arc_qml/desktop/memorylake/PomodoroWidget_qml.cpp.o
[80/121] Building CXX object CMakeFiles/time-arc.dir/build/.rcc/qmlcache/time-arc_qml/desktop/memorylake/GlassPanel_qml.cpp.o
[81/121] Building CXX object CMakeFiles/time-arc.dir/build/.rcc/qmlcache/time-arc_qml/desktop/memorylake/GlowCircle_qml.cpp.o
[82/121] Building CXX object CMakeFiles/time-arc.dir/build/.rcc/qmlcache/time-arc_qml/desktop/memorylake/GridTexture_qml.cpp.o
[83/121] Building CXX object CMakeFiles/time-arc.dir/build/.rcc/qmlcache/time-arc_qml/desktop/memorylake/AmbientBackground_qml.cpp.o
[84/121] Building CXX object CMakeFiles/time-arc.dir/build/.rcc/qmlcache/time-arc_qml/desktop/memorylake/RoundedFrame_qml.cpp.o
[85/121] Building CXX object CMakeFiles/time-arc.dir/build/.rcc/qmlcache/time-arc_qml/desktop/memorylake/UsageRankList_qml.cpp.o
[86/121] Building CXX object CMakeFiles/time-arc.dir/build/.rcc/qmlcache/time-arc_qml/desktop/memorylake/FrostCard_qml.cpp.o
[87/121] Building CXX object CMakeFiles/time-arc.dir/build/.rcc/qmlcache/time-arc_qml/desktop/memorylake/MemoryCard_qml.cpp.o
[88/121] Building CXX object CMakeFiles/time-arc.dir/build/.rcc/qmlcache/time-arc_qml/desktop/memorylake/DetailPanel_qml.cpp.o
[89/121] Building CXX object CMakeFiles/time-arc.dir/build/.rcc/qmlcache/time-arc_qml/desktop/memorylake/TimeRiver_qml.cpp.o
[90/121] Building CXX object CMakeFiles/time-arc.dir/build/.rcc/qmlcache/time-arc_qml/desktop/memorylake/TagChip_qml.cpp.o
[91/121] Building CXX object CMakeFiles/time-arc.dir/build/.rcc/qmlcache/time-arc_qml/desktop/memorylake/CardCarousel_qml.cpp.o
[92/121] Building CXX object CMakeFiles/time-arc.dir/build/.rcc/qmlcache/time-arc_qml/desktop/memorylake/TodayConclusionCard_qml.cpp.o
[93/121] Building CXX object CMakeFiles/time-arc.dir/build/.rcc/qmlcache/time-arc_qml/desktop/memorylake/CalendarSyncList_qml.cpp.o
[94/121] Building CXX object CMakeFiles/time-arc.dir/build/.rcc/qmlcache/time-arc_qml/desktop/memorylake/SilkyFlickable_qml.cpp.o
[95/121] Building CXX object CMakeFiles/time-arc.dir/build/.rcc/qmlcache/time-arc_qml/desktop/memorylake/DailyUsageShare_qml.cpp.o
[96/121] Building CXX object CMakeFiles/time-arc.dir/build/.rcc/qmlcache/time-arc_qml/desktop/memorylake/GlassSwitch_qml.cpp.o
[97/121] Building CXX object CMakeFiles/time-arc.dir/build/.rcc/qmlcache/time-arc_qml/desktop/memorylake/GlassComboBox_qml.cpp.o
[98/121] Building CXX object CMakeFiles/time-arc.dir/build/.rcc/qmlcache/time-arc_qml/desktop/memorylake/RecapSlide_qml.cpp.o
[99/121] Building CXX object CMakeFiles/time-arc.dir/build/.rcc/qmlcache/time-arc_qml/desktop/memorylake/KbdChip_qml.cpp.o
[100/121] Building CXX object CMakeFiles/time-arc.dir/build/.rcc/qmlcache/time-arc_qml/desktop/memorylake/NotifierTray_qml.cpp.o
[101/121] Building CXX object CMakeFiles/time-arc.dir/build/.rcc/qmlcache/time-arc_qml/desktop/memorylake/GlassSlider_qml.cpp.o
[102/121] Building CXX object CMakeFiles/time-arc.dir/build/.rcc/qmlcache/time-arc_qml/desktop/memorylake/GlassTextField_qml.cpp.o
[103/121] Building CXX object CMakeFiles/time-arc.dir/build/.rcc/qmlcache/time-arc_qml/desktop/memorylake/RecapOverlay_qml.cpp.o
[104/121] Building CXX object CMakeFiles/time-arc.dir/build/.rcc/qmlcache/time-arc_qml/mobile/MobileTheme_qml.cpp.o
[105/121] Building CXX object CMakeFiles/time-arc.dir/build/.rcc/qmlcache/time-arc_qml/mobile/MobileAppShell_qml.cpp.o
[106/121] Building CXX object CMakeFiles/time-arc.dir/build/.rcc/qmlcache/time-arc_qml/mobile/pages/MobileHomePage_qml.cpp.o
[107/121] Building CXX object CMakeFiles/time-arc.dir/build/.rcc/qmlcache/time-arc_qml/mobile/components/MobileSectionTitle_qml.cpp.o
[108/121] Building CXX object CMakeFiles/time-arc.dir/build/.rcc/qmlcache/time-arc_qml/mobile/components/MobileStatusBar_qml.cpp.o
[109/121] Building CXX object CMakeFiles/time-arc.dir/build/.rcc/qmlcache/time-arc_qml/mobile/components/MobileSwitch_qml.cpp.o
[110/121] Building CXX object CMakeFiles/time-arc.dir/build/.qt/rcc/qrc_time-arc_raw_qml_0_extra_qmldirs.cpp.o
[111/121] Building CXX object CMakeFiles/time-arc.dir/build/.rcc/qmlcache/time-arc_qml/mobile/pages/MobileStatsPage_qml.cpp.o
[112/121] Building CXX object CMakeFiles/time-arc.dir/build/.rcc/qmlcache/time-arc_qml/mobile/pages/MobileSettingsPage_qml.cpp.o
[113/121] Linking CXX executable timearc_db_smoke
[114/121] Building CXX object CMakeFiles/time-arc.dir/build/.qt/rcc/qrc_time-arc_raw_qml_0.cpp.o
[115/121] Building CXX object CMakeFiles/time-arc.dir/build/.rcc/qmlcache/time-arc_qml/mobile/components/MobileTabButton_qml.cpp.o
[116/121] Building CXX object CMakeFiles/time-arc.dir/build/.rcc/qmlcache/time-arc_qml/mobile/pages/MobileHistoryPage_qml.cpp.o
[117/121] Building CXX object CMakeFiles/time-arc.dir/build/.rcc/qmlcache/time-arc_qml/mobile/components/MobileSettingRow_qml.cpp.o
[118/121] Building CXX object CMakeFiles/time-arc.dir/build/.rcc/qmlcache/time-arc_qml/mobile/components/MobileFlipCard_qml.cpp.o
[119/121] Building CXX object CMakeFiles/time-arc.dir/build/.qt/rcc/qrc_time-arc_raw_res_0.cpp.o
[120/121] Linking CXX executable TimeArc.app/Contents/MacOS/TimeArc
ld: warning: building for macOS-14.0, but linking with dylib '/opt/homebrew/opt/qtdeclarative/lib/QtQuick.framework/Versions/A/QtQuick' which was built for newer version 15.0
ld: warning: building for macOS-14.0, but linking with dylib '/opt/homebrew/opt/qtsvg/lib/QtSvg.framework/Versions/A/QtSvg' which was built for newer version 15.0
ld: warning: building for macOS-14.0, but linking with dylib '/opt/homebrew/opt/qtdeclarative/lib/QtQml.framework/Versions/A/QtQml' which was built for newer version 15.0
