[1/197] Running AUTOMOC file extraction for target time-arc
[2/197] Running rcc for resource qmake_time_arc
[3/197] Generating .rcc/qmlcache/time-arc_qmlcache_loader.cpp
[4/197] Running rcc for resource time-arc_raw_res_0
[5/197] Running rcc for resource time-arc_raw_qml_0
[6/197] Running moc --collect-json for target time-arc
[7/197] Automatic QML type registration for target time-arc
[8/197] Generating .rcc/qmlcache/time-arc_qml/desktop/PomodoroLayer_qml.cpp, .rcc/qmlcache/time-arc_qml/desktop/PomodoroLayer_qml.cpp.aotstats
[9/197] Generating .rcc/qmlcache/time-arc_qml/desktop/MacMenuBar_qml.cpp, .rcc/qmlcache/time-arc_qml/desktop/MacMenuBar_qml.cpp.aotstats
[10/197] Generating .rcc/qmlcache/time-arc_qml/desktop/pages/DesktopTimerPage_qml.cpp, .rcc/qmlcache/time-arc_qml/desktop/pages/DesktopTimerPage_qml.cpp.aotstats
[11/197] Generating .rcc/qmlcache/time-arc_qml/desktop/pages/DesktopHomePage_qml.cpp, .rcc/qmlcache/time-arc_qml/desktop/pages/DesktopHomePage_qml.cpp.aotstats
[12/197] Generating .rcc/qmlcache/time-arc_qml/desktop/DesktopAppShell_qml.cpp, .rcc/qmlcache/time-arc_qml/desktop/DesktopAppShell_qml.cpp.aotstats
[13/197] Generating .rcc/qmlcache/time-arc_qml/desktop/pages/DesktopMonthlyRecapPage_qml.cpp, .rcc/qmlcache/time-arc_qml/desktop/pages/DesktopMonthlyRecapPage_qml.cpp.aotstats
[14/197] Generating .rcc/qmlcache/time-arc_qml/desktop/components/WindowChrome_qml.cpp, .rcc/qmlcache/time-arc_qml/desktop/components/WindowChrome_qml.cpp.aotstats
[15/197] Generating .rcc/qmlcache/time-arc_qml/desktop/components/DesktopDailyCardView_qml.cpp, .rcc/qmlcache/time-arc_qml/desktop/components/DesktopDailyCardView_qml.cpp.aotstats
[16/197] Generating .rcc/qmlcache/time-arc_qml/desktop/components/AppVisual_js.cpp
[17/197] Generating .rcc/qmlcache/time-arc_qml/desktop/pages/DesktopMemoryLakePage_qml.cpp, .rcc/qmlcache/time-arc_qml/desktop/pages/DesktopMemoryLakePage_qml.cpp.aotstats
[18/197] Generating .rcc/qmlcache/time-arc_qml/desktop/components/SoftCard_qml.cpp, .rcc/qmlcache/time-arc_qml/desktop/components/SoftCard_qml.cpp.aotstats
[19/197] Generating .rcc/qmlcache/time-arc_qml/desktop/components/Hotkeys_js.cpp
[20/197] Generating .rcc/qmlcache/time-arc_qml/desktop/components/SoftPill_qml.cpp, .rcc/qmlcache/time-arc_qml/desktop/components/SoftPill_qml.cpp.aotstats
[21/197] Generating .rcc/qmlcache/time-arc_qml/desktop/components/SoftButton_qml.cpp, .rcc/qmlcache/time-arc_qml/desktop/components/SoftButton_qml.cpp.aotstats
[22/197] Generating .rcc/qmlcache/time-arc_qml/main_qml.cpp, .rcc/qmlcache/time-arc_qml/main_qml.cpp.aotstats
[23/197] Generating .rcc/qmlcache/time-arc_qml/desktop/components/I18n_js.cpp
[24/197] Generating .rcc/qmlcache/time-arc_qml/desktop/pages/DesktopStatsPage_qml.cpp, .rcc/qmlcache/time-arc_qml/desktop/pages/DesktopStatsPage_qml.cpp.aotstats
[25/197] Generating .rcc/qmlcache/time-arc_qml/desktop/components/PlatformCursor_js.cpp
[26/197] Generating .rcc/qmlcache/time-arc_qml/desktop/components/TagPalette_js.cpp
[27/197] Generating .rcc/qmlcache/time-arc_qml/desktop/components/AchievementToast_qml.cpp, .rcc/qmlcache/time-arc_qml/desktop/components/AchievementToast_qml.cpp.aotstats
[28/197] Generating .rcc/qmlcache/time-arc_qml/desktop/pages/DesktopProfilePage_qml.cpp, .rcc/qmlcache/time-arc_qml/desktop/pages/DesktopProfilePage_qml.cpp.aotstats
[29/197] Generating .rcc/qmlcache/time-arc_qml/desktop/memorylake/GenerativeCover_qml.cpp, .rcc/qmlcache/time-arc_qml/desktop/memorylake/GenerativeCover_qml.cpp.aotstats
[30/197] Generating .rcc/qmlcache/time-arc_qml/desktop/memorylake/MemoryLakeStyle_qml.cpp, .rcc/qmlcache/time-arc_qml/desktop/memorylake/MemoryLakeStyle_qml.cpp.aotstats
[31/197] Generating .rcc/qmlcache/time-arc_qml/desktop/memorylake/MemoInkCanvas_qml.cpp, .rcc/qmlcache/time-arc_qml/desktop/memorylake/MemoInkCanvas_qml.cpp.aotstats
[32/197] Generating .rcc/qmlcache/time-arc_qml/desktop/memorylake/MemoDotTexture_qml.cpp, .rcc/qmlcache/time-arc_qml/desktop/memorylake/MemoDotTexture_qml.cpp.aotstats
[33/197] Generating .rcc/qmlcache/time-arc_qml/desktop/pages/DesktopCalenderPage_qml.cpp, .rcc/qmlcache/time-arc_qml/desktop/pages/DesktopCalenderPage_qml.cpp.aotstats
[34/197] Generating .rcc/qmlcache/time-arc_qml/desktop/memorylake/PixelTomato_qml.cpp, .rcc/qmlcache/time-arc_qml/desktop/memorylake/PixelTomato_qml.cpp.aotstats
[35/197] Generating .rcc/qmlcache/time-arc_qml/desktop/memorylake/MemoToolbar_qml.cpp, .rcc/qmlcache/time-arc_qml/desktop/memorylake/MemoToolbar_qml.cpp.aotstats
[36/197] Generating .rcc/qmlcache/time-arc_qml/desktop/memorylake/MemoPageFolder_qml.cpp, .rcc/qmlcache/time-arc_qml/desktop/memorylake/MemoPageFolder_qml.cpp.aotstats
[37/197] Generating .rcc/qmlcache/time-arc_qml/desktop/memorylake/PomodoroWidget_qml.cpp, .rcc/qmlcache/time-arc_qml/desktop/memorylake/PomodoroWidget_qml.cpp.aotstats
[38/197] Generating .rcc/qmlcache/time-arc_qml/desktop/memorylake/TextLayer_qml.cpp, .rcc/qmlcache/time-arc_qml/desktop/memorylake/TextLayer_qml.cpp.aotstats
[39/197] Generating .rcc/qmlcache/time-arc_qml/desktop/memorylake/PomodoroCompleteOverlay_qml.cpp, .rcc/qmlcache/time-arc_qml/desktop/memorylake/PomodoroCompleteOverlay_qml.cpp.aotstats
[40/197] Generating .rcc/qmlcache/time-arc_qml/desktop/memorylake/GridTexture_qml.cpp, .rcc/qmlcache/time-arc_qml/desktop/memorylake/GridTexture_qml.cpp.aotstats
[41/197] Generating .rcc/qmlcache/time-arc_qml/desktop/memorylake/MemoOverlay_qml.cpp, .rcc/qmlcache/time-arc_qml/desktop/memorylake/MemoOverlay_qml.cpp.aotstats
[42/197] Generating .rcc/qmlcache/time-arc_qml/desktop/memorylake/StickyNote_qml.cpp, .rcc/qmlcache/time-arc_qml/desktop/memorylake/StickyNote_qml.cpp.aotstats
[43/197] Generating .rcc/qmlcache/time-arc_qml/desktop/memorylake/GlowCircle_qml.cpp, .rcc/qmlcache/time-arc_qml/desktop/memorylake/GlowCircle_qml.cpp.aotstats
[44/197] Generating .rcc/qmlcache/time-arc_qml/desktop/memorylake/MemoToolGlyph_qml.cpp, .rcc/qmlcache/time-arc_qml/desktop/memorylake/MemoToolGlyph_qml.cpp.aotstats
[45/197] Generating .rcc/qmlcache/time-arc_qml/desktop/memorylake/GlassPanel_qml.cpp, .rcc/qmlcache/time-arc_qml/desktop/memorylake/GlassPanel_qml.cpp.aotstats
[46/197] Generating .rcc/qmlcache/time-arc_qml/desktop/memorylake/MemoDatePicker_qml.cpp, .rcc/qmlcache/time-arc_qml/desktop/memorylake/MemoDatePicker_qml.cpp.aotstats
[47/197] Generating .rcc/qmlcache/time-arc_qml/desktop/memorylake/AmbientBackground_qml.cpp, .rcc/qmlcache/time-arc_qml/desktop/memorylake/AmbientBackground_qml.cpp.aotstats
[48/197] Generating .rcc/qmlcache/time-arc_qml/desktop/memorylake/FrostCard_qml.cpp, .rcc/qmlcache/time-arc_qml/desktop/memorylake/FrostCard_qml.cpp.aotstats
[49/197] Generating .rcc/qmlcache/time-arc_qml/desktop/memorylake/UsageRankList_qml.cpp, .rcc/qmlcache/time-arc_qml/desktop/memorylake/UsageRankList_qml.cpp.aotstats
[50/197] Generating .rcc/qmlcache/time-arc_qml/desktop/memorylake/MemoryCard_qml.cpp, .rcc/qmlcache/time-arc_qml/desktop/memorylake/MemoryCard_qml.cpp.aotstats
[51/197] Generating .rcc/qmlcache/time-arc_qml/desktop/memorylake/CardCarousel_qml.cpp, .rcc/qmlcache/time-arc_qml/desktop/memorylake/CardCarousel_qml.cpp.aotstats
[52/197] Generating .rcc/qmlcache/time-arc_qml/desktop/memorylake/RoundedFrame_qml.cpp, .rcc/qmlcache/time-arc_qml/desktop/memorylake/RoundedFrame_qml.cpp.aotstats
[53/197] Generating .rcc/qmlcache/time-arc_qml/desktop/memorylake/TimeRiver_qml.cpp, .rcc/qmlcache/time-arc_qml/desktop/memorylake/TimeRiver_qml.cpp.aotstats
[54/197] Generating .rcc/qmlcache/time-arc_qml/desktop/memorylake/DetailPanel_qml.cpp, .rcc/qmlcache/time-arc_qml/desktop/memorylake/DetailPanel_qml.cpp.aotstats
[55/197] Generating .rcc/qmlcache/time-arc_qml/desktop/memorylake/CalendarSyncList_qml.cpp, .rcc/qmlcache/time-arc_qml/desktop/memorylake/CalendarSyncList_qml.cpp.aotstats
[56/197] Generating .rcc/qmlcache/time-arc_qml/desktop/memorylake/SilkyFlickable_qml.cpp, .rcc/qmlcache/time-arc_qml/desktop/memorylake/SilkyFlickable_qml.cpp.aotstats
[57/197] Generating .rcc/qmlcache/time-arc_qml/desktop/memorylake/DailyUsageShare_qml.cpp, .rcc/qmlcache/time-arc_qml/desktop/memorylake/DailyUsageShare_qml.cpp.aotstats
[58/197] Generating .rcc/qmlcache/time-arc_qml/desktop/memorylake/TodayConclusionCard_qml.cpp, .rcc/qmlcache/time-arc_qml/desktop/memorylake/TodayConclusionCard_qml.cpp.aotstats
[59/197] Generating .rcc/qmlcache/time-arc_qml/desktop/memorylake/GlassSwitch_qml.cpp, .rcc/qmlcache/time-arc_qml/desktop/memorylake/GlassSwitch_qml.cpp.aotstats
[60/197] Generating .rcc/qmlcache/time-arc_qml/desktop/memorylake/GlassComboBox_qml.cpp, .rcc/qmlcache/time-arc_qml/desktop/memorylake/GlassComboBox_qml.cpp.aotstats
[61/197] Generating .rcc/qmlcache/time-arc_qml/desktop/memorylake/GlassTextField_qml.cpp, .rcc/qmlcache/time-arc_qml/desktop/memorylake/GlassTextField_qml.cpp.aotstats
[62/197] Generating .rcc/qmlcache/time-arc_qml/desktop/memorylake/TagChip_qml.cpp, .rcc/qmlcache/time-arc_qml/desktop/memorylake/TagChip_qml.cpp.aotstats
[63/197] Generating .rcc/qmlcache/time-arc_qml/desktop/memorylake/RecapOverlay_qml.cpp, .rcc/qmlcache/time-arc_qml/desktop/memorylake/RecapOverlay_qml.cpp.aotstats
[64/197] Generating .rcc/qmlcache/time-arc_qml/desktop/memorylake/RecapSlide_qml.cpp, .rcc/qmlcache/time-arc_qml/desktop/memorylake/RecapSlide_qml.cpp.aotstats
[65/197] Generating .rcc/qmlcache/time-arc_qml/desktop/memorylake/GlassSlider_qml.cpp, .rcc/qmlcache/time-arc_qml/desktop/memorylake/GlassSlider_qml.cpp.aotstats
[66/197] Generating .rcc/qmlcache/time-arc_qml/desktop/memorylake/KbdChip_qml.cpp, .rcc/qmlcache/time-arc_qml/desktop/memorylake/KbdChip_qml.cpp.aotstats
[67/197] Generating .rcc/qmlcache/time-arc_qml/desktop/memorylake/NotifierTray_qml.cpp, .rcc/qmlcache/time-arc_qml/desktop/memorylake/NotifierTray_qml.cpp.aotstats
[68/197] Generating .rcc/qmlcache/time-arc_qml/mobile/MobileTheme_qml.cpp, .rcc/qmlcache/time-arc_qml/mobile/MobileTheme_qml.cpp.aotstats
[69/197] Generating .rcc/qmlcache/time-arc_qml/mobile/pages/MobileHomePage_qml.cpp, .rcc/qmlcache/time-arc_qml/mobile/pages/MobileHomePage_qml.cpp.aotstats
[70/197] Generating .rcc/qmlcache/time-arc_qml/mobile/components/MobileSwitch_qml.cpp, .rcc/qmlcache/time-arc_qml/mobile/components/MobileSwitch_qml.cpp.aotstats
[71/197] Generating .rcc/qmlcache/time-arc_qml/mobile/components/MobileStatusBar_qml.cpp, .rcc/qmlcache/time-arc_qml/mobile/components/MobileStatusBar_qml.cpp.aotstats
[72/197] Generating .rcc/qmlcache/time-arc_qml/mobile/components/MobileSectionTitle_qml.cpp, .rcc/qmlcache/time-arc_qml/mobile/components/MobileSectionTitle_qml.cpp.aotstats
[73/197] Generating .rcc/qmlcache/time-arc_qml/mobile/MobileAppShell_qml.cpp, .rcc/qmlcache/time-arc_qml/mobile/MobileAppShell_qml.cpp.aotstats
[74/197] Generating .rcc/qmlcache/time-arc_qml/mobile/pages/MobileStatsPage_qml.cpp, .rcc/qmlcache/time-arc_qml/mobile/pages/MobileStatsPage_qml.cpp.aotstats
[75/197] Generating .rcc/qmlcache/time-arc_qml/mobile/components/MobileTabButton_qml.cpp, .rcc/qmlcache/time-arc_qml/mobile/components/MobileTabButton_qml.cpp.aotstats
[76/197] Generating .rcc/qmlcache/time-arc_qml/mobile/pages/MobileSettingsPage_qml.cpp, .rcc/qmlcache/time-arc_qml/mobile/pages/MobileSettingsPage_qml.cpp.aotstats
[77/197] Generating .rcc/qmlcache/time-arc_qml/mobile/components/MobileAppIcon_qml.cpp, .rcc/qmlcache/time-arc_qml/mobile/components/MobileAppIcon_qml.cpp.aotstats
[78/197] Generating .rcc/qmlcache/time-arc_qml/mobile/pages/MobileHistoryPage_qml.cpp, .rcc/qmlcache/time-arc_qml/mobile/pages/MobileHistoryPage_qml.cpp.aotstats
[79/197] Generating .rcc/qmlcache/time-arc_qml/mobile/components/MobileSettingRow_qml.cpp, .rcc/qmlcache/time-arc_qml/mobile/components/MobileSettingRow_qml.cpp.aotstats
[80/197] Generating .rcc/qmlcache/time-arc_qml/mobile/components/MobileFlipCard_qml.cpp, .rcc/qmlcache/time-arc_qml/mobile/components/MobileFlipCard_qml.cpp.aotstats
[81/197] Generating .rcc/qmlcache/time-arc_qml/mobile/components/MobileLaunchOverlay_qml.cpp, .rcc/qmlcache/time-arc_qml/mobile/components/MobileLaunchOverlay_qml.cpp.aotstats
[82/197] Generating .rcc/qmlcache/time-arc_qml/mobile/components/MobileUsageRankRow_qml.cpp, .rcc/qmlcache/time-arc_qml/mobile/components/MobileUsageRankRow_qml.cpp.aotstats
[83/197] Generating .rcc/qmlcache/time-arc_qml/mobile/components/MobileGlassPanel_qml.cpp, .rcc/qmlcache/time-arc_qml/mobile/components/MobileGlassPanel_qml.cpp.aotstats
[84/197] Generating .rcc/qmlcache/time-arc_qml/mobile/components/MobileSymbolIcon_qml.cpp, .rcc/qmlcache/time-arc_qml/mobile/components/MobileSymbolIcon_qml.cpp.aotstats
[85/197] Generating .rcc/qmlcache/time-arc_qml/mobile/components/MobileMonthProfiles_js.cpp
[86/197] Generating .rcc/qmlcache/time-arc_qml/mobile/components/MobileShareOverlay_qml.cpp, .rcc/qmlcache/time-arc_qml/mobile/components/MobileShareOverlay_qml.cpp.aotstats
[87/197] Generating .rcc/qmlcache/time-arc_qml/mobile/components/MobileMonthlyStory_qml.cpp, .rcc/qmlcache/time-arc_qml/mobile/components/MobileMonthlyStory_qml.cpp.aotstats
[88/197] Generating .rcc/qmlcache/time-arc_qml/mobile/components/MobileSeasonScene_qml.cpp, .rcc/qmlcache/time-arc_qml/mobile/components/MobileSeasonScene_qml.cpp.aotstats
[89/197] Generating .rcc/qmlcache/time-arc_qml/mobile/components/MobileShareActionBar_qml.cpp, .rcc/qmlcache/time-arc_qml/mobile/components/MobileShareActionBar_qml.cpp.aotstats
[90/197] Generating .rcc/qmlcache/time-arc_qml/mobile/components/monthly/MonthlyCoverPage_qml.cpp, .rcc/qmlcache/time-arc_qml/mobile/components/monthly/MonthlyCoverPage_qml.cpp.aotstats
[91/197] Generating .rcc/qmlcache/time-arc_qml/mobile/components/MobileRankingShareOverlay_qml.cpp, .rcc/qmlcache/time-arc_qml/mobile/components/MobileRankingShareOverlay_qml.cpp.aotstats
[92/197] Generating .rcc/qmlcache/time-arc_qml/mobile/components/monthly/MonthlyOverviewPage_qml.cpp, .rcc/qmlcache/time-arc_qml/mobile/components/monthly/MonthlyOverviewPage_qml.cpp.aotstats
[93/197] Generating .rcc/qmlcache/time-arc_qml/mobile/components/monthly/MonthlyHighlightPage_qml.cpp, .rcc/qmlcache/time-arc_qml/mobile/components/monthly/MonthlyHighlightPage_qml.cpp.aotstats
[94/197] Generating .rcc/qmlcache/time-arc_qml/mobile/components/MobileRoundedFrame_qml.cpp, .rcc/qmlcache/time-arc_qml/mobile/components/MobileRoundedFrame_qml.cpp.aotstats
[95/197] Generating .rcc/qmlcache/time-arc_qml/mobile/components/monthly/MonthlyCompanionPage_qml.cpp, .rcc/qmlcache/time-arc_qml/mobile/components/monthly/MonthlyCompanionPage_qml.cpp.aotstats
[96/197] Generating .rcc/qmlcache/time-arc_qml/mobile/components/monthly/MonthlyRankingPage_qml.cpp, .rcc/qmlcache/time-arc_qml/mobile/components/monthly/MonthlyRankingPage_qml.cpp.aotstats
[97/197] Generating .rcc/qmlcache/time-arc_qml/mobile/components/monthly/MonthlySharePage_qml.cpp, .rcc/qmlcache/time-arc_qml/mobile/components/monthly/MonthlySharePage_qml.cpp.aotstats
[98/197] Building CXX object CMakeFiles/time-arc.dir/build-android-arm64_v8a/.qt/rcc/qrc_qmake_time_arc.cpp.o
[99/197] Building CXX object CMakeFiles/time-arc.dir/time-arc_qmltyperegistrations.cpp.o
[100/197] Building CXX object CMakeFiles/time-arc.dir/build-android-arm64_v8a/.rcc/qmlcache/time-arc_qml/main_qml.cpp.o
[101/197] Building CXX object CMakeFiles/time-arc.dir/build-android-arm64_v8a/.rcc/qmlcache/time-arc_qml/desktop/pages/DesktopMonthlyRecapPage_qml.cpp.o
[102/197] Building CXX object CMakeFiles/time-arc.dir/build-android-arm64_v8a/.rcc/qmlcache/time-arc_qml/desktop/PomodoroLayer_qml.cpp.o
[103/197] Building CXX object CMakeFiles/time-arc.dir/build-android-arm64_v8a/.rcc/qmlcache/time-arc_qmlcache_loader.cpp.o
[104/197] Building CXX object CMakeFiles/time-arc.dir/build-android-arm64_v8a/.rcc/qmlcache/time-arc_qml/desktop/pages/DesktopTimerPage_qml.cpp.o
[105/197] Building CXX object CMakeFiles/time-arc.dir/src/services/mobile/mobile_ui_service.cpp.o
[106/197] Building CXX object CMakeFiles/time-arc.dir/src/main.cpp.o
[107/197] Building CXX object CMakeFiles/time-arc.dir/build-android-arm64_v8a/.rcc/qmlcache/time-arc_qml/desktop/MacMenuBar_qml.cpp.o
[108/197] Building CXX object CMakeFiles/time-arc.dir/time-arc_autogen/mocs_compilation.cpp.o
[109/197] Building CXX object CMakeFiles/time-arc.dir/build-android-arm64_v8a/.rcc/qmlcache/time-arc_qml/desktop/components/WindowChrome_qml.cpp.o
[110/197] Building CXX object CMakeFiles/time-arc.dir/build-android-arm64_v8a/.rcc/qmlcache/time-arc_qml/desktop/pages/DesktopHomePage_qml.cpp.o
[111/197] Building CXX object CMakeFiles/time-arc.dir/build-android-arm64_v8a/.rcc/qmlcache/time-arc_qml/desktop/pages/DesktopMemoryLakePage_qml.cpp.o
[112/197] Building CXX object CMakeFiles/time-arc.dir/src/services/mobile/mobile_usage_service.cpp.o
[113/197] Building CXX object CMakeFiles/time-arc.dir/build-android-arm64_v8a/.rcc/qmlcache/time-arc_qml/desktop/DesktopAppShell_qml.cpp.o
[114/197] Building CXX object CMakeFiles/time-arc.dir/build-android-arm64_v8a/.rcc/qmlcache/time-arc_qml/desktop/pages/DesktopStatsPage_qml.cpp.o
[115/197] Building CXX object CMakeFiles/time-arc.dir/build-android-arm64_v8a/.rcc/qmlcache/time-arc_qml/desktop/pages/DesktopProfilePage_qml.cpp.o
[116/197] Building CXX object CMakeFiles/time-arc.dir/build-android-arm64_v8a/.rcc/qmlcache/time-arc_qml/desktop/components/SoftCard_qml.cpp.o
[117/197] Building CXX object CMakeFiles/time-arc.dir/build-android-arm64_v8a/.rcc/qmlcache/time-arc_qml/desktop/components/SoftPill_qml.cpp.o
[118/197] Building CXX object CMakeFiles/time-arc.dir/build-android-arm64_v8a/.rcc/qmlcache/time-arc_qml/desktop/components/DesktopDailyCardView_qml.cpp.o
[119/197] Building CXX object CMakeFiles/time-arc.dir/build-android-arm64_v8a/.rcc/qmlcache/time-arc_qml/desktop/components/AppVisual_js.cpp.o
[120/197] Building CXX object CMakeFiles/time-arc.dir/build-android-arm64_v8a/.rcc/qmlcache/time-arc_qml/desktop/components/Hotkeys_js.cpp.o
[121/197] Building CXX object CMakeFiles/time-arc.dir/build-android-arm64_v8a/.rcc/qmlcache/time-arc_qml/desktop/components/SoftButton_qml.cpp.o
[122/197] Building CXX object CMakeFiles/time-arc.dir/build-android-arm64_v8a/.rcc/qmlcache/time-arc_qml/desktop/components/PlatformCursor_js.cpp.o
[123/197] Building CXX object CMakeFiles/time-arc.dir/build-android-arm64_v8a/.rcc/qmlcache/time-arc_qml/desktop/components/I18n_js.cpp.o
[124/197] Building CXX object CMakeFiles/time-arc.dir/build-android-arm64_v8a/.rcc/qmlcache/time-arc_qml/desktop/components/TagPalette_js.cpp.o
[125/197] Building CXX object CMakeFiles/time-arc.dir/build-android-arm64_v8a/.rcc/qmlcache/time-arc_qml/desktop/components/AchievementToast_qml.cpp.o
[126/197] Building CXX object CMakeFiles/time-arc.dir/build-android-arm64_v8a/.rcc/qmlcache/time-arc_qml/desktop/memorylake/MemoryLakeStyle_qml.cpp.o
[127/197] Building CXX object CMakeFiles/time-arc.dir/build-android-arm64_v8a/.rcc/qmlcache/time-arc_qml/desktop/memorylake/GenerativeCover_qml.cpp.o
[128/197] Building CXX object CMakeFiles/time-arc.dir/build-android-arm64_v8a/.rcc/qmlcache/time-arc_qml/desktop/pages/DesktopCalenderPage_qml.cpp.o
[129/197] Building CXX object CMakeFiles/time-arc.dir/build-android-arm64_v8a/.rcc/qmlcache/time-arc_qml/desktop/memorylake/MemoDotTexture_qml.cpp.o
[130/197] Building CXX object CMakeFiles/time-arc.dir/build-android-arm64_v8a/.rcc/qmlcache/time-arc_qml/desktop/memorylake/MemoInkCanvas_qml.cpp.o
[131/197] Building CXX object CMakeFiles/time-arc.dir/build-android-arm64_v8a/.rcc/qmlcache/time-arc_qml/desktop/memorylake/MemoToolGlyph_qml.cpp.o
[132/197] Building CXX object CMakeFiles/time-arc.dir/build-android-arm64_v8a/.rcc/qmlcache/time-arc_qml/desktop/memorylake/TextLayer_qml.cpp.o
[133/197] Building CXX object CMakeFiles/time-arc.dir/build-android-arm64_v8a/.rcc/qmlcache/time-arc_qml/desktop/memorylake/PixelTomato_qml.cpp.o
[134/197] Building CXX object CMakeFiles/time-arc.dir/build-android-arm64_v8a/.rcc/qmlcache/time-arc_qml/desktop/memorylake/MemoToolbar_qml.cpp.o
[135/197] Building CXX object CMakeFiles/time-arc.dir/build-android-arm64_v8a/.rcc/qmlcache/time-arc_qml/desktop/memorylake/MemoOverlay_qml.cpp.o
[136/197] Building CXX object CMakeFiles/time-arc.dir/build-android-arm64_v8a/.rcc/qmlcache/time-arc_qml/desktop/memorylake/StickyNote_qml.cpp.o
[137/197] Building CXX object CMakeFiles/time-arc.dir/build-android-arm64_v8a/.rcc/qmlcache/time-arc_qml/desktop/memorylake/GlowCircle_qml.cpp.o
[138/197] Building CXX object CMakeFiles/time-arc.dir/build-android-arm64_v8a/.rcc/qmlcache/time-arc_qml/desktop/memorylake/MemoPageFolder_qml.cpp.o
[139/197] Building CXX object CMakeFiles/time-arc.dir/build-android-arm64_v8a/.rcc/qmlcache/time-arc_qml/desktop/memorylake/AmbientBackground_qml.cpp.o
[140/197] Building CXX object CMakeFiles/time-arc.dir/build-android-arm64_v8a/.rcc/qmlcache/time-arc_qml/desktop/memorylake/GlassPanel_qml.cpp.o
[141/197] Building CXX object CMakeFiles/time-arc.dir/build-android-arm64_v8a/.rcc/qmlcache/time-arc_qml/desktop/memorylake/PomodoroWidget_qml.cpp.o
[142/197] Building CXX object CMakeFiles/time-arc.dir/build-android-arm64_v8a/.rcc/qmlcache/time-arc_qml/desktop/memorylake/PomodoroCompleteOverlay_qml.cpp.o
[143/197] Building CXX object CMakeFiles/time-arc.dir/build-android-arm64_v8a/.rcc/qmlcache/time-arc_qml/desktop/memorylake/MemoDatePicker_qml.cpp.o
[144/197] Building CXX object CMakeFiles/time-arc.dir/build-android-arm64_v8a/.rcc/qmlcache/time-arc_qml/desktop/memorylake/GridTexture_qml.cpp.o
[145/197] Building CXX object CMakeFiles/time-arc.dir/build-android-arm64_v8a/.rcc/qmlcache/time-arc_qml/desktop/memorylake/UsageRankList_qml.cpp.o
[146/197] Building CXX object CMakeFiles/time-arc.dir/build-android-arm64_v8a/.rcc/qmlcache/time-arc_qml/desktop/memorylake/RoundedFrame_qml.cpp.o
[147/197] Building CXX object CMakeFiles/time-arc.dir/build-android-arm64_v8a/.rcc/qmlcache/time-arc_qml/desktop/memorylake/FrostCard_qml.cpp.o
[148/197] Building CXX object CMakeFiles/time-arc.dir/build-android-arm64_v8a/.rcc/qmlcache/time-arc_qml/desktop/memorylake/MemoryCard_qml.cpp.o
[149/197] Building CXX object CMakeFiles/time-arc.dir/build-android-arm64_v8a/.rcc/qmlcache/time-arc_qml/desktop/memorylake/DetailPanel_qml.cpp.o
[150/197] Building CXX object CMakeFiles/time-arc.dir/build-android-arm64_v8a/.rcc/qmlcache/time-arc_qml/desktop/memorylake/TimeRiver_qml.cpp.o
[151/197] Building CXX object CMakeFiles/time-arc.dir/build-android-arm64_v8a/.rcc/qmlcache/time-arc_qml/desktop/memorylake/TagChip_qml.cpp.o
[152/197] Building CXX object CMakeFiles/time-arc.dir/build-android-arm64_v8a/.rcc/qmlcache/time-arc_qml/desktop/memorylake/TodayConclusionCard_qml.cpp.o
[153/197] Building CXX object CMakeFiles/time-arc.dir/build-android-arm64_v8a/.rcc/qmlcache/time-arc_qml/desktop/memorylake/CardCarousel_qml.cpp.o
[154/197] Building CXX object CMakeFiles/time-arc.dir/build-android-arm64_v8a/.rcc/qmlcache/time-arc_qml/desktop/memorylake/CalendarSyncList_qml.cpp.o
[155/197] Building CXX object CMakeFiles/time-arc.dir/build-android-arm64_v8a/.rcc/qmlcache/time-arc_qml/desktop/memorylake/SilkyFlickable_qml.cpp.o
[156/197] Building CXX object CMakeFiles/time-arc.dir/build-android-arm64_v8a/.rcc/qmlcache/time-arc_qml/desktop/memorylake/GlassSlider_qml.cpp.o
[157/197] Building CXX object CMakeFiles/time-arc.dir/build-android-arm64_v8a/.rcc/qmlcache/time-arc_qml/desktop/memorylake/DailyUsageShare_qml.cpp.o
[158/197] Building CXX object CMakeFiles/time-arc.dir/build-android-arm64_v8a/.rcc/qmlcache/time-arc_qml/desktop/memorylake/GlassTextField_qml.cpp.o
[159/197] Building CXX object CMakeFiles/time-arc.dir/build-android-arm64_v8a/.rcc/qmlcache/time-arc_qml/desktop/memorylake/GlassComboBox_qml.cpp.o
[160/197] Building CXX object CMakeFiles/time-arc.dir/build-android-arm64_v8a/.rcc/qmlcache/time-arc_qml/desktop/memorylake/GlassSwitch_qml.cpp.o
[161/197] Building CXX object CMakeFiles/time-arc.dir/build-android-arm64_v8a/.rcc/qmlcache/time-arc_qml/desktop/memorylake/KbdChip_qml.cpp.o
[162/197] Building CXX object CMakeFiles/time-arc.dir/build-android-arm64_v8a/.rcc/qmlcache/time-arc_qml/desktop/memorylake/RecapSlide_qml.cpp.o
[163/197] Building CXX object CMakeFiles/time-arc.dir/build-android-arm64_v8a/.rcc/qmlcache/time-arc_qml/desktop/memorylake/NotifierTray_qml.cpp.o
[164/197] Building CXX object CMakeFiles/time-arc.dir/build-android-arm64_v8a/.rcc/qmlcache/time-arc_qml/desktop/memorylake/RecapOverlay_qml.cpp.o
[165/197] Building CXX object CMakeFiles/time-arc.dir/build-android-arm64_v8a/.rcc/qmlcache/time-arc_qml/mobile/MobileAppShell_qml.cpp.o
[166/197] Building CXX object CMakeFiles/time-arc.dir/build-android-arm64_v8a/.rcc/qmlcache/time-arc_qml/mobile/MobileTheme_qml.cpp.o
[167/197] Building CXX object CMakeFiles/time-arc.dir/build-android-arm64_v8a/.rcc/qmlcache/time-arc_qml/mobile/pages/MobileHomePage_qml.cpp.o
[168/197] Building CXX object CMakeFiles/time-arc.dir/build-android-arm64_v8a/.rcc/qmlcache/time-arc_qml/mobile/components/MobileSectionTitle_qml.cpp.o
[169/197] Building CXX object CMakeFiles/time-arc.dir/build-android-arm64_v8a/.rcc/qmlcache/time-arc_qml/mobile/pages/MobileStatsPage_qml.cpp.o
[170/197] Building CXX object CMakeFiles/time-arc.dir/build-android-arm64_v8a/.rcc/qmlcache/time-arc_qml/mobile/components/MobileStatusBar_qml.cpp.o
[171/197] Building CXX object CMakeFiles/time-arc.dir/build-android-arm64_v8a/.rcc/qmlcache/time-arc_qml/mobile/components/MobileSwitch_qml.cpp.o
[172/197] Building CXX object CMakeFiles/time-arc.dir/build-android-arm64_v8a/.rcc/qmlcache/time-arc_qml/mobile/pages/MobileHistoryPage_qml.cpp.o
[173/197] Building CXX object CMakeFiles/time-arc.dir/build-android-arm64_v8a/.rcc/qmlcache/time-arc_qml/mobile/components/MobileSettingRow_qml.cpp.o
[174/197] Building CXX object CMakeFiles/time-arc.dir/build-android-arm64_v8a/.rcc/qmlcache/time-arc_qml/mobile/components/MobileGlassPanel_qml.cpp.o
[175/197] Building CXX object CMakeFiles/time-arc.dir/build-android-arm64_v8a/.rcc/qmlcache/time-arc_qml/mobile/components/MobileTabButton_qml.cpp.o
[176/197] Building CXX object CMakeFiles/time-arc.dir/build-android-arm64_v8a/.rcc/qmlcache/time-arc_qml/mobile/components/MobileSymbolIcon_qml.cpp.o
[177/197] Building CXX object CMakeFiles/time-arc.dir/build-android-arm64_v8a/.rcc/qmlcache/time-arc_qml/mobile/components/MobileAppIcon_qml.cpp.o
[178/197] Building CXX object CMakeFiles/time-arc.dir/build-android-arm64_v8a/.rcc/qmlcache/time-arc_qml/mobile/pages/MobileSettingsPage_qml.cpp.o
[179/197] Building CXX object CMakeFiles/time-arc.dir/build-android-arm64_v8a/.qt/rcc/qrc_time-arc_raw_res_0.cpp.o
[180/197] Building CXX object CMakeFiles/time-arc.dir/build-android-arm64_v8a/.rcc/qmlcache/time-arc_qml/mobile/components/MobileLaunchOverlay_qml.cpp.o
[181/197] Building CXX object CMakeFiles/time-arc.dir/build-android-arm64_v8a/.qt/rcc/qrc_time-arc_raw_qml_0.cpp.o
[182/197] Building CXX object CMakeFiles/time-arc.dir/build-android-arm64_v8a/.rcc/qmlcache/time-arc_qml/mobile/components/MobileFlipCard_qml.cpp.o
[183/197] Building CXX object CMakeFiles/time-arc.dir/build-android-arm64_v8a/.rcc/qmlcache/time-arc_qml/mobile/components/MobileUsageRankRow_qml.cpp.o
[184/197] Building CXX object CMakeFiles/time-arc.dir/build-android-arm64_v8a/.rcc/qmlcache/time-arc_qml/mobile/components/MobileMonthProfiles_js.cpp.o
[185/197] Building CXX object CMakeFiles/time-arc.dir/build-android-arm64_v8a/.rcc/qmlcache/time-arc_qml/mobile/components/MobileShareOverlay_qml.cpp.o
[186/197] Building CXX object CMakeFiles/time-arc.dir/build-android-arm64_v8a/.rcc/qmlcache/time-arc_qml/mobile/components/MobileRoundedFrame_qml.cpp.o
[187/197] Building CXX object CMakeFiles/time-arc.dir/build-android-arm64_v8a/.rcc/qmlcache/time-arc_qml/mobile/components/MobileShareActionBar_qml.cpp.o
[188/197] Building CXX object CMakeFiles/time-arc.dir/build-android-arm64_v8a/.rcc/qmlcache/time-arc_qml/mobile/components/MobileMonthlyStory_qml.cpp.o
[189/197] Building CXX object CMakeFiles/time-arc.dir/build-android-arm64_v8a/.rcc/qmlcache/time-arc_qml/mobile/components/monthly/MonthlyCoverPage_qml.cpp.o
[190/197] Building CXX object CMakeFiles/time-arc.dir/build-android-arm64_v8a/.rcc/qmlcache/time-arc_qml/mobile/components/MobileSeasonScene_qml.cpp.o
[191/197] Building CXX object CMakeFiles/time-arc.dir/build-android-arm64_v8a/.rcc/qmlcache/time-arc_qml/mobile/components/monthly/MonthlyOverviewPage_qml.cpp.o
[192/197] Building CXX object CMakeFiles/time-arc.dir/build-android-arm64_v8a/.rcc/qmlcache/time-arc_qml/mobile/components/MobileRankingShareOverlay_qml.cpp.o
[193/197] Building CXX object CMakeFiles/time-arc.dir/build-android-arm64_v8a/.rcc/qmlcache/time-arc_qml/mobile/components/monthly/MonthlyHighlightPage_qml.cpp.o
[194/197] Building CXX object CMakeFiles/time-arc.dir/build-android-arm64_v8a/.rcc/qmlcache/time-arc_qml/mobile/components/monthly/MonthlyRankingPage_qml.cpp.o
[195/197] Building CXX object CMakeFiles/time-arc.dir/build-android-arm64_v8a/.rcc/qmlcache/time-arc_qml/mobile/components/monthly/MonthlyCompanionPage_qml.cpp.o
[196/197] Building CXX object CMakeFiles/time-arc.dir/build-android-arm64_v8a/.rcc/qmlcache/time-arc_qml/mobile/components/monthly/MonthlySharePage_qml.cpp.o
[197/197] Linking CXX shared module libTimeArc_arm64-v8a.so
