[1/231] Automatic MOC and UIC for target timearc_resource_bundle_smoke
[2/230] Linking C static library thirdparty/sqlite3/libtime-arc-sqlite3.a
[3/230] Automatic MOC and UIC for target timearc_db_smoke
[4/230] Linking CXX executable timearc_resource_bundle_smoke
[5/230] Building CXX object CMakeFiles/timearc_db_smoke.dir/src/services/media_session_repository.cpp.o
[6/230] Building CXX object CMakeFiles/timearc_db_smoke.dir/src/services/app_repository.cpp.o
[7/230] Building CXX object CMakeFiles/timearc_db_smoke.dir/timearc_db_smoke_autogen/mocs_compilation.cpp.o
[8/230] Building CXX object CMakeFiles/timearc_db_smoke.dir/src/services/frontmost_session_repository.cpp.o
[9/230] Building CXX object CMakeFiles/timearc_db_smoke.dir/src/services/manual_project_repository.cpp.o
[10/230] Building CXX object CMakeFiles/timearc_db_smoke.dir/src/services/database_manager.cpp.o
[11/230] Building CXX object CMakeFiles/timearc_db_smoke.dir/src/services/mobile/mobile_usage_repository.cpp.o
[12/230] Building CXX object CMakeFiles/timearc_db_smoke.dir/src/services/mobile/android_usage_jni_bridge.cpp.o
[13/230] Building CXX object CMakeFiles/timearc_db_smoke.dir/src/services/daily_card_service.cpp.o
[14/230] Building CXX object CMakeFiles/timearc_db_smoke.dir/src/services/calendar_manager.cpp.o
[15/230] Building CXX object CMakeFiles/timearc_db_smoke.dir/src/services/stats_service.cpp.o
[16/230] Building CXX object CMakeFiles/timearc_db_smoke.dir/src/services/project_manager.cpp.o
[17/230] Building CXX object CMakeFiles/timearc_db_smoke.dir/src/services/settings_repository.cpp.o
[18/230] Building CXX object CMakeFiles/timearc_db_smoke.dir/tests/db_smoke.cpp.o
[19/230] Building CXX object CMakeFiles/timearc_db_smoke.dir/src/services/mobile/mobile_usage_service.cpp.o
[20/230] Linking CXX executable timearc_db_smoke
[21/230] Building Swift Module 'time_arc_service' with 12 sources
[22/230] Linking Swift executable src/service/time-arc-service
[23/230] Automatic MOC and UIC for target time-arc
[24/230] Running AUTOMOC file extraction for target time-arc
[25/230] Running moc --collect-json for target time-arc
[26/230] Running rcc for resource time-arc_raw_qml_0_extra_qmldirs
[27/230] Running rcc for resource qmake_time_arc
[28/230] Generating .rcc/qmlcache/time-arc_qmlcache_loader.cpp
[29/230] Running rcc for resource time-arc_raw_res_0
[30/230] Automatic QML type registration for target time-arc
[31/230] Generating .rcc/qmlcache/time-arc_qml/desktop/pages/DesktopTimerPage_qml.cpp, .rcc/qmlcache/time-arc_qml/desktop/pages/DesktopTimerPage_qml.cpp.aotstats
[32/230] Generating .rcc/qmlcache/time-arc_qml/desktop/pages/DesktopMonthlyRecapPage_qml.cpp, .rcc/qmlcache/time-arc_qml/desktop/pages/DesktopMonthlyRecapPage_qml.cpp.aotstats
[33/230] Generating .rcc/qmlcache/time-arc_qml/desktop/pages/DesktopMemoryLakePage_qml.cpp, .rcc/qmlcache/time-arc_qml/desktop/pages/DesktopMemoryLakePage_qml.cpp.aotstats
[34/230] Generating .rcc/qmlcache/time-arc_qml/desktop/components/WindowChrome_qml.cpp, .rcc/qmlcache/time-arc_qml/desktop/components/WindowChrome_qml.cpp.aotstats
[35/230] Generating .rcc/qmlcache/time-arc_qml/desktop/pages/DesktopHomePage_qml.cpp, .rcc/qmlcache/time-arc_qml/desktop/pages/DesktopHomePage_qml.cpp.aotstats
[36/230] Generating .rcc/qmlcache/time-arc_qml/desktop/components/SoftPill_qml.cpp, .rcc/qmlcache/time-arc_qml/desktop/components/SoftPill_qml.cpp.aotstats
[37/230] Generating .rcc/qmlcache/time-arc_qml/desktop/components/DesktopDailyCardView_qml.cpp, .rcc/qmlcache/time-arc_qml/desktop/components/DesktopDailyCardView_qml.cpp.aotstats
[38/230] Generating .rcc/qmlcache/time-arc_qml/desktop/components/SoftCard_qml.cpp, .rcc/qmlcache/time-arc_qml/desktop/components/SoftCard_qml.cpp.aotstats
[39/230] Generating .rcc/qmlcache/time-arc_qml/desktop/components/AppVisual_js.cpp
[40/230] Generating .rcc/qmlcache/time-arc_qml/desktop/components/I18n_js.cpp
[41/230] Generating .rcc/qmlcache/time-arc_qml/desktop/components/SoftButton_qml.cpp, .rcc/qmlcache/time-arc_qml/desktop/components/SoftButton_qml.cpp.aotstats
[42/230] Generating .rcc/qmlcache/time-arc_qml/desktop/components/TagPalette_js.cpp
[43/230] Generating .rcc/qmlcache/time-arc_qml/desktop/DesktopAppShell_qml.cpp, .rcc/qmlcache/time-arc_qml/desktop/DesktopAppShell_qml.cpp.aotstats
[44/230] Generating .rcc/qmlcache/time-arc_qml/desktop/components/AchievementToast_qml.cpp, .rcc/qmlcache/time-arc_qml/desktop/components/AchievementToast_qml.cpp.aotstats
[45/230] Generating .rcc/qmlcache/time-arc_qml/desktop/pages/DesktopStatsPage_qml.cpp, .rcc/qmlcache/time-arc_qml/desktop/pages/DesktopStatsPage_qml.cpp.aotstats
[46/230] Generating .rcc/qmlcache/time-arc_qml/main_qml.cpp, .rcc/qmlcache/time-arc_qml/main_qml.cpp.aotstats
[47/230] Generating .rcc/qmlcache/time-arc_qml/desktop/memorylake/MemoryLakeStyle_qml.cpp, .rcc/qmlcache/time-arc_qml/desktop/memorylake/MemoryLakeStyle_qml.cpp.aotstats
[48/230] Generating .rcc/qmlcache/time-arc_qml/desktop/memorylake/GenerativeCover_qml.cpp, .rcc/qmlcache/time-arc_qml/desktop/memorylake/GenerativeCover_qml.cpp.aotstats
[49/230] Generating .rcc/qmlcache/time-arc_qml/desktop/memorylake/MemoDotTexture_qml.cpp, .rcc/qmlcache/time-arc_qml/desktop/memorylake/MemoDotTexture_qml.cpp.aotstats
[50/230] Generating .rcc/qmlcache/time-arc_qml/desktop/pages/DesktopProfilePage_qml.cpp, .rcc/qmlcache/time-arc_qml/desktop/pages/DesktopProfilePage_qml.cpp.aotstats
[51/230] Running rcc for resource time-arc_raw_qml_0
[52/230] Generating .rcc/qmlcache/time-arc_qml/desktop/memorylake/MemoInkCanvas_qml.cpp, .rcc/qmlcache/time-arc_qml/desktop/memorylake/MemoInkCanvas_qml.cpp.aotstats
[53/230] Generating .rcc/qmlcache/time-arc_qml/desktop/memorylake/MemoToolGlyph_qml.cpp, .rcc/qmlcache/time-arc_qml/desktop/memorylake/MemoToolGlyph_qml.cpp.aotstats
[54/230] Generating .rcc/qmlcache/time-arc_qml/desktop/memorylake/PixelTomato_qml.cpp, .rcc/qmlcache/time-arc_qml/desktop/memorylake/PixelTomato_qml.cpp.aotstats
[55/230] Generating .rcc/qmlcache/time-arc_qml/desktop/memorylake/StickyNote_qml.cpp, .rcc/qmlcache/time-arc_qml/desktop/memorylake/StickyNote_qml.cpp.aotstats
[56/230] Generating .rcc/qmlcache/time-arc_qml/desktop/memorylake/TextLayer_qml.cpp, .rcc/qmlcache/time-arc_qml/desktop/memorylake/TextLayer_qml.cpp.aotstats
[57/230] Generating .rcc/qmlcache/time-arc_qml/desktop/memorylake/MemoOverlay_qml.cpp, .rcc/qmlcache/time-arc_qml/desktop/memorylake/MemoOverlay_qml.cpp.aotstats
[58/230] Generating .rcc/qmlcache/time-arc_qml/desktop/memorylake/PomodoroCompleteOverlay_qml.cpp, .rcc/qmlcache/time-arc_qml/desktop/memorylake/PomodoroCompleteOverlay_qml.cpp.aotstats
[59/230] Generating .rcc/qmlcache/time-arc_qml/desktop/memorylake/MemoPageFolder_qml.cpp, .rcc/qmlcache/time-arc_qml/desktop/memorylake/MemoPageFolder_qml.cpp.aotstats
[60/230] Generating .rcc/qmlcache/time-arc_qml/desktop/memorylake/MemoToolbar_qml.cpp, .rcc/qmlcache/time-arc_qml/desktop/memorylake/MemoToolbar_qml.cpp.aotstats
[61/230] Generating .rcc/qmlcache/time-arc_qml/desktop/memorylake/GridTexture_qml.cpp, .rcc/qmlcache/time-arc_qml/desktop/memorylake/GridTexture_qml.cpp.aotstats
[62/230] Generating .rcc/qmlcache/time-arc_qml/desktop/memorylake/GlowCircle_qml.cpp, .rcc/qmlcache/time-arc_qml/desktop/memorylake/GlowCircle_qml.cpp.aotstats
[63/230] Generating .rcc/qmlcache/time-arc_qml/desktop/memorylake/GlassPanel_qml.cpp, .rcc/qmlcache/time-arc_qml/desktop/memorylake/GlassPanel_qml.cpp.aotstats
[64/230] Generating .rcc/qmlcache/time-arc_qml/desktop/memorylake/RoundedFrame_qml.cpp, .rcc/qmlcache/time-arc_qml/desktop/memorylake/RoundedFrame_qml.cpp.aotstats
[65/230] Generating .rcc/qmlcache/time-arc_qml/desktop/pages/DesktopCalenderPage_qml.cpp, .rcc/qmlcache/time-arc_qml/desktop/pages/DesktopCalenderPage_qml.cpp.aotstats
[66/230] Generating .rcc/qmlcache/time-arc_qml/desktop/memorylake/AmbientBackground_qml.cpp, .rcc/qmlcache/time-arc_qml/desktop/memorylake/AmbientBackground_qml.cpp.aotstats
[67/230] Generating .rcc/qmlcache/time-arc_qml/desktop/memorylake/FrostCard_qml.cpp, .rcc/qmlcache/time-arc_qml/desktop/memorylake/FrostCard_qml.cpp.aotstats
[68/230] Generating .rcc/qmlcache/time-arc_qml/desktop/memorylake/MemoDatePicker_qml.cpp, .rcc/qmlcache/time-arc_qml/desktop/memorylake/MemoDatePicker_qml.cpp.aotstats
[69/230] Generating .rcc/qmlcache/time-arc_qml/desktop/memorylake/TimeRiver_qml.cpp, .rcc/qmlcache/time-arc_qml/desktop/memorylake/TimeRiver_qml.cpp.aotstats
[70/230] Generating .rcc/qmlcache/time-arc_qml/desktop/memorylake/UsageRankList_qml.cpp, .rcc/qmlcache/time-arc_qml/desktop/memorylake/UsageRankList_qml.cpp.aotstats
[71/230] Generating .rcc/qmlcache/time-arc_qml/desktop/memorylake/PomodoroWidget_qml.cpp, .rcc/qmlcache/time-arc_qml/desktop/memorylake/PomodoroWidget_qml.cpp.aotstats
[72/230] Generating .rcc/qmlcache/time-arc_qml/desktop/memorylake/TagChip_qml.cpp, .rcc/qmlcache/time-arc_qml/desktop/memorylake/TagChip_qml.cpp.aotstats
[73/230] Generating .rcc/qmlcache/time-arc_qml/desktop/memorylake/DetailPanel_qml.cpp, .rcc/qmlcache/time-arc_qml/desktop/memorylake/DetailPanel_qml.cpp.aotstats
[74/230] Generating .rcc/qmlcache/time-arc_qml/desktop/memorylake/SilkyFlickable_qml.cpp, .rcc/qmlcache/time-arc_qml/desktop/memorylake/SilkyFlickable_qml.cpp.aotstats
[75/230] Generating .rcc/qmlcache/time-arc_qml/desktop/memorylake/CardCarousel_qml.cpp, .rcc/qmlcache/time-arc_qml/desktop/memorylake/CardCarousel_qml.cpp.aotstats
[76/230] Generating .rcc/qmlcache/time-arc_qml/desktop/memorylake/TodayConclusionCard_qml.cpp, .rcc/qmlcache/time-arc_qml/desktop/memorylake/TodayConclusionCard_qml.cpp.aotstats
[77/230] Generating .rcc/qmlcache/time-arc_qml/desktop/memorylake/MemoryCard_qml.cpp, .rcc/qmlcache/time-arc_qml/desktop/memorylake/MemoryCard_qml.cpp.aotstats
[78/230] Generating .rcc/qmlcache/time-arc_qml/desktop/memorylake/CalendarSyncList_qml.cpp, .rcc/qmlcache/time-arc_qml/desktop/memorylake/CalendarSyncList_qml.cpp.aotstats
[79/230] Generating .rcc/qmlcache/time-arc_qml/desktop/memorylake/GlassSwitch_qml.cpp, .rcc/qmlcache/time-arc_qml/desktop/memorylake/GlassSwitch_qml.cpp.aotstats
[80/230] Generating .rcc/qmlcache/time-arc_qml/desktop/memorylake/GlassSlider_qml.cpp, .rcc/qmlcache/time-arc_qml/desktop/memorylake/GlassSlider_qml.cpp.aotstats
[81/230] Generating .rcc/qmlcache/time-arc_qml/desktop/memorylake/GlassComboBox_qml.cpp, .rcc/qmlcache/time-arc_qml/desktop/memorylake/GlassComboBox_qml.cpp.aotstats
[82/230] Generating .rcc/qmlcache/time-arc_qml/desktop/memorylake/KbdChip_qml.cpp, .rcc/qmlcache/time-arc_qml/desktop/memorylake/KbdChip_qml.cpp.aotstats
[83/230] Generating .rcc/qmlcache/time-arc_qml/desktop/memorylake/NotifierTray_qml.cpp, .rcc/qmlcache/time-arc_qml/desktop/memorylake/NotifierTray_qml.cpp.aotstats
[84/230] Generating .rcc/qmlcache/time-arc_qml/desktop/memorylake/DailyUsageShare_qml.cpp, .rcc/qmlcache/time-arc_qml/desktop/memorylake/DailyUsageShare_qml.cpp.aotstats
[85/230] Generating .rcc/qmlcache/time-arc_qml/mobile/MobileTheme_qml.cpp, .rcc/qmlcache/time-arc_qml/mobile/MobileTheme_qml.cpp.aotstats
[86/230] Generating .rcc/qmlcache/time-arc_qml/desktop/memorylake/GlassTextField_qml.cpp, .rcc/qmlcache/time-arc_qml/desktop/memorylake/GlassTextField_qml.cpp.aotstats
[87/230] Generating .rcc/qmlcache/time-arc_qml/desktop/memorylake/RecapSlide_qml.cpp, .rcc/qmlcache/time-arc_qml/desktop/memorylake/RecapSlide_qml.cpp.aotstats
[88/230] Generating .rcc/qmlcache/time-arc_qml/mobile/components/MobileSectionTitle_qml.cpp, .rcc/qmlcache/time-arc_qml/mobile/components/MobileSectionTitle_qml.cpp.aotstats
[89/230] Generating .rcc/qmlcache/time-arc_qml/mobile/components/MobileStatusBar_qml.cpp, .rcc/qmlcache/time-arc_qml/mobile/components/MobileStatusBar_qml.cpp.aotstats
[90/230] Generating .rcc/qmlcache/time-arc_qml/mobile/pages/MobileStatsPage_qml.cpp, .rcc/qmlcache/time-arc_qml/mobile/pages/MobileStatsPage_qml.cpp.aotstats
[91/230] Generating .rcc/qmlcache/time-arc_qml/desktop/memorylake/RecapOverlay_qml.cpp, .rcc/qmlcache/time-arc_qml/desktop/memorylake/RecapOverlay_qml.cpp.aotstats
[92/230] Generating .rcc/qmlcache/time-arc_qml/mobile/components/MobileSwitch_qml.cpp, .rcc/qmlcache/time-arc_qml/mobile/components/MobileSwitch_qml.cpp.aotstats
[93/230] Generating .rcc/qmlcache/time-arc_qml/mobile/components/MobileGlassPanel_qml.cpp, .rcc/qmlcache/time-arc_qml/mobile/components/MobileGlassPanel_qml.cpp.aotstats
[94/230] Generating .rcc/qmlcache/time-arc_qml/mobile/components/MobileTabButton_qml.cpp, .rcc/qmlcache/time-arc_qml/mobile/components/MobileTabButton_qml.cpp.aotstats
[95/230] Generating .rcc/qmlcache/time-arc_qml/mobile/components/MobileSettingRow_qml.cpp, .rcc/qmlcache/time-arc_qml/mobile/components/MobileSettingRow_qml.cpp.aotstats
[96/230] Generating .rcc/qmlcache/time-arc_qml/mobile/components/MobileAppIcon_qml.cpp, .rcc/qmlcache/time-arc_qml/mobile/components/MobileAppIcon_qml.cpp.aotstats
[97/230] Generating .rcc/qmlcache/time-arc_qml/mobile/pages/MobileHomePage_qml.cpp, .rcc/qmlcache/time-arc_qml/mobile/pages/MobileHomePage_qml.cpp.aotstats
[98/230] Generating .rcc/qmlcache/time-arc_qml/mobile/components/MobileMonthProfiles_js.cpp
[99/230] Generating .rcc/qmlcache/time-arc_qml/mobile/components/MobileFlipCard_qml.cpp, .rcc/qmlcache/time-arc_qml/mobile/components/MobileFlipCard_qml.cpp.aotstats
[100/230] Generating .rcc/qmlcache/time-arc_qml/mobile/components/MobileUsageRankRow_qml.cpp, .rcc/qmlcache/time-arc_qml/mobile/components/MobileUsageRankRow_qml.cpp.aotstats
[101/230] Generating .rcc/qmlcache/time-arc_qml/mobile/components/MobileSeasonScene_qml.cpp, .rcc/qmlcache/time-arc_qml/mobile/components/MobileSeasonScene_qml.cpp.aotstats
[102/230] Generating .rcc/qmlcache/time-arc_qml/mobile/components/MobileRankingShareOverlay_qml.cpp, .rcc/qmlcache/time-arc_qml/mobile/components/MobileRankingShareOverlay_qml.cpp.aotstats
[103/230] Generating .rcc/qmlcache/time-arc_qml/mobile/pages/MobileSettingsPage_qml.cpp, .rcc/qmlcache/time-arc_qml/mobile/pages/MobileSettingsPage_qml.cpp.aotstats
[104/230] Generating .rcc/qmlcache/time-arc_qml/mobile/components/MobileShareOverlay_qml.cpp, .rcc/qmlcache/time-arc_qml/mobile/components/MobileShareOverlay_qml.cpp.aotstats
[105/230] Generating .rcc/qmlcache/time-arc_qml/mobile/components/MobileShareActionBar_qml.cpp, .rcc/qmlcache/time-arc_qml/mobile/components/MobileShareActionBar_qml.cpp.aotstats
[106/230] Generating .rcc/qmlcache/time-arc_qml/mobile/components/MobileRoundedFrame_qml.cpp, .rcc/qmlcache/time-arc_qml/mobile/components/MobileRoundedFrame_qml.cpp.aotstats
[107/230] Generating .rcc/qmlcache/time-arc_qml/mobile/components/monthly/MonthlyCoverPage_qml.cpp, .rcc/qmlcache/time-arc_qml/mobile/components/monthly/MonthlyCoverPage_qml.cpp.aotstats
[108/230] Generating .rcc/qmlcache/time-arc_qml/mobile/components/MobileMonthlyStory_qml.cpp, .rcc/qmlcache/time-arc_qml/mobile/components/MobileMonthlyStory_qml.cpp.aotstats
[109/230] Generating .rcc/qmlcache/time-arc_qml/mobile/components/monthly/MonthlyHighlightPage_qml.cpp, .rcc/qmlcache/time-arc_qml/mobile/components/monthly/MonthlyHighlightPage_qml.cpp.aotstats
[110/230] Generating .rcc/qmlcache/time-arc_qml/mobile/components/monthly/MonthlyOverviewPage_qml.cpp, .rcc/qmlcache/time-arc_qml/mobile/components/monthly/MonthlyOverviewPage_qml.cpp.aotstats
[111/230] Generating .rcc/qmlcache/time-arc_qml/mobile/pages/MobileHistoryPage_qml.cpp, .rcc/qmlcache/time-arc_qml/mobile/pages/MobileHistoryPage_qml.cpp.aotstats
[112/230] Generating .rcc/qmlcache/time-arc_qml/mobile/components/monthly/MonthlyCompanionPage_qml.cpp, .rcc/qmlcache/time-arc_qml/mobile/components/monthly/MonthlyCompanionPage_qml.cpp.aotstats
[113/230] Generating .rcc/qmlcache/time-arc_qml/mobile/components/monthly/MonthlyRankingPage_qml.cpp, .rcc/qmlcache/time-arc_qml/mobile/components/monthly/MonthlyRankingPage_qml.cpp.aotstats
[114/230] Generating .rcc/qmlcache/time-arc_qml/mobile/MobileAppShell_qml.cpp, .rcc/qmlcache/time-arc_qml/mobile/MobileAppShell_qml.cpp.aotstats
[115/230] Generating .rcc/qmlcache/time-arc_qml/mobile/components/monthly/MonthlySharePage_qml.cpp, .rcc/qmlcache/time-arc_qml/mobile/components/monthly/MonthlySharePage_qml.cpp.aotstats
[116/230] Building CXX object CMakeFiles/time-arc.dir/src/services/mobile/android_usage_jni_bridge.cpp.o
[117/230] Building CXX object CMakeFiles/time-arc.dir/src/services/app_repository.cpp.o
[118/230] Building CXX object CMakeFiles/time-arc.dir/src/services/frontmost_session_repository.cpp.o
[119/230] Building CXX object CMakeFiles/time-arc.dir/src/main.cpp.o
[120/230] Building CXX object CMakeFiles/time-arc.dir/src/services/media_session_repository.cpp.o
[121/230] Building CXX object CMakeFiles/time-arc.dir/src/services/manual_project_repository.cpp.o
[122/230] Building CXX object CMakeFiles/time-arc.dir/time-arc_autogen/mocs_compilation.cpp.o
[123/230] Building CXX object CMakeFiles/time-arc.dir/src/services/mobile/mobile_usage_repository.cpp.o
[124/230] Building CXX object CMakeFiles/time-arc.dir/src/services/database_manager.cpp.o
[125/230] Building CXX object CMakeFiles/time-arc.dir/src/services/timer_manager.cpp.o
[126/230] Building CXX object CMakeFiles/time-arc.dir/src/services/daily_card_service.cpp.o
[127/230] Building CXX object CMakeFiles/time-arc.dir/src/services/calendar_manager.cpp.o
[128/230] Building CXX object CMakeFiles/time-arc.dir/src/services/tag_repository.cpp.o
[129/230] Building CXX object CMakeFiles/time-arc.dir/src/services/stats_service.cpp.o
[130/230] Building CXX object CMakeFiles/time-arc.dir/src/services/settings_repository.cpp.o
[131/230] Building CXX object CMakeFiles/time-arc.dir/src/services/mobile/mobile_ui_service.cpp.o
[132/230] Building CXX object CMakeFiles/time-arc.dir/build/.qt/rcc/qrc_qmake_time_arc.cpp.o
[133/230] Building CXX object CMakeFiles/time-arc.dir/src/services/project_manager.cpp.o
[134/230] Building CXX object CMakeFiles/time-arc.dir/src/services/mobile/mobile_usage_service.cpp.o
[135/230] Building OBJCXX object CMakeFiles/time-arc.dir/src/services/macos/macos_launch_agent.mm.o
[136/230] Building CXX object CMakeFiles/time-arc.dir/src/services/harness_logger.cpp.o
[137/230] Building CXX object CMakeFiles/time-arc.dir/time-arc_qmltyperegistrations.cpp.o
[138/230] Building CXX object CMakeFiles/time-arc.dir/src/services/macos/macos_status_bar_icon.cpp.o
[139/230] Building CXX object CMakeFiles/time-arc.dir/src/services/app_icon_image_provider.cpp.o
[140/230] Building CXX object CMakeFiles/time-arc.dir/build/.rcc/qmlcache/time-arc_qml/main_qml.cpp.o
[141/230] Building OBJCXX object CMakeFiles/time-arc.dir/src/services/macos/macos_traffic_lights.mm.o
[142/230] Building CXX object CMakeFiles/time-arc.dir/build/.rcc/qmlcache/time-arc_qmlcache_loader.cpp.o
[143/230] Building CXX object CMakeFiles/time-arc.dir/src/services/usage_stat_manager.cpp.o
[144/230] Building CXX object CMakeFiles/time-arc.dir/build/.rcc/qmlcache/time-arc_qml/desktop/pages/DesktopTimerPage_qml.cpp.o
[145/230] Building CXX object CMakeFiles/time-arc.dir/build/.rcc/qmlcache/time-arc_qml/desktop/pages/DesktopHomePage_qml.cpp.o
[146/230] Building CXX object CMakeFiles/time-arc.dir/build/.rcc/qmlcache/time-arc_qml/desktop/DesktopAppShell_qml.cpp.o
[147/230] Building CXX object CMakeFiles/time-arc.dir/build/.rcc/qmlcache/time-arc_qml/desktop/pages/DesktopMonthlyRecapPage_qml.cpp.o
[148/230] Building CXX object CMakeFiles/time-arc.dir/build/.rcc/qmlcache/time-arc_qml/desktop/pages/DesktopMemoryLakePage_qml.cpp.o
[149/230] Building CXX object CMakeFiles/time-arc.dir/build/.rcc/qmlcache/time-arc_qml/desktop/components/SoftCard_qml.cpp.o
[150/230] Building CXX object CMakeFiles/time-arc.dir/build/.rcc/qmlcache/time-arc_qml/desktop/components/WindowChrome_qml.cpp.o
[151/230] Building CXX object CMakeFiles/time-arc.dir/build/.rcc/qmlcache/time-arc_qml/desktop/components/SoftPill_qml.cpp.o
[152/230] Building CXX object CMakeFiles/time-arc.dir/build/.rcc/qmlcache/time-arc_qml/desktop/pages/DesktopStatsPage_qml.cpp.o
[153/230] Building CXX object CMakeFiles/time-arc.dir/build/.rcc/qmlcache/time-arc_qml/desktop/components/DesktopDailyCardView_qml.cpp.o
[154/230] Building CXX object CMakeFiles/time-arc.dir/build/.rcc/qmlcache/time-arc_qml/desktop/components/SoftButton_qml.cpp.o
[155/230] Building CXX object CMakeFiles/time-arc.dir/build/.rcc/qmlcache/time-arc_qml/desktop/components/AppVisual_js.cpp.o
[156/230] Building CXX object CMakeFiles/time-arc.dir/build/.rcc/qmlcache/time-arc_qml/desktop/components/TagPalette_js.cpp.o
[157/230] Building CXX object CMakeFiles/time-arc.dir/build/.rcc/qmlcache/time-arc_qml/desktop/components/I18n_js.cpp.o
[158/230] Building CXX object CMakeFiles/time-arc.dir/build/.rcc/qmlcache/time-arc_qml/desktop/pages/DesktopProfilePage_qml.cpp.o
[159/230] Building CXX object CMakeFiles/time-arc.dir/build/.rcc/qmlcache/time-arc_qml/desktop/components/AchievementToast_qml.cpp.o
[160/230] Building CXX object CMakeFiles/time-arc.dir/build/.rcc/qmlcache/time-arc_qml/desktop/pages/DesktopCalenderPage_qml.cpp.o
[161/230] Building CXX object CMakeFiles/time-arc.dir/build/.rcc/qmlcache/time-arc_qml/desktop/memorylake/GenerativeCover_qml.cpp.o
[162/230] Building CXX object CMakeFiles/time-arc.dir/build/.rcc/qmlcache/time-arc_qml/desktop/memorylake/MemoryLakeStyle_qml.cpp.o
[163/230] Building CXX object CMakeFiles/time-arc.dir/build/.rcc/qmlcache/time-arc_qml/desktop/memorylake/MemoDotTexture_qml.cpp.o
[164/230] Building CXX object CMakeFiles/time-arc.dir/build/.rcc/qmlcache/time-arc_qml/desktop/memorylake/MemoInkCanvas_qml.cpp.o
[165/230] Building CXX object CMakeFiles/time-arc.dir/build/.rcc/qmlcache/time-arc_qml/desktop/memorylake/MemoToolGlyph_qml.cpp.o
[166/230] Building CXX object CMakeFiles/time-arc.dir/build/.rcc/qmlcache/time-arc_qml/desktop/memorylake/MemoToolbar_qml.cpp.o
[167/230] Building CXX object CMakeFiles/time-arc.dir/build/.rcc/qmlcache/time-arc_qml/desktop/memorylake/TextLayer_qml.cpp.o
[168/230] Building CXX object CMakeFiles/time-arc.dir/build/.rcc/qmlcache/time-arc_qml/desktop/memorylake/MemoOverlay_qml.cpp.o
[169/230] Building CXX object CMakeFiles/time-arc.dir/build/.rcc/qmlcache/time-arc_qml/desktop/memorylake/StickyNote_qml.cpp.o
[170/230] Building CXX object CMakeFiles/time-arc.dir/build/.rcc/qmlcache/time-arc_qml/desktop/memorylake/MemoPageFolder_qml.cpp.o
[171/230] Building CXX object CMakeFiles/time-arc.dir/build/.rcc/qmlcache/time-arc_qml/desktop/memorylake/PixelTomato_qml.cpp.o
[172/230] Building CXX object CMakeFiles/time-arc.dir/build/.rcc/qmlcache/time-arc_qml/desktop/memorylake/PomodoroCompleteOverlay_qml.cpp.o
[173/230] Building CXX object CMakeFiles/time-arc.dir/build/.rcc/qmlcache/time-arc_qml/desktop/memorylake/PomodoroWidget_qml.cpp.o
[174/230] Building CXX object CMakeFiles/time-arc.dir/build/.rcc/qmlcache/time-arc_qml/desktop/memorylake/GlassPanel_qml.cpp.o
[175/230] Building CXX object CMakeFiles/time-arc.dir/build/.rcc/qmlcache/time-arc_qml/desktop/memorylake/MemoDatePicker_qml.cpp.o
[176/230] Building CXX object CMakeFiles/time-arc.dir/build/.rcc/qmlcache/time-arc_qml/desktop/memorylake/AmbientBackground_qml.cpp.o
[177/230] Building CXX object CMakeFiles/time-arc.dir/build/.rcc/qmlcache/time-arc_qml/desktop/memorylake/GridTexture_qml.cpp.o
[178/230] Building CXX object CMakeFiles/time-arc.dir/build/.rcc/qmlcache/time-arc_qml/desktop/memorylake/GlowCircle_qml.cpp.o
[179/230] Building CXX object CMakeFiles/time-arc.dir/build/.rcc/qmlcache/time-arc_qml/desktop/memorylake/UsageRankList_qml.cpp.o
[180/230] Building CXX object CMakeFiles/time-arc.dir/build/.rcc/qmlcache/time-arc_qml/desktop/memorylake/RoundedFrame_qml.cpp.o
[181/230] Building CXX object CMakeFiles/time-arc.dir/build/.rcc/qmlcache/time-arc_qml/desktop/memorylake/FrostCard_qml.cpp.o
[182/230] Building CXX object CMakeFiles/time-arc.dir/build/.rcc/qmlcache/time-arc_qml/desktop/memorylake/MemoryCard_qml.cpp.o
[183/230] Building CXX object CMakeFiles/time-arc.dir/build/.rcc/qmlcache/time-arc_qml/desktop/memorylake/DetailPanel_qml.cpp.o
[184/230] Building CXX object CMakeFiles/time-arc.dir/build/.rcc/qmlcache/time-arc_qml/desktop/memorylake/TimeRiver_qml.cpp.o
[185/230] Building CXX object CMakeFiles/time-arc.dir/build/.rcc/qmlcache/time-arc_qml/desktop/memorylake/CardCarousel_qml.cpp.o
[186/230] Building CXX object CMakeFiles/time-arc.dir/build/.rcc/qmlcache/time-arc_qml/desktop/memorylake/TodayConclusionCard_qml.cpp.o
[187/230] Building CXX object CMakeFiles/time-arc.dir/build/.rcc/qmlcache/time-arc_qml/desktop/memorylake/TagChip_qml.cpp.o
[188/230] Building CXX object CMakeFiles/time-arc.dir/build/.rcc/qmlcache/time-arc_qml/desktop/memorylake/CalendarSyncList_qml.cpp.o
[189/230] Building CXX object CMakeFiles/time-arc.dir/build/.rcc/qmlcache/time-arc_qml/desktop/memorylake/DailyUsageShare_qml.cpp.o
[190/230] Building CXX object CMakeFiles/time-arc.dir/build/.rcc/qmlcache/time-arc_qml/desktop/memorylake/SilkyFlickable_qml.cpp.o
[191/230] Building CXX object CMakeFiles/time-arc.dir/build/.rcc/qmlcache/time-arc_qml/desktop/memorylake/GlassComboBox_qml.cpp.o
[192/230] Building CXX object CMakeFiles/time-arc.dir/build/.rcc/qmlcache/time-arc_qml/desktop/memorylake/GlassSwitch_qml.cpp.o
[193/230] Building CXX object CMakeFiles/time-arc.dir/build/.rcc/qmlcache/time-arc_qml/desktop/memorylake/RecapSlide_qml.cpp.o
[194/230] Building CXX object CMakeFiles/time-arc.dir/build/.rcc/qmlcache/time-arc_qml/desktop/memorylake/GlassSlider_qml.cpp.o
[195/230] Building CXX object CMakeFiles/time-arc.dir/build/.rcc/qmlcache/time-arc_qml/desktop/memorylake/RecapOverlay_qml.cpp.o
[196/230] Building CXX object CMakeFiles/time-arc.dir/build/.rcc/qmlcache/time-arc_qml/desktop/memorylake/GlassTextField_qml.cpp.o
[197/230] Building CXX object CMakeFiles/time-arc.dir/build/.rcc/qmlcache/time-arc_qml/desktop/memorylake/KbdChip_qml.cpp.o
[198/230] Building CXX object CMakeFiles/time-arc.dir/build/.rcc/qmlcache/time-arc_qml/desktop/memorylake/NotifierTray_qml.cpp.o
[199/230] Building CXX object CMakeFiles/time-arc.dir/build/.rcc/qmlcache/time-arc_qml/mobile/MobileAppShell_qml.cpp.o
[200/230] Building CXX object CMakeFiles/time-arc.dir/build/.rcc/qmlcache/time-arc_qml/mobile/MobileTheme_qml.cpp.o
[201/230] Building CXX object CMakeFiles/time-arc.dir/build/.rcc/qmlcache/time-arc_qml/mobile/components/MobileStatusBar_qml.cpp.o
[202/230] Building CXX object CMakeFiles/time-arc.dir/build/.rcc/qmlcache/time-arc_qml/mobile/pages/MobileHistoryPage_qml.cpp.o
[203/230] Building CXX object CMakeFiles/time-arc.dir/build/.rcc/qmlcache/time-arc_qml/mobile/pages/MobileHomePage_qml.cpp.o
[204/230] Building CXX object CMakeFiles/time-arc.dir/build/.rcc/qmlcache/time-arc_qml/mobile/components/MobileSwitch_qml.cpp.o
[205/230] Building CXX object CMakeFiles/time-arc.dir/build/.rcc/qmlcache/time-arc_qml/mobile/pages/MobileStatsPage_qml.cpp.o
[206/230] Building CXX object CMakeFiles/time-arc.dir/build/.rcc/qmlcache/time-arc_qml/mobile/components/MobileSectionTitle_qml.cpp.o
[207/230] Building CXX object CMakeFiles/time-arc.dir/build/.rcc/qmlcache/time-arc_qml/mobile/components/MobileSettingRow_qml.cpp.o
[208/230] Building CXX object CMakeFiles/time-arc.dir/build/.rcc/qmlcache/time-arc_qml/mobile/pages/MobileSettingsPage_qml.cpp.o
[209/230] Building CXX object CMakeFiles/time-arc.dir/build/.rcc/qmlcache/time-arc_qml/mobile/components/MobileTabButton_qml.cpp.o
[210/230] Building CXX object CMakeFiles/time-arc.dir/build/.rcc/qmlcache/time-arc_qml/mobile/components/MobileFlipCard_qml.cpp.o
[211/230] Building CXX object CMakeFiles/time-arc.dir/build/.rcc/qmlcache/time-arc_qml/mobile/components/MobileGlassPanel_qml.cpp.o
[212/230] Building CXX object CMakeFiles/time-arc.dir/build/.rcc/qmlcache/time-arc_qml/mobile/components/MobileMonthProfiles_js.cpp.o
[213/230] Building CXX object CMakeFiles/time-arc.dir/build/.rcc/qmlcache/time-arc_qml/mobile/components/MobileAppIcon_qml.cpp.o
[214/230] Building CXX object CMakeFiles/time-arc.dir/build/.rcc/qmlcache/time-arc_qml/mobile/components/MobileUsageRankRow_qml.cpp.o
[215/230] Building CXX object CMakeFiles/time-arc.dir/build/.rcc/qmlcache/time-arc_qml/mobile/components/MobileShareOverlay_qml.cpp.o
[216/230] Building CXX object CMakeFiles/time-arc.dir/build/.rcc/qmlcache/time-arc_qml/mobile/components/MobileMonthlyStory_qml.cpp.o
[217/230] Building CXX object CMakeFiles/time-arc.dir/build/.rcc/qmlcache/time-arc_qml/mobile/components/MobileSeasonScene_qml.cpp.o
[218/230] Building CXX object CMakeFiles/time-arc.dir/build/.rcc/qmlcache/time-arc_qml/mobile/components/MobileRankingShareOverlay_qml.cpp.o
[219/230] Building CXX object CMakeFiles/time-arc.dir/build/.qt/rcc/qrc_time-arc_raw_res_0.cpp.o
[220/230] Building CXX object CMakeFiles/time-arc.dir/build/.qt/rcc/qrc_time-arc_raw_qml_0_extra_qmldirs.cpp.o
[221/230] Building CXX object CMakeFiles/time-arc.dir/build/.qt/rcc/qrc_time-arc_raw_qml_0.cpp.o
[222/230] Building CXX object CMakeFiles/time-arc.dir/build/.rcc/qmlcache/time-arc_qml/mobile/components/MobileRoundedFrame_qml.cpp.o
[223/230] Building CXX object CMakeFiles/time-arc.dir/build/.rcc/qmlcache/time-arc_qml/mobile/components/MobileShareActionBar_qml.cpp.o
[224/230] Building CXX object CMakeFiles/time-arc.dir/build/.rcc/qmlcache/time-arc_qml/mobile/components/monthly/MonthlyCoverPage_qml.cpp.o
[225/230] Building CXX object CMakeFiles/time-arc.dir/build/.rcc/qmlcache/time-arc_qml/mobile/components/monthly/MonthlyOverviewPage_qml.cpp.o
[226/230] Building CXX object CMakeFiles/time-arc.dir/build/.rcc/qmlcache/time-arc_qml/mobile/components/monthly/MonthlyHighlightPage_qml.cpp.o
[227/230] Building CXX object CMakeFiles/time-arc.dir/build/.rcc/qmlcache/time-arc_qml/mobile/components/monthly/MonthlyCompanionPage_qml.cpp.o
[228/230] Building CXX object CMakeFiles/time-arc.dir/build/.rcc/qmlcache/time-arc_qml/mobile/components/monthly/MonthlyRankingPage_qml.cpp.o
[229/230] Building CXX object CMakeFiles/time-arc.dir/build/.rcc/qmlcache/time-arc_qml/mobile/components/monthly/MonthlySharePage_qml.cpp.o
[230/230] Linking CXX executable TimeArc.app/Contents/MacOS/TimeArc
