[  0%] Built target timearc_db_smoke_autogen_timestamp_deps
[ 14%] Automatic MOC and UIC for target timearc_db_smoke
[ 14%] Built target timearc_db_smoke_autogen
[ 28%] Building CXX object CMakeFiles/timearc_db_smoke.dir/timearc_db_smoke_autogen/mocs_compilation.cpp.o
[ 28%] Building CXX object CMakeFiles/timearc_db_smoke.dir/tests/db_smoke.cpp.o
[ 28%] Building CXX object CMakeFiles/timearc_db_smoke.dir/src/services/app_repository.cpp.o
[ 42%] Building CXX object CMakeFiles/timearc_db_smoke.dir/src/services/daily_card_service.cpp.o
[ 42%] Building CXX object CMakeFiles/timearc_db_smoke.dir/src/services/database_manager.cpp.o
[ 57%] Building CXX object CMakeFiles/timearc_db_smoke.dir/src/services/frontmost_session_repository.cpp.o
[ 57%] Building CXX object CMakeFiles/timearc_db_smoke.dir/src/services/manual_project_repository.cpp.o
[ 57%] Building CXX object CMakeFiles/timearc_db_smoke.dir/src/services/media_session_repository.cpp.o
[ 71%] Building CXX object CMakeFiles/timearc_db_smoke.dir/src/services/mobile/mobile_usage_repository.cpp.o
[ 71%] Building CXX object CMakeFiles/timearc_db_smoke.dir/src/services/mobile/android_usage_jni_bridge.cpp.o
[ 71%] Building CXX object CMakeFiles/timearc_db_smoke.dir/src/services/mobile/mobile_usage_service.cpp.o
[ 85%] Building CXX object CMakeFiles/timearc_db_smoke.dir/src/services/settings_repository.cpp.o
[ 85%] Building CXX object CMakeFiles/timearc_db_smoke.dir/src/services/stats_service.cpp.o
[ 85%] Building CXX object CMakeFiles/timearc_db_smoke.dir/src/services/calendar_manager.cpp.o
[100%] Building CXX object CMakeFiles/timearc_db_smoke.dir/src/services/project_manager.cpp.o
[100%] Linking CXX executable timearc_db_smoke
[100%] Built target timearc_db_smoke
