[1/202] Automatic MOC and UIC for target timearc_pomodoro_test
[2/201] Copying time-arc qml sources into build dir
[3/201] Automatic MOC and UIC for target timearc_db_smoke
[4/200] Running qmlimportscanner for time-arc
[5/200] Automatic MOC and UIC for target time-arc
[6/199] Running AUTOMOC file extraction for target time-arc
[7/26] Generating .rcc/qmlcache/time-arc_qml/desktop/components/I18n_js.cpp
[8/26] Generating .rcc/qmlcache/time-arc_qml/desktop/memorylake/DetailPanel_qml.cpp, .rcc/qmlcache/time-arc_qml/desktop/memorylake/DetailPanel_qml.cpp.aotstats
[9/26] Generating .rcc/qmlcache/time-arc_qml/desktop/memorylake/TodayConclusionCard_qml.cpp, .rcc/qmlcache/time-arc_qml/desktop/memorylake/TodayConclusionCard_qml.cpp.aotstats
[10/26] Generating .rcc/qmlcache/time-arc_qml/desktop/memorylake/MemoryCard_qml.cpp, .rcc/qmlcache/time-arc_qml/desktop/memorylake/MemoryCard_qml.cpp.aotstats
[11/26] Generating .rcc/qmlcache/time-arc_qml/desktop/pages/DesktopMemoryLakePage_qml.cpp, .rcc/qmlcache/time-arc_qml/desktop/pages/DesktopMemoryLakePage_qml.cpp.aotstats
[12/26] Generating .rcc/qmlcache/time-arc_qml/desktop/pages/DesktopStatsPage_qml.cpp, .rcc/qmlcache/time-arc_qml/desktop/pages/DesktopStatsPage_qml.cpp.aotstats
[13/26] Running rcc for resource time-arc_raw_qml_0
[14/26] Building CXX object CMakeFiles/time-arc.dir/build/.qt/rcc/qrc_time-arc_raw_qml_0.cpp.o
[15/26] Building CXX object CMakeFiles/time-arc.dir/build/.rcc/qmlcache/time-arc_qml/desktop/memorylake/DetailPanel_qml.cpp.o
[16/26] Building CXX object CMakeFiles/timearc_db_smoke.dir/src/services/daily_card_service.cpp.o
FAILED: [code=1] CMakeFiles/timearc_db_smoke.dir/src/services/daily_card_service.cpp.o 
/usr/bin/c++ -DQT_CORE_LIB -DQT_NO_DEBUG -DQT_SQL_LIB -I/Users/jz2025/Desktop/Development/TimeArc/build/timearc_db_smoke_autogen/include -I/Users/jz2025/Desktop/Development/TimeArc/src -I/Users/jz2025/Desktop/Development/TimeArc/src/services -isystem /opt/homebrew/lib/QtCore.framework/Headers -iframework /opt/homebrew/lib -isystem /opt/homebrew/share/qt/mkspecs/macx-clang -isystem /opt/homebrew/include -isystem /opt/homebrew/lib/QtSql.framework/Headers -O3 -DNDEBUG -std=gnu++17 -arch arm64 -MD -MT CMakeFiles/timearc_db_smoke.dir/src/services/daily_card_service.cpp.o -MF CMakeFiles/timearc_db_smoke.dir/src/services/daily_card_service.cpp.o.d -o CMakeFiles/timearc_db_smoke.dir/src/services/daily_card_service.cpp.o -c /Users/jz2025/Desktop/Development/TimeArc/src/services/daily_card_service.cpp
/Users/jz2025/Desktop/Development/TimeArc/src/services/daily_card_service.cpp:1401:45: error: use of undeclared identifier 'titleParams'
 1401 |     s.insert(QStringLiteral("titleParams"), titleParams);
      |                                             ^
/Users/jz2025/Desktop/Development/TimeArc/src/services/daily_card_service.cpp:1456:39: error: use of undeclared identifier 'title'
 1456 |     s.insert(QStringLiteral("title"), title);
      |                                       ^
2 errors generated.
[17/26] Building CXX object CMakeFiles/time-arc.dir/build/.rcc/qmlcache/time-arc_qml/desktop/components/I18n_js.cpp.o
[18/26] Building CXX object CMakeFiles/timearc_pomodoro_test.dir/src/services/daily_card_service.cpp.o
FAILED: [code=1] CMakeFiles/timearc_pomodoro_test.dir/src/services/daily_card_service.cpp.o 
/usr/bin/c++ -DQT_CORE_LIB -DQT_NO_DEBUG -DQT_SQL_LIB -I/Users/jz2025/Desktop/Development/TimeArc/build/timearc_pomodoro_test_autogen/include -I/Users/jz2025/Desktop/Development/TimeArc/src -I/Users/jz2025/Desktop/Development/TimeArc/src/services -isystem /opt/homebrew/lib/QtCore.framework/Headers -iframework /opt/homebrew/lib -isystem /opt/homebrew/share/qt/mkspecs/macx-clang -isystem /opt/homebrew/include -isystem /opt/homebrew/lib/QtSql.framework/Headers -O3 -DNDEBUG -std=gnu++17 -arch arm64 -MD -MT CMakeFiles/timearc_pomodoro_test.dir/src/services/daily_card_service.cpp.o -MF CMakeFiles/timearc_pomodoro_test.dir/src/services/daily_card_service.cpp.o.d -o CMakeFiles/timearc_pomodoro_test.dir/src/services/daily_card_service.cpp.o -c /Users/jz2025/Desktop/Development/TimeArc/src/services/daily_card_service.cpp
/Users/jz2025/Desktop/Development/TimeArc/src/services/daily_card_service.cpp:1401:45: error: use of undeclared identifier 'titleParams'
 1401 |     s.insert(QStringLiteral("titleParams"), titleParams);
      |                                             ^
/Users/jz2025/Desktop/Development/TimeArc/src/services/daily_card_service.cpp:1456:39: error: use of undeclared identifier 'title'
 1456 |     s.insert(QStringLiteral("title"), title);
      |                                       ^
2 errors generated.
[19/26] Building CXX object CMakeFiles/time-arc.dir/src/services/daily_card_service.cpp.o
FAILED: [code=1] CMakeFiles/time-arc.dir/src/services/daily_card_service.cpp.o 
/usr/bin/c++ -DQT_CORE_LIB -DQT_GUI_LIB -DQT_NETWORK_LIB -DQT_NO_DEBUG -DQT_OPENGL_LIB -DQT_QMLINTEGRATION_LIB -DQT_QML_LIB -DQT_QUICK_LIB -DQT_SQL_LIB -DQT_SVG_LIB -DQT_WIDGETS_LIB -I/Users/jz2025/Desktop/Development/TimeArc/build/time-arc_autogen/include -I/Users/jz2025/Desktop/Development/TimeArc/src -I/Users/jz2025/Desktop/Development/TimeArc/src/services -I/Users/jz2025/Desktop/Development/TimeArc -I/Users/jz2025/Desktop/Development/TimeArc/thirdparty/sqlite3 -I/Users/jz2025/Desktop/Development/TimeArc/thirdparty/parson -isystem /opt/homebrew/lib/QtQml.framework/Headers -iframework /opt/homebrew/lib -isystem /opt/homebrew/lib/QtCore.framework/Headers -isystem /opt/homebrew/share/qt/mkspecs/macx-clang -isystem /opt/homebrew/include -isystem /opt/homebrew/include/QtQmlIntegration -isystem /opt/homebrew/lib/QtNetwork.framework/Headers -isystem /opt/homebrew/lib/QtQuick.framework/Headers -isystem /opt/homebrew/lib/QtGui.framework/Headers -isystem /opt/homebrew/lib/QtOpenGL.framework/Headers -isystem /opt/homebrew/lib/QtSvg.framework/Headers -isystem /opt/homebrew/lib/QtSql.framework/Headers -isystem /opt/homebrew/lib/QtWidgets.framework/Headers -O3 -DNDEBUG -std=gnu++17 -arch arm64 -MD -MT CMakeFiles/time-arc.dir/src/services/daily_card_service.cpp.o -MF CMakeFiles/time-arc.dir/src/services/daily_card_service.cpp.o.d -o CMakeFiles/time-arc.dir/src/services/daily_card_service.cpp.o -c /Users/jz2025/Desktop/Development/TimeArc/src/services/daily_card_service.cpp
/Users/jz2025/Desktop/Development/TimeArc/src/services/daily_card_service.cpp:1401:45: error: use of undeclared identifier 'titleParams'
 1401 |     s.insert(QStringLiteral("titleParams"), titleParams);
      |                                             ^
/Users/jz2025/Desktop/Development/TimeArc/src/services/daily_card_service.cpp:1456:39: error: use of undeclared identifier 'title'
 1456 |     s.insert(QStringLiteral("title"), title);
      |                                       ^
2 errors generated.
[20/26] Building CXX object CMakeFiles/time-arc.dir/build/.rcc/qmlcache/time-arc_qml/desktop/memorylake/TodayConclusionCard_qml.cpp.o
[21/26] Building CXX object CMakeFiles/time-arc.dir/build/.rcc/qmlcache/time-arc_qml/desktop/memorylake/MemoryCard_qml.cpp.o
[22/26] Building CXX object CMakeFiles/time-arc.dir/build/.rcc/qmlcache/time-arc_qml/desktop/pages/DesktopMemoryLakePage_qml.cpp.o
[23/26] Building CXX object CMakeFiles/time-arc.dir/build/.rcc/qmlcache/time-arc_qml/desktop/pages/DesktopStatsPage_qml.cpp.o
ninja: build stopped: subcommand failed.
