[0/1] Re-running CMake...
CMake Warning at /opt/homebrew/share/cmake/Modules/Platform/Darwin-Initialize.cmake:251 (message):
  Ignoring CMAKE_OSX_SYSROOT value:

   /Applications/Xcode.app/Contents/Developer/Platforms/MacOSX.platform/Developer/SDKs/MacOSX26.sdk

  because the directory does not exist.
Call Stack (most recent call first):
  /opt/homebrew/share/cmake/Modules/CMakeSystemSpecificInitialize.cmake:35 (include)
  CMakeLists.txt:3 (project)


-- Could NOT find WrapVulkanHeaders (missing: Vulkan_INCLUDE_DIR) 
-- Could NOT find WrapVulkanHeaders (missing: Vulkan_INCLUDE_DIR) 
-- Configuring done (1.2s)
-- Generating done (0.2s)
-- Build files have been written to: /Users/jz2025/Desktop/Development/TimeArc/build
[1/152] Automatic MOC and UIC for target timearc_db_smoke
[2/150] Automatic MOC and UIC for target time-arc
[3/149] Running AUTOMOC file extraction for target time-arc
[4/9] Building C object src/service/CMakeFiles/time_arc_service.dir/shared/data_bridge.c.o
[5/9] Building C object src/service/CMakeFiles/time_arc_service.dir/shared/database_path.c.o
[6/9] Building C object src/service/CMakeFiles/time_arc_service.dir/shared/database_storage.c.o
[7/9] Building Swift Module 'time_arc_service' with 12 sources
[8/9] Linking Swift executable src/service/time-arc-service
