[1/281] Copying time-arc qml resources into build dir
[2/281] Copying time-arc qml sources into build dir
[3/281] Populating .qmlls.ini file at /Users/jz2025/Desktop/Development/TimeArc/build/.qt/qmlls.ini.build
[4/281] Generating timearc-backgrounds.rcc
[5/281] Generating timearc-monthly-recap.rcc
[6/281] Generating timearc-site-icons.rcc
[7/281] Copying OS X Content TimeArc.app/Contents/Library/LaunchAgents/com.timearc.service.plist
[8/281] Copying OS X Content TimeArc.app/Contents/Resources/TimeArc.icns
[9/281] Building C object src/service/CMakeFiles/time_arc_service.dir/shared/data_bridge.c.o
[10/281] Building C object src/service/CMakeFiles/time_arc_service.dir/shared/database_path.c.o
[11/281] Building C object src/service/CMakeFiles/time_arc_service.dir/shared/database_storage.c.o
[12/281] Copying .qmlls.ini file at /Users/jz2025/Desktop/Development/TimeArc/build/.qt/qmlls.ini.build to /Users/jz2025/Desktop/Development/TimeArc/.qmlls.ini
[13/281] Automatic MOC and UIC for target timearc_resource_bundle_smoke
[14/281] Building CXX object CMakeFiles/timearc_resource_bundle_smoke.dir/timearc_resource_bundle_smoke_autogen/mocs_compilation.cpp.o
[15/281] Building C object thirdparty/parson/CMakeFiles/time-arc-parson.dir/parson.c.o
[16/281] Linking C static library thirdparty/parson/libtime-arc-parson.a
[17/281] Running qmlimportscanner for time-arc
[18/281] Automatic MOC and UIC for target timearc_db_smoke
[19/281] Automatic MOC and UIC for target timearc_pomodoro_test
[20/281] Building Swift Module 'time_arc_service' with 12 sources
[21/281] Building CXX object CMakeFiles/timearc_resource_bundle_smoke.dir/tests/resource_bundle_smoke.cpp.o
[22/281] Building CXX object CMakeFiles/timearc_db_smoke.dir/src/services/frontmost_session_repository.cpp.o
[23/281] Building CXX object CMakeFiles/timearc_db_smoke.dir/timearc_db_smoke_autogen/mocs_compilation.cpp.o
[24/281] Building C object thirdparty/sqlite3/CMakeFiles/time-arc-sqlite3.dir/sqlite3.c.o
[25/281] Building CXX object CMakeFiles/timearc_db_smoke.dir/src/services/app_repository.cpp.o
[26/281] Linking C static library thirdparty/sqlite3/libtime-arc-sqlite3.a
[27/281] Building CXX object CMakeFiles/timearc_db_smoke.dir/src/services/manual_project_repository.cpp.o
[28/281] Building CXX object CMakeFiles/timearc_db_smoke.dir/src/services/database_manager.cpp.o
[29/281] Building CXX object CMakeFiles/timearc_db_smoke.dir/src/services/media_session_repository.cpp.o
[30/281] Linking Swift executable src/service/time-arc-service
[31/281] Building CXX object CMakeFiles/timearc_db_smoke.dir/src/services/mobile/mobile_usage_repository.cpp.o
[32/281] Building CXX object CMakeFiles/timearc_db_smoke.dir/src/services/mobile/android_usage_jni_bridge.cpp.o
[33/281] Building CXX object CMakeFiles/timearc_db_smoke.dir/src/services/daily_card_service.cpp.o
[34/281] Building CXX object CMakeFiles/timearc_db_smoke.dir/src/services/settings_repository.cpp.o
[35/281] Building CXX object CMakeFiles/timearc_db_smoke.dir/src/services/calendar_manager.cpp.o
[36/281] Building CXX object CMakeFiles/timearc_db_smoke.dir/src/services/stats_service.cpp.o
[37/281] Automatic MOC and UIC for target time-arc
[38/281] Running AUTOMOC file extraction for target time-arc
[39/281] Running moc --collect-json for target time-arc
[40/281] Automatic QML type registration for target time-arc
[41/281] Running rcc for resource qmake_time_arc
[42/281] Generating .rcc/qmlcache/time-arc_qmlcache_loader.cpp
[43/281] Building CXX object CMakeFiles/timearc_db_smoke.dir/src/services/project_manager.cpp.o
[44/281] Generating .rcc/qmlcache/time-arc_qml/main_qml.cpp, .rcc/qmlcache/time-arc_qml/main_qml.cpp.aotstats
[45/281] Generating .rcc/qmlcache/time-arc_qml/desktop/MacMenuBar_qml.cpp, .rcc/qmlcache/time-arc_qml/desktop/MacMenuBar_qml.cpp.aotstats
[46/281] Generating .rcc/qmlcache/time-arc_qml/desktop/DesktopAppShell_qml.cpp, .rcc/qmlcache/time-arc_qml/desktop/DesktopAppShell_qml.cpp.aotstats
[47/281] Generating .rcc/qmlcache/time-arc_qml/desktop/PomodoroLayer_qml.cpp, .rcc/qmlcache/time-arc_qml/desktop/PomodoroLayer_qml.cpp.aotstats
[48/281] Building CXX object CMakeFiles/timearc_db_smoke.dir/src/services/mobile/mobile_usage_service.cpp.o
[49/281] Building CXX object CMakeFiles/timearc_db_smoke.dir/tests/db_smoke.cpp.o
[50/281] Generating .rcc/qmlcache/time-arc_qml/desktop/pages/DesktopHomePage_qml.cpp, .rcc/qmlcache/time-arc_qml/desktop/pages/DesktopHomePage_qml.cpp.aotstats
[51/281] Building CXX object CMakeFiles/timearc_pomodoro_test.dir/timearc_pomodoro_test_autogen/mocs_compilation.cpp.o
[52/281] Generating .rcc/qmlcache/time-arc_qml/desktop/pages/DesktopMemoryLakePage_qml.cpp, .rcc/qmlcache/time-arc_qml/desktop/pages/DesktopMemoryLakePage_qml.cpp.aotstats
[53/281] Generating .rcc/qmlcache/time-arc_qml/desktop/pages/DesktopTimerPage_qml.cpp, .rcc/qmlcache/time-arc_qml/desktop/pages/DesktopTimerPage_qml.cpp.aotstats
[54/281] Building CXX object CMakeFiles/timearc_pomodoro_test.dir/src/services/pomodoro_manager.cpp.o
[55/281] Building CXX object CMakeFiles/timearc_pomodoro_test.dir/tests/pomodoro_manager_test.cpp.o
[56/281] Generating .rcc/qmlcache/time-arc_qml/desktop/components/SoftCard_qml.cpp, .rcc/qmlcache/time-arc_qml/desktop/components/SoftCard_qml.cpp.aotstats
[57/281] Generating .rcc/qmlcache/time-arc_qml/desktop/pages/DesktopMonthlyRecapPage_qml.cpp, .rcc/qmlcache/time-arc_qml/desktop/pages/DesktopMonthlyRecapPage_qml.cpp.aotstats
[58/281] Generating .rcc/qmlcache/time-arc_qml/desktop/components/WindowChrome_qml.cpp, .rcc/qmlcache/time-arc_qml/desktop/components/WindowChrome_qml.cpp.aotstats
[59/281] Generating .rcc/qmlcache/time-arc_qml/desktop/components/SoftButton_qml.cpp, .rcc/qmlcache/time-arc_qml/desktop/components/SoftButton_qml.cpp.aotstats
[60/281] Generating .rcc/qmlcache/time-arc_qml/desktop/components/SoftPill_qml.cpp, .rcc/qmlcache/time-arc_qml/desktop/components/SoftPill_qml.cpp.aotstats
[61/281] Generating .rcc/qmlcache/time-arc_qml/desktop/components/DesktopDailyCardView_qml.cpp, .rcc/qmlcache/time-arc_qml/desktop/components/DesktopDailyCardView_qml.cpp.aotstats
[62/281] Generating .rcc/qmlcache/time-arc_qml/desktop/components/Hotkeys_js.cpp
[63/281] Generating .rcc/qmlcache/time-arc_qml/desktop/components/AppVisual_js.cpp
[64/281] Generating .rcc/qmlcache/time-arc_qml/desktop/pages/DesktopStatsPage_qml.cpp, .rcc/qmlcache/time-arc_qml/desktop/pages/DesktopStatsPage_qml.cpp.aotstats
[65/281] Generating .rcc/qmlcache/time-arc_qml/desktop/components/I18n_js.cpp
[66/281] Generating .rcc/qmlcache/time-arc_qml/desktop/components/AchievementToast_qml.cpp, .rcc/qmlcache/time-arc_qml/desktop/components/AchievementToast_qml.cpp.aotstats
[67/281] Generating .rcc/qmlcache/time-arc_qml/desktop/components/PlatformCursor_js.cpp
[68/281] Generating .rcc/qmlcache/time-arc_qml/desktop/components/TagPalette_js.cpp
[69/281] Generating .rcc/qmlcache/time-arc_qml/desktop/memorylake/GenerativeCover_qml.cpp, .rcc/qmlcache/time-arc_qml/desktop/memorylake/GenerativeCover_qml.cpp.aotstats
[70/281] Generating .rcc/qmlcache/time-arc_qml/desktop/memorylake/MemoDotTexture_qml.cpp, .rcc/qmlcache/time-arc_qml/desktop/memorylake/MemoDotTexture_qml.cpp.aotstats
[71/281] Generating .rcc/qmlcache/time-arc_qml/desktop/memorylake/MemoInkCanvas_qml.cpp, .rcc/qmlcache/time-arc_qml/desktop/memorylake/MemoInkCanvas_qml.cpp.aotstats
[72/281] Generating .rcc/qmlcache/time-arc_qml/desktop/memorylake/MemoryLakeStyle_qml.cpp, .rcc/qmlcache/time-arc_qml/desktop/memorylake/MemoryLakeStyle_qml.cpp.aotstats
[73/281] Building CXX object CMakeFiles/timearc_pomodoro_test.dir/src/services/timer_manager.cpp.o
[74/281] Generating .rcc/qmlcache/time-arc_qml/desktop/memorylake/MemoToolGlyph_qml.cpp, .rcc/qmlcache/time-arc_qml/desktop/memorylake/MemoToolGlyph_qml.cpp.aotstats
[75/281] Generating .rcc/qmlcache/time-arc_qml/desktop/pages/DesktopProfilePage_qml.cpp, .rcc/qmlcache/time-arc_qml/desktop/pages/DesktopProfilePage_qml.cpp.aotstats
[76/281] Generating .rcc/qmlcache/time-arc_qml/desktop/memorylake/TextLayer_qml.cpp, .rcc/qmlcache/time-arc_qml/desktop/memorylake/TextLayer_qml.cpp.aotstats
[77/281] Generating .rcc/qmlcache/time-arc_qml/desktop/memorylake/MemoToolbar_qml.cpp, .rcc/qmlcache/time-arc_qml/desktop/memorylake/MemoToolbar_qml.cpp.aotstats
[78/281] Generating .rcc/qmlcache/time-arc_qml/desktop/memorylake/StickyNote_qml.cpp, .rcc/qmlcache/time-arc_qml/desktop/memorylake/StickyNote_qml.cpp.aotstats
[79/281] Generating .rcc/qmlcache/time-arc_qml/desktop/memorylake/PixelTomato_qml.cpp, .rcc/qmlcache/time-arc_qml/desktop/memorylake/PixelTomato_qml.cpp.aotstats
[80/281] Generating .rcc/qmlcache/time-arc_qml/desktop/memorylake/MemoPageFolder_qml.cpp, .rcc/qmlcache/time-arc_qml/desktop/memorylake/MemoPageFolder_qml.cpp.aotstats
[81/281] Generating .rcc/qmlcache/time-arc_qml/desktop/memorylake/PomodoroWidget_qml.cpp, .rcc/qmlcache/time-arc_qml/desktop/memorylake/PomodoroWidget_qml.cpp.aotstats
[82/281] Generating .rcc/qmlcache/time-arc_qml/desktop/memorylake/MemoDatePicker_qml.cpp, .rcc/qmlcache/time-arc_qml/desktop/memorylake/MemoDatePicker_qml.cpp.aotstats
[83/281] Generating .rcc/qmlcache/time-arc_qml/desktop/memorylake/GlassPanel_qml.cpp, .rcc/qmlcache/time-arc_qml/desktop/memorylake/GlassPanel_qml.cpp.aotstats
[84/281] Generating .rcc/qmlcache/time-arc_qml/desktop/memorylake/PomodoroCompleteOverlay_qml.cpp, .rcc/qmlcache/time-arc_qml/desktop/memorylake/PomodoroCompleteOverlay_qml.cpp.aotstats
[85/281] Generating .rcc/qmlcache/time-arc_qml/desktop/memorylake/GridTexture_qml.cpp, .rcc/qmlcache/time-arc_qml/desktop/memorylake/GridTexture_qml.cpp.aotstats
[86/281] Generating .rcc/qmlcache/time-arc_qml/desktop/memorylake/GlowCircle_qml.cpp, .rcc/qmlcache/time-arc_qml/desktop/memorylake/GlowCircle_qml.cpp.aotstats
[87/281] Generating .rcc/qmlcache/time-arc_qml/desktop/memorylake/AmbientBackground_qml.cpp, .rcc/qmlcache/time-arc_qml/desktop/memorylake/AmbientBackground_qml.cpp.aotstats
[88/281] Generating .rcc/qmlcache/time-arc_qml/desktop/memorylake/UsageRankList_qml.cpp, .rcc/qmlcache/time-arc_qml/desktop/memorylake/UsageRankList_qml.cpp.aotstats
[89/281] Generating .rcc/qmlcache/time-arc_qml/desktop/memorylake/RoundedFrame_qml.cpp, .rcc/qmlcache/time-arc_qml/desktop/memorylake/RoundedFrame_qml.cpp.aotstats
[90/281] Generating .rcc/qmlcache/time-arc_qml/desktop/memorylake/MemoOverlay_qml.cpp, .rcc/qmlcache/time-arc_qml/desktop/memorylake/MemoOverlay_qml.cpp.aotstats
[91/281] Generating .rcc/qmlcache/time-arc_qml/desktop/memorylake/FrostCard_qml.cpp, .rcc/qmlcache/time-arc_qml/desktop/memorylake/FrostCard_qml.cpp.aotstats
[92/281] Generating .rcc/qmlcache/time-arc_qml/desktop/memorylake/MemoryCard_qml.cpp, .rcc/qmlcache/time-arc_qml/desktop/memorylake/MemoryCard_qml.cpp.aotstats
[93/281] Generating .rcc/qmlcache/time-arc_qml/desktop/memorylake/DetailPanel_qml.cpp, .rcc/qmlcache/time-arc_qml/desktop/memorylake/DetailPanel_qml.cpp.aotstats
[94/281] Generating .rcc/qmlcache/time-arc_qml/desktop/memorylake/TodayConclusionCard_qml.cpp, .rcc/qmlcache/time-arc_qml/desktop/memorylake/TodayConclusionCard_qml.cpp.aotstats
[95/281] Generating .rcc/qmlcache/time-arc_qml/desktop/memorylake/CardCarousel_qml.cpp, .rcc/qmlcache/time-arc_qml/desktop/memorylake/CardCarousel_qml.cpp.aotstats
[96/281] Generating .rcc/qmlcache/time-arc_qml/desktop/memorylake/TimeRiver_qml.cpp, .rcc/qmlcache/time-arc_qml/desktop/memorylake/TimeRiver_qml.cpp.aotstats
[97/281] Generating .rcc/qmlcache/time-arc_qml/desktop/memorylake/DailyUsageShare_qml.cpp, .rcc/qmlcache/time-arc_qml/desktop/memorylake/DailyUsageShare_qml.cpp.aotstats
[98/281] Generating .rcc/qmlcache/time-arc_qml/desktop/pages/DesktopCalenderPage_qml.cpp, .rcc/qmlcache/time-arc_qml/desktop/pages/DesktopCalenderPage_qml.cpp.aotstats
[99/281] Generating .rcc/qmlcache/time-arc_qml/desktop/memorylake/TagChip_qml.cpp, .rcc/qmlcache/time-arc_qml/desktop/memorylake/TagChip_qml.cpp.aotstats
[100/281] Generating .rcc/qmlcache/time-arc_qml/desktop/memorylake/SilkyFlickable_qml.cpp, .rcc/qmlcache/time-arc_qml/desktop/memorylake/SilkyFlickable_qml.cpp.aotstats
[101/281] Generating .rcc/qmlcache/time-arc_qml/desktop/memorylake/GlassSlider_qml.cpp, .rcc/qmlcache/time-arc_qml/desktop/memorylake/GlassSlider_qml.cpp.aotstats
[102/281] Generating .rcc/qmlcache/time-arc_qml/desktop/memorylake/GlassComboBox_qml.cpp, .rcc/qmlcache/time-arc_qml/desktop/memorylake/GlassComboBox_qml.cpp.aotstats
[103/281] Generating .rcc/qmlcache/time-arc_qml/desktop/memorylake/GlassSwitch_qml.cpp, .rcc/qmlcache/time-arc_qml/desktop/memorylake/GlassSwitch_qml.cpp.aotstats
[104/281] Generating .rcc/qmlcache/time-arc_qml/desktop/memorylake/GlassTextField_qml.cpp, .rcc/qmlcache/time-arc_qml/desktop/memorylake/GlassTextField_qml.cpp.aotstats
[105/281] Generating .rcc/qmlcache/time-arc_qml/desktop/memorylake/KbdChip_qml.cpp, .rcc/qmlcache/time-arc_qml/desktop/memorylake/KbdChip_qml.cpp.aotstats
[106/281] Generating .rcc/qmlcache/time-arc_qml/desktop/memorylake/CalendarSyncList_qml.cpp, .rcc/qmlcache/time-arc_qml/desktop/memorylake/CalendarSyncList_qml.cpp.aotstats
[107/281] Generating .rcc/qmlcache/time-arc_qml/mobile/MobileTheme_qml.cpp, .rcc/qmlcache/time-arc_qml/mobile/MobileTheme_qml.cpp.aotstats
[108/281] Generating .rcc/qmlcache/time-arc_qml/desktop/memorylake/NotifierTray_qml.cpp, .rcc/qmlcache/time-arc_qml/desktop/memorylake/NotifierTray_qml.cpp.aotstats
[109/281] Generating .rcc/qmlcache/time-arc_qml/desktop/memorylake/RecapSlide_qml.cpp, .rcc/qmlcache/time-arc_qml/desktop/memorylake/RecapSlide_qml.cpp.aotstats
[110/281] Generating .rcc/qmlcache/time-arc_qml/mobile/pages/MobileHomePage_qml.cpp, .rcc/qmlcache/time-arc_qml/mobile/pages/MobileHomePage_qml.cpp.aotstats
[111/281] Generating .rcc/qmlcache/time-arc_qml/desktop/memorylake/RecapOverlay_qml.cpp, .rcc/qmlcache/time-arc_qml/desktop/memorylake/RecapOverlay_qml.cpp.aotstats
[112/281] Generating .rcc/qmlcache/time-arc_qml/mobile/components/MobileStatusBar_qml.cpp, .rcc/qmlcache/time-arc_qml/mobile/components/MobileStatusBar_qml.cpp.aotstats
[113/281] Generating .rcc/qmlcache/time-arc_qml/mobile/components/MobileSectionTitle_qml.cpp, .rcc/qmlcache/time-arc_qml/mobile/components/MobileSectionTitle_qml.cpp.aotstats
[114/281] Generating .rcc/qmlcache/time-arc_qml/mobile/pages/MobileStatsPage_qml.cpp, .rcc/qmlcache/time-arc_qml/mobile/pages/MobileStatsPage_qml.cpp.aotstats
[115/281] Generating .rcc/qmlcache/time-arc_qml/mobile/components/MobileSwitch_qml.cpp, .rcc/qmlcache/time-arc_qml/mobile/components/MobileSwitch_qml.cpp.aotstats
[116/281] Generating .rcc/qmlcache/time-arc_qml/mobile/components/MobileSettingRow_qml.cpp, .rcc/qmlcache/time-arc_qml/mobile/components/MobileSettingRow_qml.cpp.aotstats
[117/281] Generating .rcc/qmlcache/time-arc_qml/mobile/pages/MobileHistoryPage_qml.cpp, .rcc/qmlcache/time-arc_qml/mobile/pages/MobileHistoryPage_qml.cpp.aotstats
[118/281] Generating .rcc/qmlcache/time-arc_qml/mobile/components/MobileTabButton_qml.cpp, .rcc/qmlcache/time-arc_qml/mobile/components/MobileTabButton_qml.cpp.aotstats
[119/281] Generating .rcc/qmlcache/time-arc_qml/mobile/components/MobileGlassPanel_qml.cpp, .rcc/qmlcache/time-arc_qml/mobile/components/MobileGlassPanel_qml.cpp.aotstats
[120/281] Generating .rcc/qmlcache/time-arc_qml/mobile/components/MobileFlipCard_qml.cpp, .rcc/qmlcache/time-arc_qml/mobile/components/MobileFlipCard_qml.cpp.aotstats
[121/281] Generating .rcc/qmlcache/time-arc_qml/mobile/components/MobileSymbolIcon_qml.cpp, .rcc/qmlcache/time-arc_qml/mobile/components/MobileSymbolIcon_qml.cpp.aotstats
[122/281] Generating .rcc/qmlcache/time-arc_qml/mobile/components/MobileLaunchOverlay_qml.cpp, .rcc/qmlcache/time-arc_qml/mobile/components/MobileLaunchOverlay_qml.cpp.aotstats
[123/281] Generating .rcc/qmlcache/time-arc_qml/mobile/components/MobileAppIcon_qml.cpp, .rcc/qmlcache/time-arc_qml/mobile/components/MobileAppIcon_qml.cpp.aotstats
[124/281] Generating .rcc/qmlcache/time-arc_qml/mobile/components/MobileMonthProfiles_js.cpp
[125/281] Generating .rcc/qmlcache/time-arc_qml/mobile/components/MobileUsageRankRow_qml.cpp, .rcc/qmlcache/time-arc_qml/mobile/components/MobileUsageRankRow_qml.cpp.aotstats
[126/281] Generating .rcc/qmlcache/time-arc_qml/mobile/components/MobileShareOverlay_qml.cpp, .rcc/qmlcache/time-arc_qml/mobile/components/MobileShareOverlay_qml.cpp.aotstats
[127/281] Generating .rcc/qmlcache/time-arc_qml/mobile/pages/MobileSettingsPage_qml.cpp, .rcc/qmlcache/time-arc_qml/mobile/pages/MobileSettingsPage_qml.cpp.aotstats
[128/281] Generating .rcc/qmlcache/time-arc_qml/mobile/components/MobileSeasonScene_qml.cpp, .rcc/qmlcache/time-arc_qml/mobile/components/MobileSeasonScene_qml.cpp.aotstats
[129/281] Generating .rcc/qmlcache/time-arc_qml/mobile/components/MobileRankingShareOverlay_qml.cpp, .rcc/qmlcache/time-arc_qml/mobile/components/MobileRankingShareOverlay_qml.cpp.aotstats
[130/281] Generating .rcc/qmlcache/time-arc_qml/mobile/components/MobileShareActionBar_qml.cpp, .rcc/qmlcache/time-arc_qml/mobile/components/MobileShareActionBar_qml.cpp.aotstats
[131/281] Generating .rcc/qmlcache/time-arc_qml/mobile/components/monthly/MonthlyCoverPage_qml.cpp, .rcc/qmlcache/time-arc_qml/mobile/components/monthly/MonthlyCoverPage_qml.cpp.aotstats
[132/281] Generating .rcc/qmlcache/time-arc_qml/mobile/components/MobileRoundedFrame_qml.cpp, .rcc/qmlcache/time-arc_qml/mobile/components/MobileRoundedFrame_qml.cpp.aotstats
[133/281] Generating .rcc/qmlcache/time-arc_qml/mobile/components/monthly/MonthlyOverviewPage_qml.cpp, .rcc/qmlcache/time-arc_qml/mobile/components/monthly/MonthlyOverviewPage_qml.cpp.aotstats
[134/281] Generating .rcc/qmlcache/time-arc_qml/mobile/components/monthly/MonthlyHighlightPage_qml.cpp, .rcc/qmlcache/time-arc_qml/mobile/components/monthly/MonthlyHighlightPage_qml.cpp.aotstats
[135/281] Generating .rcc/qmlcache/time-arc_qml/mobile/components/MobileMonthlyStory_qml.cpp, .rcc/qmlcache/time-arc_qml/mobile/components/MobileMonthlyStory_qml.cpp.aotstats
[136/281] Running rcc for resource time-arc_raw_res_0
[137/281] Generating .rcc/qmlcache/time-arc_qml/mobile/components/monthly/MonthlyCompanionPage_qml.cpp, .rcc/qmlcache/time-arc_qml/mobile/components/monthly/MonthlyCompanionPage_qml.cpp.aotstats
[138/281] Generating .rcc/qmlcache/time-arc_qml/mobile/components/monthly/MonthlyRankingPage_qml.cpp, .rcc/qmlcache/time-arc_qml/mobile/components/monthly/MonthlyRankingPage_qml.cpp.aotstats
[139/281] Generating .rcc/qmlcache/time-arc_qml/mobile/components/monthly/MonthlySharePage_qml.cpp, .rcc/qmlcache/time-arc_qml/mobile/components/monthly/MonthlySharePage_qml.cpp.aotstats
[140/281] Generating .rcc/qmlcache/time-arc_qml/mobile/MobileAppShell_qml.cpp, .rcc/qmlcache/time-arc_qml/mobile/MobileAppShell_qml.cpp.aotstats
[141/281] Building CXX object CMakeFiles/timearc_pomodoro_test.dir/src/services/app_repository.cpp.o
[142/281] Running rcc for resource time-arc_raw_qml_0
[143/281] Building CXX object CMakeFiles/timearc_pomodoro_test.dir/src/services/mobile/android_usage_jni_bridge.cpp.o
[144/281] Building CXX object CMakeFiles/timearc_pomodoro_test.dir/src/services/frontmost_session_repository.cpp.o
[145/281] Building CXX object CMakeFiles/timearc_pomodoro_test.dir/src/services/media_session_repository.cpp.o
[146/281] Building CXX object CMakeFiles/timearc_pomodoro_test.dir/src/services/daily_card_service.cpp.o
[147/281] Building CXX object CMakeFiles/timearc_pomodoro_test.dir/src/services/manual_project_repository.cpp.o
[148/281] Building CXX object CMakeFiles/timearc_pomodoro_test.dir/src/services/settings_repository.cpp.o
[149/281] Building CXX object CMakeFiles/timearc_pomodoro_test.dir/src/services/mobile/mobile_usage_repository.cpp.o
[150/281] Building CXX object CMakeFiles/timearc_pomodoro_test.dir/src/services/database_manager.cpp.o
[151/281] Building CXX object CMakeFiles/time-arc.dir/time-arc_autogen/mocs_compilation.cpp.o
[152/281] Building CXX object CMakeFiles/timearc_pomodoro_test.dir/src/services/mobile/mobile_usage_service.cpp.o
[153/281] Building CXX object CMakeFiles/time-arc.dir/src/main.cpp.o
[154/281] Building CXX object CMakeFiles/time-arc.dir/src/services/frontmost_session_repository.cpp.o
[155/281] Building CXX object CMakeFiles/time-arc.dir/src/services/app_repository.cpp.o
[156/281] Building CXX object CMakeFiles/time-arc.dir/src/services/media_session_repository.cpp.o
[157/281] Building CXX object CMakeFiles/time-arc.dir/src/services/manual_project_repository.cpp.o
[158/281] Building CXX object CMakeFiles/time-arc.dir/src/services/mobile/android_usage_jni_bridge.cpp.o
[159/281] Building CXX object CMakeFiles/time-arc.dir/src/services/database_manager.cpp.o
[160/281] Building CXX object CMakeFiles/time-arc.dir/src/services/mobile/mobile_usage_repository.cpp.o
[161/281] Building CXX object CMakeFiles/time-arc.dir/src/services/calendar_manager.cpp.o
[162/281] Building CXX object CMakeFiles/time-arc.dir/src/services/stats_service.cpp.o
[163/281] Building CXX object CMakeFiles/time-arc.dir/src/services/daily_card_service.cpp.o
[164/281] Building CXX object CMakeFiles/time-arc.dir/src/services/settings_repository.cpp.o
[165/281] Building CXX object CMakeFiles/time-arc.dir/src/services/tag_repository.cpp.o
[166/281] Building CXX object CMakeFiles/time-arc.dir/src/services/timer_manager.cpp.o
[167/281] Building CXX object CMakeFiles/time-arc.dir/src/services/project_manager.cpp.o
[168/281] Building CXX object CMakeFiles/time-arc.dir/src/services/pomodoro_manager.cpp.o
[169/281] Building CXX object CMakeFiles/time-arc.dir/src/services/mobile/mobile_ui_service.cpp.o
[170/281] Building CXX object CMakeFiles/time-arc.dir/src/services/mobile/mobile_usage_service.cpp.o
[171/281] Building CXX object CMakeFiles/time-arc.dir/build/.qt/rcc/qrc_qmake_time_arc.cpp.o
[172/281] Building OBJCXX object CMakeFiles/time-arc.dir/src/services/macos/macos_launch_agent.mm.o
[173/281] Building CXX object CMakeFiles/time-arc.dir/src/services/harness_logger.cpp.o
[174/281] Building CXX object CMakeFiles/time-arc.dir/time-arc_qmltyperegistrations.cpp.o
[175/281] Building CXX object CMakeFiles/time-arc.dir/src/services/macos/macos_menu_localizer.cpp.o
[176/281] Building CXX object CMakeFiles/time-arc.dir/src/services/macos/macos_status_bar_icon.cpp.o
[177/281] Building OBJCXX object CMakeFiles/time-arc.dir/src/services/macos/macos_app_lifecycle.mm.o
[178/281] Building CXX object CMakeFiles/time-arc.dir/src/services/app_icon_image_provider.cpp.o
[179/281] Building OBJCXX object CMakeFiles/time-arc.dir/src/services/macos/macos_traffic_lights.mm.o
[180/281] Building CXX object CMakeFiles/time-arc.dir/build/.rcc/qmlcache/time-arc_qmlcache_loader.cpp.o
[181/281] Building CXX object CMakeFiles/time-arc.dir/build/.rcc/qmlcache/time-arc_qml/main_qml.cpp.o
[182/281] Building CXX object CMakeFiles/time-arc.dir/build/.rcc/qmlcache/time-arc_qml/desktop/PomodoroLayer_qml.cpp.o
[183/281] Building CXX object CMakeFiles/time-arc.dir/build/.rcc/qmlcache/time-arc_qml/desktop/MacMenuBar_qml.cpp.o
[184/281] Building CXX object CMakeFiles/time-arc.dir/build/.rcc/qmlcache/time-arc_qml/desktop/pages/DesktopHomePage_qml.cpp.o
[185/281] Building CXX object CMakeFiles/time-arc.dir/src/services/usage_stat_manager.cpp.o
[186/281] Building CXX object CMakeFiles/time-arc.dir/build/.rcc/qmlcache/time-arc_qml/desktop/pages/DesktopTimerPage_qml.cpp.o
[187/281] Building CXX object CMakeFiles/time-arc.dir/build/.rcc/qmlcache/time-arc_qml/desktop/DesktopAppShell_qml.cpp.o
[188/281] Building CXX object CMakeFiles/time-arc.dir/build/.rcc/qmlcache/time-arc_qml/desktop/pages/DesktopMemoryLakePage_qml.cpp.o
[189/281] Building CXX object CMakeFiles/time-arc.dir/build/.rcc/qmlcache/time-arc_qml/desktop/pages/DesktopMonthlyRecapPage_qml.cpp.o
[190/281] Building CXX object CMakeFiles/time-arc.dir/build/.rcc/qmlcache/time-arc_qml/desktop/components/SoftCard_qml.cpp.o
[191/281] Building CXX object CMakeFiles/time-arc.dir/build/.rcc/qmlcache/time-arc_qml/desktop/components/WindowChrome_qml.cpp.o
[192/281] Building CXX object CMakeFiles/time-arc.dir/build/.rcc/qmlcache/time-arc_qml/desktop/components/DesktopDailyCardView_qml.cpp.o
[193/281] Building CXX object CMakeFiles/time-arc.dir/build/.rcc/qmlcache/time-arc_qml/desktop/components/SoftPill_qml.cpp.o
[194/281] Building CXX object CMakeFiles/time-arc.dir/build/.rcc/qmlcache/time-arc_qml/desktop/components/SoftButton_qml.cpp.o
[195/281] Building CXX object CMakeFiles/time-arc.dir/build/.rcc/qmlcache/time-arc_qml/desktop/pages/DesktopProfilePage_qml.cpp.o
[196/281] Building CXX object CMakeFiles/time-arc.dir/build/.rcc/qmlcache/time-arc_qml/desktop/pages/DesktopStatsPage_qml.cpp.o
[197/281] Building CXX object CMakeFiles/time-arc.dir/build/.rcc/qmlcache/time-arc_qml/desktop/components/AppVisual_js.cpp.o
[198/281] Building CXX object CMakeFiles/time-arc.dir/build/.rcc/qmlcache/time-arc_qml/desktop/pages/DesktopCalenderPage_qml.cpp.o
[199/281] Building CXX object CMakeFiles/time-arc.dir/build/.rcc/qmlcache/time-arc_qml/desktop/components/Hotkeys_js.cpp.o
[200/281] Building CXX object CMakeFiles/time-arc.dir/build/.rcc/qmlcache/time-arc_qml/desktop/components/AchievementToast_qml.cpp.o
[201/281] Building CXX object CMakeFiles/time-arc.dir/build/.rcc/qmlcache/time-arc_qml/desktop/components/I18n_js.cpp.o
[202/281] Building CXX object CMakeFiles/time-arc.dir/build/.rcc/qmlcache/time-arc_qml/desktop/components/PlatformCursor_js.cpp.o
[203/281] Building CXX object CMakeFiles/time-arc.dir/build/.rcc/qmlcache/time-arc_qml/desktop/components/TagPalette_js.cpp.o
[204/281] Building CXX object CMakeFiles/time-arc.dir/build/.rcc/qmlcache/time-arc_qml/desktop/memorylake/GenerativeCover_qml.cpp.o
[205/281] Building CXX object CMakeFiles/time-arc.dir/build/.rcc/qmlcache/time-arc_qml/desktop/memorylake/MemoryLakeStyle_qml.cpp.o
[206/281] Building CXX object CMakeFiles/time-arc.dir/build/.rcc/qmlcache/time-arc_qml/desktop/memorylake/MemoDotTexture_qml.cpp.o
[207/281] Building CXX object CMakeFiles/time-arc.dir/build/.rcc/qmlcache/time-arc_qml/desktop/memorylake/MemoInkCanvas_qml.cpp.o
[208/281] Building CXX object CMakeFiles/time-arc.dir/build/.rcc/qmlcache/time-arc_qml/desktop/memorylake/MemoToolGlyph_qml.cpp.o
[209/281] Building CXX object CMakeFiles/time-arc.dir/build/.rcc/qmlcache/time-arc_qml/desktop/memorylake/TextLayer_qml.cpp.o
[210/281] Building CXX object CMakeFiles/time-arc.dir/build/.rcc/qmlcache/time-arc_qml/desktop/memorylake/MemoOverlay_qml.cpp.o
[211/281] Building CXX object CMakeFiles/time-arc.dir/build/.rcc/qmlcache/time-arc_qml/desktop/memorylake/MemoToolbar_qml.cpp.o
[212/281] Building CXX object CMakeFiles/time-arc.dir/build/.rcc/qmlcache/time-arc_qml/desktop/memorylake/MemoPageFolder_qml.cpp.o
[213/281] Building CXX object CMakeFiles/time-arc.dir/build/.rcc/qmlcache/time-arc_qml/desktop/memorylake/PixelTomato_qml.cpp.o
[214/281] Building CXX object CMakeFiles/time-arc.dir/build/.rcc/qmlcache/time-arc_qml/desktop/memorylake/StickyNote_qml.cpp.o
[215/281] Building CXX object CMakeFiles/time-arc.dir/build/.rcc/qmlcache/time-arc_qml/desktop/memorylake/PomodoroCompleteOverlay_qml.cpp.o
[216/281] Building CXX object CMakeFiles/time-arc.dir/build/.rcc/qmlcache/time-arc_qml/desktop/memorylake/PomodoroWidget_qml.cpp.o
[217/281] Building CXX object CMakeFiles/time-arc.dir/build/.rcc/qmlcache/time-arc_qml/desktop/memorylake/MemoDatePicker_qml.cpp.o
[218/281] Building CXX object CMakeFiles/time-arc.dir/build/.rcc/qmlcache/time-arc_qml/desktop/memorylake/GlowCircle_qml.cpp.o
[219/281] Building CXX object CMakeFiles/time-arc.dir/build/.rcc/qmlcache/time-arc_qml/desktop/memorylake/GlassPanel_qml.cpp.o
[220/281] Building CXX object CMakeFiles/time-arc.dir/build/.rcc/qmlcache/time-arc_qml/desktop/memorylake/AmbientBackground_qml.cpp.o
[221/281] Building CXX object CMakeFiles/time-arc.dir/build/.rcc/qmlcache/time-arc_qml/desktop/memorylake/GridTexture_qml.cpp.o
[222/281] Building CXX object CMakeFiles/time-arc.dir/build/.rcc/qmlcache/time-arc_qml/desktop/memorylake/RoundedFrame_qml.cpp.o
[223/281] Building CXX object CMakeFiles/time-arc.dir/build/.rcc/qmlcache/time-arc_qml/desktop/memorylake/UsageRankList_qml.cpp.o
[224/281] Building CXX object CMakeFiles/time-arc.dir/build/.rcc/qmlcache/time-arc_qml/desktop/memorylake/MemoryCard_qml.cpp.o
[225/281] Building CXX object CMakeFiles/time-arc.dir/build/.rcc/qmlcache/time-arc_qml/desktop/memorylake/FrostCard_qml.cpp.o
[226/281] Building CXX object CMakeFiles/time-arc.dir/build/.rcc/qmlcache/time-arc_qml/desktop/memorylake/TimeRiver_qml.cpp.o
[227/281] Building CXX object CMakeFiles/time-arc.dir/build/.rcc/qmlcache/time-arc_qml/desktop/memorylake/CardCarousel_qml.cpp.o
[228/281] Building CXX object CMakeFiles/time-arc.dir/build/.rcc/qmlcache/time-arc_qml/desktop/memorylake/DetailPanel_qml.cpp.o
[229/281] Building CXX object CMakeFiles/time-arc.dir/build/.rcc/qmlcache/time-arc_qml/desktop/memorylake/TagChip_qml.cpp.o
[230/281] Building CXX object CMakeFiles/time-arc.dir/build/.rcc/qmlcache/time-arc_qml/desktop/memorylake/CalendarSyncList_qml.cpp.o
[231/281] Building CXX object CMakeFiles/time-arc.dir/build/.rcc/qmlcache/time-arc_qml/desktop/memorylake/TodayConclusionCard_qml.cpp.o
[232/281] Building CXX object CMakeFiles/time-arc.dir/build/.rcc/qmlcache/time-arc_qml/desktop/memorylake/SilkyFlickable_qml.cpp.o
[233/281] Building CXX object CMakeFiles/time-arc.dir/build/.rcc/qmlcache/time-arc_qml/desktop/memorylake/DailyUsageShare_qml.cpp.o
[234/281] Building CXX object CMakeFiles/time-arc.dir/build/.rcc/qmlcache/time-arc_qml/desktop/memorylake/GlassSwitch_qml.cpp.o
[235/281] Building CXX object CMakeFiles/time-arc.dir/build/.rcc/qmlcache/time-arc_qml/desktop/memorylake/RecapSlide_qml.cpp.o
[236/281] Building CXX object CMakeFiles/time-arc.dir/build/.rcc/qmlcache/time-arc_qml/desktop/memorylake/GlassSlider_qml.cpp.o
[237/281] Building CXX object CMakeFiles/time-arc.dir/build/.rcc/qmlcache/time-arc_qml/desktop/memorylake/GlassComboBox_qml.cpp.o
[238/281] Building CXX object CMakeFiles/time-arc.dir/build/.rcc/qmlcache/time-arc_qml/desktop/memorylake/RecapOverlay_qml.cpp.o
[239/281] Building CXX object CMakeFiles/time-arc.dir/build/.rcc/qmlcache/time-arc_qml/desktop/memorylake/GlassTextField_qml.cpp.o
[240/281] Building CXX object CMakeFiles/time-arc.dir/build/.rcc/qmlcache/time-arc_qml/desktop/memorylake/NotifierTray_qml.cpp.o
[241/281] Building CXX object CMakeFiles/time-arc.dir/build/.rcc/qmlcache/time-arc_qml/desktop/memorylake/KbdChip_qml.cpp.o
[242/281] Building CXX object CMakeFiles/time-arc.dir/build/.rcc/qmlcache/time-arc_qml/mobile/MobileAppShell_qml.cpp.o
[243/281] Building CXX object CMakeFiles/time-arc.dir/build/.rcc/qmlcache/time-arc_qml/mobile/MobileTheme_qml.cpp.o
[244/281] Building CXX object CMakeFiles/time-arc.dir/build/.rcc/qmlcache/time-arc_qml/mobile/components/MobileStatusBar_qml.cpp.o
[245/281] Building CXX object CMakeFiles/time-arc.dir/build/.rcc/qmlcache/time-arc_qml/mobile/components/MobileSwitch_qml.cpp.o
[246/281] Building CXX object CMakeFiles/time-arc.dir/build/.rcc/qmlcache/time-arc_qml/mobile/pages/MobileHomePage_qml.cpp.o
[247/281] Building CXX object CMakeFiles/time-arc.dir/build/.rcc/qmlcache/time-arc_qml/mobile/components/MobileSectionTitle_qml.cpp.o
[248/281] Building CXX object CMakeFiles/time-arc.dir/build/.rcc/qmlcache/time-arc_qml/mobile/pages/MobileHistoryPage_qml.cpp.o
[249/281] Building CXX object CMakeFiles/time-arc.dir/build/.rcc/qmlcache/time-arc_qml/mobile/pages/MobileStatsPage_qml.cpp.o
[250/281] Building CXX object CMakeFiles/time-arc.dir/build/.rcc/qmlcache/time-arc_qml/mobile/components/MobileSettingRow_qml.cpp.o
[251/281] Building CXX object CMakeFiles/time-arc.dir/build/.rcc/qmlcache/time-arc_qml/mobile/pages/MobileSettingsPage_qml.cpp.o
[252/281] Building CXX object CMakeFiles/time-arc.dir/build/.rcc/qmlcache/time-arc_qml/mobile/components/MobileTabButton_qml.cpp.o
[253/281] Building CXX object CMakeFiles/time-arc.dir/build/.rcc/qmlcache/time-arc_qml/mobile/components/MobileFlipCard_qml.cpp.o
[254/281] Building CXX object CMakeFiles/time-arc.dir/build/.rcc/qmlcache/time-arc_qml/mobile/components/MobileGlassPanel_qml.cpp.o
[255/281] Building CXX object CMakeFiles/time-arc.dir/build/.rcc/qmlcache/time-arc_qml/mobile/components/MobileSymbolIcon_qml.cpp.o
[256/281] Building CXX object CMakeFiles/time-arc.dir/build/.rcc/qmlcache/time-arc_qml/mobile/components/MobileLaunchOverlay_qml.cpp.o
[257/281] Building CXX object CMakeFiles/time-arc.dir/build/.rcc/qmlcache/time-arc_qml/mobile/components/MobileAppIcon_qml.cpp.o
[258/281] Building CXX object CMakeFiles/time-arc.dir/build/.rcc/qmlcache/time-arc_qml/mobile/components/MobileUsageRankRow_qml.cpp.o
[259/281] Building CXX object CMakeFiles/time-arc.dir/build/.rcc/qmlcache/time-arc_qml/mobile/components/MobileMonthProfiles_js.cpp.o
[260/281] Building CXX object CMakeFiles/time-arc.dir/build/.rcc/qmlcache/time-arc_qml/mobile/components/MobileShareOverlay_qml.cpp.o
[261/281] Building CXX object CMakeFiles/time-arc.dir/build/.rcc/qmlcache/time-arc_qml/mobile/components/MobileMonthlyStory_qml.cpp.o
[262/281] Building CXX object CMakeFiles/time-arc.dir/build/.rcc/qmlcache/time-arc_qml/mobile/components/MobileSeasonScene_qml.cpp.o
[263/281] Building CXX object CMakeFiles/time-arc.dir/build/.rcc/qmlcache/time-arc_qml/mobile/components/MobileRankingShareOverlay_qml.cpp.o
[264/281] Building CXX object CMakeFiles/time-arc.dir/build/.rcc/qmlcache/time-arc_qml/mobile/components/MobileRoundedFrame_qml.cpp.o
[265/281] Building CXX object CMakeFiles/time-arc.dir/build/.rcc/qmlcache/time-arc_qml/mobile/components/MobileShareActionBar_qml.cpp.o
[266/281] Building CXX object CMakeFiles/time-arc.dir/build/.qt/rcc/qrc_time-arc_raw_qml_0_extra_qmldirs.cpp.o
[267/281] Building CXX object CMakeFiles/time-arc.dir/build/.qt/rcc/qrc_time-arc_raw_qml_0.cpp.o
[268/281] Building CXX object CMakeFiles/time-arc.dir/build/.qt/rcc/qrc_time-arc_raw_res_0.cpp.o
[269/281] Building CXX object CMakeFiles/time-arc.dir/build/.rcc/qmlcache/time-arc_qml/mobile/components/monthly/MonthlyOverviewPage_qml.cpp.o
[270/281] Linking CXX executable timearc_resource_bundle_smoke
[271/281] Building CXX object CMakeFiles/time-arc.dir/build/.rcc/qmlcache/time-arc_qml/mobile/components/monthly/MonthlyCoverPage_qml.cpp.o
[272/281] Linking CXX executable timearc_db_smoke
[273/281] Building CXX object CMakeFiles/time-arc.dir/build/.rcc/qmlcache/time-arc_qml/mobile/components/monthly/MonthlyHighlightPage_qml.cpp.o
[274/281] Building CXX object CMakeFiles/time-arc.dir/build/.rcc/qmlcache/time-arc_qml/mobile/components/monthly/MonthlyCompanionPage_qml.cpp.o
[275/281] Building CXX object CMakeFiles/time-arc.dir/build/.rcc/qmlcache/time-arc_qml/mobile/components/monthly/MonthlyRankingPage_qml.cpp.o
[276/281] Building CXX object CMakeFiles/time-arc.dir/build/.rcc/qmlcache/time-arc_qml/mobile/components/monthly/MonthlySharePage_qml.cpp.o
[277/281] Building CXX object CMakeFiles/timearc_pomodoro_test.dir/src/services/calendar_manager.cpp.o
[278/281] Building CXX object CMakeFiles/timearc_pomodoro_test.dir/src/services/stats_service.cpp.o
[279/281] Building CXX object CMakeFiles/timearc_pomodoro_test.dir/src/services/project_manager.cpp.o
[280/281] Linking CXX executable timearc_pomodoro_test
[281/281] Linking CXX executable TimeArc.app/Contents/MacOS/TimeArc
