-- Could NOT find WrapVulkanHeaders (missing: Vulkan_INCLUDE_DIR) 
-- Could NOT find WrapVulkanHeaders (missing: Vulkan_INCLUDE_DIR) 
-- Configuring done (13.3s)
-- Generating done (3.1s)
-- Build files have been written to: F:/TimeArc/time-arc/build
[  2%] Built target time-arc-sqlite3
[  3%] Built target generate_qmlls_build_ini_file
[  4%] Copying time-arc qml sources into build dir
[  4%] Built target time-arc_copy_qml
[  6%] Copying time-arc qml resources into build dir
[  6%] Built target time-arc_copy_res
[  7%] Running qmlimportscanner for time-arc
[  7%] Built target time-arc_qmlimportscan
[  9%] Built target time-arc-parson
[  9%] Built target time-arc_autogen_timestamp_deps
[  9%] Automatic MOC and UIC for target time-arc
[  9%] Built target time-arc_autogen
[ 10%] Running AUTOMOC file extraction for target time-arc
[ 10%] Generating meta_types/qt6time-arc_metatypes.json
[ 12%] Running rcc for resource qmake_time_arc
[ 13%] Running rcc for resource time-arc_raw_qml_0
[ 14%] Running rcc for resource time-arc_raw_qml_0_extra_qmldirs
[ 15%] Running rcc for resource time-arc_raw_res_0
[ 17%] Generating .rcc/qmlcache/time-arc_qml/desktop/DesktopAppShell_qml.cpp, .rcc/qmlcache/time-arc_qml/desktop/DesktopAppShell_qml.cpp.aotstats
[ 18%] Generating .rcc/qmlcache/time-arc_qml/desktop/components/AchievementToast_qml.cpp, .rcc/qmlcache/time-arc_qml/desktop/components/AchievementToast_qml.cpp.aotstats
[ 19%] Generating .rcc/qmlcache/time-arc_qml/desktop/components/SoftButton_qml.cpp, .rcc/qmlcache/time-arc_qml/desktop/components/SoftButton_qml.cpp.aotstats
[ 20%] Generating .rcc/qmlcache/time-arc_qml/desktop/components/SoftCard_qml.cpp, .rcc/qmlcache/time-arc_qml/desktop/components/SoftCard_qml.cpp.aotstats
[ 20%] Generating .rcc/qmlcache/time-arc_qml/desktop/components/SoftPill_qml.cpp, .rcc/qmlcache/time-arc_qml/desktop/components/SoftPill_qml.cpp.aotstats
[ 21%] Generating .rcc/qmlcache/time-arc_qml/desktop/pages/DesktopCalenderPage_qml.cpp, .rcc/qmlcache/time-arc_qml/desktop/pages/DesktopCalenderPage_qml.cpp.aotstats
[ 23%] Generating .rcc/qmlcache/time-arc_qml/desktop/pages/DesktopChatPage_qml.cpp, .rcc/qmlcache/time-arc_qml/desktop/pages/DesktopChatPage_qml.cpp.aotstats
[ 23%] Generating .rcc/qmlcache/time-arc_qml/desktop/pages/DesktopHomePage_qml.cpp, .rcc/qmlcache/time-arc_qml/desktop/pages/DesktopHomePage_qml.cpp.aotstats
[ 24%] Generating .rcc/qmlcache/time-arc_qml/desktop/pages/DesktopMemoryLakePage_qml.cpp, .rcc/qmlcache/time-arc_qml/desktop/pages/DesktopMemoryLakePage_qml.cpp.aotstats
[ 25%] Generating .rcc/qmlcache/time-arc_qml/desktop/pages/DesktopProfilePage_qml.cpp, .rcc/qmlcache/time-arc_qml/desktop/pages/DesktopProfilePage_qml.cpp.aotstats
[ 26%] Generating .rcc/qmlcache/time-arc_qml/desktop/pages/DesktopStatsPage_qml.cpp, .rcc/qmlcache/time-arc_qml/desktop/pages/DesktopStatsPage_qml.cpp.aotstats
[ 28%] Generating .rcc/qmlcache/time-arc_qml/desktop/pages/DesktopTimerPage_qml.cpp, .rcc/qmlcache/time-arc_qml/desktop/pages/DesktopTimerPage_qml.cpp.aotstats
[ 29%] Generating .rcc/qmlcache/time-arc_qml/main_qml.cpp, .rcc/qmlcache/time-arc_qml/main_qml.cpp.aotstats
[ 30%] Generating .rcc/qmlcache/time-arc_qmlcache_loader.cpp
[ 30%] Running AUTOMOC file extraction for target time-arc
[ 30%] Generating meta_types/qt6time-arc_metatypes.json
[ 31%] Building CXX object CMakeFiles/time-arc.dir/build/.qt/rcc/qrc_qmake_time_arc.cpp.obj
[ 32%] Building CXX object CMakeFiles/time-arc.dir/build/.rcc/qmlcache/time-arc_qmlcache_loader.cpp.obj
[ 34%] Building CXX object CMakeFiles/time-arc.dir/build/.rcc/qmlcache/time-arc_qml/main_qml.cpp.obj
[ 35%] Building CXX object CMakeFiles/time-arc.dir/build/.rcc/qmlcache/time-arc_qml/desktop/DesktopAppShell_qml.cpp.obj
[ 36%] Building CXX object CMakeFiles/time-arc.dir/build/.rcc/qmlcache/time-arc_qml/desktop/pages/DesktopHomePage_qml.cpp.obj
[ 37%] Building CXX object CMakeFiles/time-arc.dir/build/.rcc/qmlcache/time-arc_qml/desktop/pages/DesktopChatPage_qml.cpp.obj
[ 39%] Building CXX object CMakeFiles/time-arc.dir/build/.rcc/qmlcache/time-arc_qml/desktop/pages/DesktopMemoryLakePage_qml.cpp.obj
[ 39%] Building CXX object CMakeFiles/time-arc.dir/build/.rcc/qmlcache/time-arc_qml/desktop/pages/DesktopCalenderPage_qml.cpp.obj
[ 40%] Building CXX object CMakeFiles/time-arc.dir/build/.rcc/qmlcache/time-arc_qml/desktop/pages/DesktopTimerPage_qml.cpp.obj
[ 41%] Building CXX object CMakeFiles/time-arc.dir/build/.rcc/qmlcache/time-arc_qml/desktop/pages/DesktopProfilePage_qml.cpp.obj
[ 42%] Building CXX object CMakeFiles/time-arc.dir/build/.rcc/qmlcache/time-arc_qml/desktop/pages/DesktopStatsPage_qml.cpp.obj
[ 43%] Building CXX object CMakeFiles/time-arc.dir/build/.rcc/qmlcache/time-arc_qml/desktop/components/SoftCard_qml.cpp.obj
[ 45%] Building CXX object CMakeFiles/time-arc.dir/build/.rcc/qmlcache/time-arc_qml/desktop/components/SoftPill_qml.cpp.obj
[ 46%] Building CXX object CMakeFiles/time-arc.dir/build/.rcc/qmlcache/time-arc_qml/desktop/components/SoftButton_qml.cpp.obj
[ 47%] Building CXX object CMakeFiles/time-arc.dir/build/.rcc/qmlcache/time-arc_qml/desktop/components/AchievementToast_qml.cpp.obj
[ 47%] Building CXX object CMakeFiles/time-arc.dir/build/.qt/rcc/qrc_time-arc_raw_qml_0.cpp.obj
[ 48%] Building CXX object CMakeFiles/time-arc.dir/build/.qt/rcc/qrc_time-arc_raw_res_0.cpp.obj
[ 50%] Building CXX object CMakeFiles/time-arc.dir/build/.qt/rcc/qrc_time-arc_raw_qml_0_extra_qmldirs.cpp.obj
[ 51%] Linking CXX executable TimeArc.exe
[ 73%] Built target time-arc
[ 73%] Built target timearc_db_smoke_autogen_timestamp_deps
[ 74%] Automatic MOC and UIC for target timearc_db_smoke
[ 74%] Built target timearc_db_smoke_autogen
[ 89%] Built target timearc_db_smoke
[100%] Built target time_arc_service
