[1/204] Automatic MOC and UIC for target timearc_pomodoro_test
[2/204] Automatic MOC and UIC for target time-arc
[3/204] Automatic MOC and UIC for target timearc_db_smoke
[4/204] Running AUTOMOC file extraction for target time-arc
[5/204] Running moc --collect-json for target time-arc
[6/20] Building CXX object CMakeFiles/timearc_db_smoke.dir/timearc_db_smoke_autogen/mocs_compilation.cpp.o
[7/20] Building CXX object CMakeFiles/timearc_pomodoro_test.dir/timearc_pomodoro_test_autogen/mocs_compilation.cpp.o
[8/20] Building CXX object CMakeFiles/timearc_db_smoke.dir/tests/db_smoke.cpp.o
FAILED: [code=1] CMakeFiles/timearc_db_smoke.dir/tests/db_smoke.cpp.o 
/usr/bin/c++ -DQT_CORE_LIB -DQT_NO_DEBUG -DQT_SQL_LIB -I/Users/jz2025/Desktop/Development/TimeArc/build/timearc_db_smoke_autogen/include -I/Users/jz2025/Desktop/Development/TimeArc/src -I/Users/jz2025/Desktop/Development/TimeArc/src/services -isystem /opt/homebrew/lib/QtCore.framework/Headers -iframework /opt/homebrew/lib -isystem /opt/homebrew/share/qt/mkspecs/macx-clang -isystem /opt/homebrew/include -isystem /opt/homebrew/lib/QtSql.framework/Headers -O3 -DNDEBUG -std=gnu++17 -arch arm64 -MD -MT CMakeFiles/timearc_db_smoke.dir/tests/db_smoke.cpp.o -MF CMakeFiles/timearc_db_smoke.dir/tests/db_smoke.cpp.o.d -o CMakeFiles/timearc_db_smoke.dir/tests/db_smoke.cpp.o -c /Users/jz2025/Desktop/Development/TimeArc/tests/db_smoke.cpp
/Users/jz2025/Desktop/Development/TimeArc/tests/db_smoke.cpp:2258:27: error: use of undeclared identifier 'materialize'
 2258 |     const RuleSet owned = materialize(defaults);
      |                           ^
1 error generated.
[9/20] Building CXX object CMakeFiles/time-arc.dir/src/main.cpp.o
[10/20] Building CXX object CMakeFiles/time-arc.dir/time-arc_autogen/mocs_compilation.cpp.o
[11/20] Building CXX object CMakeFiles/timearc_db_smoke.dir/src/services/categorization_manager.cpp.o
[12/20] Building CXX object CMakeFiles/timearc_pomodoro_test.dir/src/services/categorization_manager.cpp.o
[13/20] Building CXX object CMakeFiles/time-arc.dir/src/services/categorization_manager.cpp.o
[14/20] Building CXX object CMakeFiles/time-arc.dir/src/services/daily_card_service.cpp.o
[15/20] Building CXX object CMakeFiles/timearc_pomodoro_test.dir/src/services/daily_card_service.cpp.o
[16/20] Building CXX object CMakeFiles/timearc_db_smoke.dir/src/services/daily_card_service.cpp.o
[17/20] Building CXX object CMakeFiles/time-arc.dir/src/services/usage_stat_manager.cpp.o
ninja: build stopped: subcommand failed.
