[1/204] Automatic MOC and UIC for target timearc_db_smoke
[2/204] Automatic MOC and UIC for target timearc_pomodoro_test
[3/204] Automatic MOC and UIC for target time-arc
[4/204] Running AUTOMOC file extraction for target time-arc
[5/204] Running moc --collect-json for target time-arc
[6/204] Automatic QML type registration for target time-arc
[7/204] Generating .rcc/qmlcache/time-arc_qml/desktop/PomodoroLayer_qml.cpp, .rcc/qmlcache/time-arc_qml/desktop/PomodoroLayer_qml.cpp.aotstats
[8/204] Generating .rcc/qmlcache/time-arc_qml/desktop/MacMenuBar_qml.cpp, .rcc/qmlcache/time-arc_qml/desktop/MacMenuBar_qml.cpp.aotstats
[9/204] Generating .rcc/qmlcache/time-arc_qml/desktop/pages/DesktopTimerPage_qml.cpp, .rcc/qmlcache/time-arc_qml/desktop/pages/DesktopTimerPage_qml.cpp.aotstats
[10/204] Generating .rcc/qmlcache/time-arc_qml/desktop/pages/DesktopMemoryLakePage_qml.cpp, .rcc/qmlcache/time-arc_qml/desktop/pages/DesktopMemoryLakePage_qml.cpp.aotstats
[11/204] Generating .rcc/qmlcache/time-arc_qml/desktop/pages/DesktopHomePage_qml.cpp, .rcc/qmlcache/time-arc_qml/desktop/pages/DesktopHomePage_qml.cpp.aotstats
[12/204] Generating .rcc/qmlcache/time-arc_qml/desktop/DesktopAppShell_qml.cpp, .rcc/qmlcache/time-arc_qml/desktop/DesktopAppShell_qml.cpp.aotstats
[13/204] Generating .rcc/qmlcache/time-arc_qml/main_qml.cpp, .rcc/qmlcache/time-arc_qml/main_qml.cpp.aotstats
[14/204] Generating .rcc/qmlcache/time-arc_qml/desktop/pages/DesktopProfilePage_qml.cpp, .rcc/qmlcache/time-arc_qml/desktop/pages/DesktopProfilePage_qml.cpp.aotstats
[15/204] Generating .rcc/qmlcache/time-arc_qml/desktop/pages/DesktopMonthlyRecapPage_qml.cpp, .rcc/qmlcache/time-arc_qml/desktop/pages/DesktopMonthlyRecapPage_qml.cpp.aotstats
[16/204] Generating .rcc/qmlcache/time-arc_qml/desktop/components/WindowChrome_qml.cpp, .rcc/qmlcache/time-arc_qml/desktop/components/WindowChrome_qml.cpp.aotstats
[17/204] Generating .rcc/qmlcache/time-arc_qml/desktop/components/SoftCard_qml.cpp, .rcc/qmlcache/time-arc_qml/desktop/components/SoftCard_qml.cpp.aotstats
[18/204] Generating .rcc/qmlcache/time-arc_qml/desktop/components/SoftButton_qml.cpp, .rcc/qmlcache/time-arc_qml/desktop/components/SoftButton_qml.cpp.aotstats
[19/204] Generating .rcc/qmlcache/time-arc_qml/desktop/pages/DesktopCalenderPage_qml.cpp, .rcc/qmlcache/time-arc_qml/desktop/pages/DesktopCalenderPage_qml.cpp.aotstats
[20/204] Generating .rcc/qmlcache/time-arc_qml/desktop/components/DesktopDailyCardView_qml.cpp, .rcc/qmlcache/time-arc_qml/desktop/components/DesktopDailyCardView_qml.cpp.aotstats
[21/204] Generating .rcc/qmlcache/time-arc_qml/desktop/components/SoftPill_qml.cpp, .rcc/qmlcache/time-arc_qml/desktop/components/SoftPill_qml.cpp.aotstats
[22/204] Generating .rcc/qmlcache/time-arc_qml/desktop/pages/DesktopStatsPage_qml.cpp, .rcc/qmlcache/time-arc_qml/desktop/pages/DesktopStatsPage_qml.cpp.aotstats
[23/204] Generating .rcc/qmlcache/time-arc_qml/desktop/components/AppVisual_js.cpp
[24/204] Generating .rcc/qmlcache/time-arc_qml/desktop/components/Hotkeys_js.cpp
[25/204] Generating .rcc/qmlcache/time-arc_qml/desktop/components/PlatformCursor_js.cpp
[26/204] Generating .rcc/qmlcache/time-arc_qml/desktop/components/I18n_js.cpp
[27/204] Generating .rcc/qmlcache/time-arc_qml/desktop/components/AchievementToast_qml.cpp, .rcc/qmlcache/time-arc_qml/desktop/components/AchievementToast_qml.cpp.aotstats
[28/204] Generating .rcc/qmlcache/time-arc_qml/desktop/components/TagPalette_js.cpp
[29/204] Generating .rcc/qmlcache/time-arc_qml/desktop/memorylake/GenerativeCover_qml.cpp, .rcc/qmlcache/time-arc_qml/desktop/memorylake/GenerativeCover_qml.cpp.aotstats
[30/204] Generating .rcc/qmlcache/time-arc_qml/desktop/memorylake/MemoryLakeStyle_qml.cpp, .rcc/qmlcache/time-arc_qml/desktop/memorylake/MemoryLakeStyle_qml.cpp.aotstats
[31/204] Generating .rcc/qmlcache/time-arc_qml/desktop/memorylake/MemoDotTexture_qml.cpp, .rcc/qmlcache/time-arc_qml/desktop/memorylake/MemoDotTexture_qml.cpp.aotstats
[32/204] Generating .rcc/qmlcache/time-arc_qml/desktop/memorylake/MemoToolbar_qml.cpp, .rcc/qmlcache/time-arc_qml/desktop/memorylake/MemoToolbar_qml.cpp.aotstats
[33/204] Generating .rcc/qmlcache/time-arc_qml/desktop/memorylake/MemoOverlay_qml.cpp, .rcc/qmlcache/time-arc_qml/desktop/memorylake/MemoOverlay_qml.cpp.aotstats
[34/204] Generating .rcc/qmlcache/time-arc_qml/desktop/memorylake/MemoInkCanvas_qml.cpp, .rcc/qmlcache/time-arc_qml/desktop/memorylake/MemoInkCanvas_qml.cpp.aotstats
[35/204] Generating .rcc/qmlcache/time-arc_qml/desktop/memorylake/StickyNote_qml.cpp, .rcc/qmlcache/time-arc_qml/desktop/memorylake/StickyNote_qml.cpp.aotstats
[36/204] Generating .rcc/qmlcache/time-arc_qml/desktop/memorylake/MemoToolGlyph_qml.cpp, .rcc/qmlcache/time-arc_qml/desktop/memorylake/MemoToolGlyph_qml.cpp.aotstats
[37/204] Generating .rcc/qmlcache/time-arc_qml/desktop/memorylake/TextLayer_qml.cpp, .rcc/qmlcache/time-arc_qml/desktop/memorylake/TextLayer_qml.cpp.aotstats
[38/204] Generating .rcc/qmlcache/time-arc_qml/desktop/memorylake/PixelTomato_qml.cpp, .rcc/qmlcache/time-arc_qml/desktop/memorylake/PixelTomato_qml.cpp.aotstats
[39/204] Generating .rcc/qmlcache/time-arc_qml/desktop/memorylake/PomodoroWidget_qml.cpp, .rcc/qmlcache/time-arc_qml/desktop/memorylake/PomodoroWidget_qml.cpp.aotstats
[40/204] Generating .rcc/qmlcache/time-arc_qml/desktop/memorylake/MemoPageFolder_qml.cpp, .rcc/qmlcache/time-arc_qml/desktop/memorylake/MemoPageFolder_qml.cpp.aotstats
[41/204] Generating .rcc/qmlcache/time-arc_qml/desktop/memorylake/GlassPanel_qml.cpp, .rcc/qmlcache/time-arc_qml/desktop/memorylake/GlassPanel_qml.cpp.aotstats
[42/204] Generating .rcc/qmlcache/time-arc_qml/desktop/memorylake/PomodoroCompleteOverlay_qml.cpp, .rcc/qmlcache/time-arc_qml/desktop/memorylake/PomodoroCompleteOverlay_qml.cpp.aotstats
[43/204] Generating .rcc/qmlcache/time-arc_qml/desktop/memorylake/GlowCircle_qml.cpp, .rcc/qmlcache/time-arc_qml/desktop/memorylake/GlowCircle_qml.cpp.aotstats
[44/204] Generating .rcc/qmlcache/time-arc_qml/desktop/memorylake/MemoDatePicker_qml.cpp, .rcc/qmlcache/time-arc_qml/desktop/memorylake/MemoDatePicker_qml.cpp.aotstats
[45/204] Generating .rcc/qmlcache/time-arc_qml/desktop/memorylake/AmbientBackground_qml.cpp, .rcc/qmlcache/time-arc_qml/desktop/memorylake/AmbientBackground_qml.cpp.aotstats
[46/204] Generating .rcc/qmlcache/time-arc_qml/desktop/memorylake/GridTexture_qml.cpp, .rcc/qmlcache/time-arc_qml/desktop/memorylake/GridTexture_qml.cpp.aotstats
[47/204] Generating .rcc/qmlcache/time-arc_qml/desktop/memorylake/UsageRankList_qml.cpp, .rcc/qmlcache/time-arc_qml/desktop/memorylake/UsageRankList_qml.cpp.aotstats
[48/204] Generating .rcc/qmlcache/time-arc_qml/desktop/memorylake/RoundedFrame_qml.cpp, .rcc/qmlcache/time-arc_qml/desktop/memorylake/RoundedFrame_qml.cpp.aotstats
[49/204] Generating .rcc/qmlcache/time-arc_qml/desktop/memorylake/FrostCard_qml.cpp, .rcc/qmlcache/time-arc_qml/desktop/memorylake/FrostCard_qml.cpp.aotstats
[50/204] Generating .rcc/qmlcache/time-arc_qml/desktop/memorylake/MemoryCard_qml.cpp, .rcc/qmlcache/time-arc_qml/desktop/memorylake/MemoryCard_qml.cpp.aotstats
[51/204] Generating .rcc/qmlcache/time-arc_qml/desktop/memorylake/CardCarousel_qml.cpp, .rcc/qmlcache/time-arc_qml/desktop/memorylake/CardCarousel_qml.cpp.aotstats
[52/204] Generating .rcc/qmlcache/time-arc_qml/desktop/memorylake/TimeRiver_qml.cpp, .rcc/qmlcache/time-arc_qml/desktop/memorylake/TimeRiver_qml.cpp.aotstats
[53/204] Generating .rcc/qmlcache/time-arc_qml/desktop/memorylake/TodayConclusionCard_qml.cpp, .rcc/qmlcache/time-arc_qml/desktop/memorylake/TodayConclusionCard_qml.cpp.aotstats
[54/204] Generating .rcc/qmlcache/time-arc_qml/desktop/memorylake/DetailPanel_qml.cpp, .rcc/qmlcache/time-arc_qml/desktop/memorylake/DetailPanel_qml.cpp.aotstats
[55/204] Generating .rcc/qmlcache/time-arc_qml/desktop/memorylake/DailyUsageShare_qml.cpp, .rcc/qmlcache/time-arc_qml/desktop/memorylake/DailyUsageShare_qml.cpp.aotstats
[56/204] Generating .rcc/qmlcache/time-arc_qml/desktop/memorylake/SilkyFlickable_qml.cpp, .rcc/qmlcache/time-arc_qml/desktop/memorylake/SilkyFlickable_qml.cpp.aotstats
[57/204] Building CXX object CMakeFiles/timearc_pomodoro_test.dir/src/services/mobile/android_usage_jni_bridge.cpp.obj
[58/204] Generating .rcc/qmlcache/time-arc_qml/desktop/memorylake/TagChip_qml.cpp, .rcc/qmlcache/time-arc_qml/desktop/memorylake/TagChip_qml.cpp.aotstats
[59/204] Building CXX object CMakeFiles/timearc_db_smoke.dir/src/services/mobile/android_usage_jni_bridge.cpp.obj
[60/204] Generating .rcc/qmlcache/time-arc_qml/desktop/memorylake/CalendarSyncList_qml.cpp, .rcc/qmlcache/time-arc_qml/desktop/memorylake/CalendarSyncList_qml.cpp.aotstats
[61/204] Generating .rcc/qmlcache/time-arc_qml/desktop/memorylake/GlassSwitch_qml.cpp, .rcc/qmlcache/time-arc_qml/desktop/memorylake/GlassSwitch_qml.cpp.aotstats
[62/204] Generating .rcc/qmlcache/time-arc_qml/desktop/memorylake/RecapSlide_qml.cpp, .rcc/qmlcache/time-arc_qml/desktop/memorylake/RecapSlide_qml.cpp.aotstats
[63/204] Generating .rcc/qmlcache/time-arc_qml/desktop/memorylake/GlassSlider_qml.cpp, .rcc/qmlcache/time-arc_qml/desktop/memorylake/GlassSlider_qml.cpp.aotstats
[64/204] Generating .rcc/qmlcache/time-arc_qml/desktop/memorylake/RecapOverlay_qml.cpp, .rcc/qmlcache/time-arc_qml/desktop/memorylake/RecapOverlay_qml.cpp.aotstats
[65/204] Generating .rcc/qmlcache/time-arc_qml/desktop/memorylake/GlassComboBox_qml.cpp, .rcc/qmlcache/time-arc_qml/desktop/memorylake/GlassComboBox_qml.cpp.aotstats
[66/204] Generating .rcc/qmlcache/time-arc_qml/desktop/memorylake/GlassTextField_qml.cpp, .rcc/qmlcache/time-arc_qml/desktop/memorylake/GlassTextField_qml.cpp.aotstats
[67/204] Generating .rcc/qmlcache/time-arc_qml/desktop/memorylake/NotifierTray_qml.cpp, .rcc/qmlcache/time-arc_qml/desktop/memorylake/NotifierTray_qml.cpp.aotstats
[68/204] Generating .rcc/qmlcache/time-arc_qml/desktop/memorylake/KbdChip_qml.cpp, .rcc/qmlcache/time-arc_qml/desktop/memorylake/KbdChip_qml.cpp.aotstats
[69/204] Generating .rcc/qmlcache/time-arc_qml/mobile/MobileTheme_qml.cpp, .rcc/qmlcache/time-arc_qml/mobile/MobileTheme_qml.cpp.aotstats
[70/204] Generating .rcc/qmlcache/time-arc_qml/mobile/pages/MobileStatsPage_qml.cpp, .rcc/qmlcache/time-arc_qml/mobile/pages/MobileStatsPage_qml.cpp.aotstats
[71/204] Generating .rcc/qmlcache/time-arc_qml/mobile/components/MobileStatusBar_qml.cpp, .rcc/qmlcache/time-arc_qml/mobile/components/MobileStatusBar_qml.cpp.aotstats
[72/204] Generating .rcc/qmlcache/time-arc_qml/mobile/MobileAppShell_qml.cpp, .rcc/qmlcache/time-arc_qml/mobile/MobileAppShell_qml.cpp.aotstats
[73/204] Generating .rcc/qmlcache/time-arc_qml/mobile/pages/MobileHomePage_qml.cpp, .rcc/qmlcache/time-arc_qml/mobile/pages/MobileHomePage_qml.cpp.aotstats
[74/204] Generating .rcc/qmlcache/time-arc_qml/mobile/components/MobileSectionTitle_qml.cpp, .rcc/qmlcache/time-arc_qml/mobile/components/MobileSectionTitle_qml.cpp.aotstats
[75/204] Generating .rcc/qmlcache/time-arc_qml/mobile/pages/MobileHistoryPage_qml.cpp, .rcc/qmlcache/time-arc_qml/mobile/pages/MobileHistoryPage_qml.cpp.aotstats
[76/204] Generating .rcc/qmlcache/time-arc_qml/mobile/pages/MobileSettingsPage_qml.cpp, .rcc/qmlcache/time-arc_qml/mobile/pages/MobileSettingsPage_qml.cpp.aotstats
[77/204] Generating .rcc/qmlcache/time-arc_qml/mobile/components/MobileSwitch_qml.cpp, .rcc/qmlcache/time-arc_qml/mobile/components/MobileSwitch_qml.cpp.aotstats
[78/204] Generating .rcc/qmlcache/time-arc_qml/mobile/components/MobileSettingRow_qml.cpp, .rcc/qmlcache/time-arc_qml/mobile/components/MobileSettingRow_qml.cpp.aotstats
[79/204] Generating .rcc/qmlcache/time-arc_qml/mobile/components/MobileTabButton_qml.cpp, .rcc/qmlcache/time-arc_qml/mobile/components/MobileTabButton_qml.cpp.aotstats
[80/204] Generating .rcc/qmlcache/time-arc_qml/mobile/components/MobileFlipCard_qml.cpp, .rcc/qmlcache/time-arc_qml/mobile/components/MobileFlipCard_qml.cpp.aotstats
[81/204] Building CXX object CMakeFiles/timearc_pomodoro_test.dir/src/services/mobile/mobile_usage_repository.cpp.obj
[82/204] Generating .rcc/qmlcache/time-arc_qml/mobile/components/MobileGlassPanel_qml.cpp, .rcc/qmlcache/time-arc_qml/mobile/components/MobileGlassPanel_qml.cpp.aotstats
[83/204] Building CXX object CMakeFiles/timearc_db_smoke.dir/timearc_db_smoke_autogen/mocs_compilation.cpp.obj
[84/204] Generating .rcc/qmlcache/time-arc_qml/mobile/components/MobileMonthProfiles_js.cpp
[85/204] Generating .rcc/qmlcache/time-arc_qml/mobile/components/MobileAppIcon_qml.cpp, .rcc/qmlcache/time-arc_qml/mobile/components/MobileAppIcon_qml.cpp.aotstats
[86/204] Generating .rcc/qmlcache/time-arc_qml/mobile/components/MobileUsageRankRow_qml.cpp, .rcc/qmlcache/time-arc_qml/mobile/components/MobileUsageRankRow_qml.cpp.aotstats
[87/204] Generating .rcc/qmlcache/time-arc_qml/mobile/components/MobileLaunchOverlay_qml.cpp, .rcc/qmlcache/time-arc_qml/mobile/components/MobileLaunchOverlay_qml.cpp.aotstats
[88/204] Generating .rcc/qmlcache/time-arc_qml/mobile/components/MobileShareOverlay_qml.cpp, .rcc/qmlcache/time-arc_qml/mobile/components/MobileShareOverlay_qml.cpp.aotstats
[89/204] Generating .rcc/qmlcache/time-arc_qml/mobile/components/MobileSymbolIcon_qml.cpp, .rcc/qmlcache/time-arc_qml/mobile/components/MobileSymbolIcon_qml.cpp.aotstats
[90/204] Building CXX object CMakeFiles/timearc_pomodoro_test.dir/timearc_pomodoro_test_autogen/mocs_compilation.cpp.obj
[91/204] Building CXX object CMakeFiles/timearc_db_smoke.dir/src/services/mobile/mobile_usage_repository.cpp.obj
[92/204] Generating .rcc/qmlcache/time-arc_qml/mobile/components/MobileMonthlyStory_qml.cpp, .rcc/qmlcache/time-arc_qml/mobile/components/MobileMonthlyStory_qml.cpp.aotstats
[93/204] Generating .rcc/qmlcache/time-arc_qml/mobile/components/MobileSeasonScene_qml.cpp, .rcc/qmlcache/time-arc_qml/mobile/components/MobileSeasonScene_qml.cpp.aotstats
[94/204] Generating .rcc/qmlcache/time-arc_qml/mobile/components/monthly/MonthlyCoverPage_qml.cpp, .rcc/qmlcache/time-arc_qml/mobile/components/monthly/MonthlyCoverPage_qml.cpp.aotstats
[95/204] Generating .rcc/qmlcache/time-arc_qml/mobile/components/MobileShareActionBar_qml.cpp, .rcc/qmlcache/time-arc_qml/mobile/components/MobileShareActionBar_qml.cpp.aotstats
[96/204] Generating .rcc/qmlcache/time-arc_qml/mobile/components/MobileRankingShareOverlay_qml.cpp, .rcc/qmlcache/time-arc_qml/mobile/components/MobileRankingShareOverlay_qml.cpp.aotstats
[97/204] Generating .rcc/qmlcache/time-arc_qml/mobile/components/monthly/MonthlyOverviewPage_qml.cpp, .rcc/qmlcache/time-arc_qml/mobile/components/monthly/MonthlyOverviewPage_qml.cpp.aotstats
[98/204] Generating .rcc/qmlcache/time-arc_qml/mobile/components/MobileRoundedFrame_qml.cpp, .rcc/qmlcache/time-arc_qml/mobile/components/MobileRoundedFrame_qml.cpp.aotstats
[99/204] Generating .rcc/qmlcache/time-arc_qml/mobile/components/monthly/MonthlyHighlightPage_qml.cpp, .rcc/qmlcache/time-arc_qml/mobile/components/monthly/MonthlyHighlightPage_qml.cpp.aotstats
[100/204] Generating .rcc/qmlcache/time-arc_qml/mobile/components/monthly/MonthlyRankingPage_qml.cpp, .rcc/qmlcache/time-arc_qml/mobile/components/monthly/MonthlyRankingPage_qml.cpp.aotstats
[101/204] Generating .rcc/qmlcache/time-arc_qml/mobile/components/monthly/MonthlySharePage_qml.cpp, .rcc/qmlcache/time-arc_qml/mobile/components/monthly/MonthlySharePage_qml.cpp.aotstats
[102/204] Generating .rcc/qmlcache/time-arc_qml/mobile/components/monthly/MonthlyCompanionPage_qml.cpp, .rcc/qmlcache/time-arc_qml/mobile/components/monthly/MonthlyCompanionPage_qml.cpp.aotstats
[103/204] Building CXX object CMakeFiles/timearc_pomodoro_test.dir/src/services/mobile/mobile_usage_service.cpp.obj
[104/204] Building CXX object CMakeFiles/timearc_db_smoke.dir/src/services/mobile/mobile_usage_service.cpp.obj
[105/204] Building CXX object CMakeFiles/timearc_db_smoke.dir/tests/db_smoke.cpp.obj
[106/204] Building CXX object CMakeFiles/time-arc.dir/src/services/mobile/android_usage_jni_bridge.cpp.obj
[107/204] Building CXX object CMakeFiles/time-arc.dir/time-arc_qmltyperegistrations.cpp.obj
[108/204] Building CXX object CMakeFiles/time-arc.dir/build/.rcc/qmlcache/time-arc_qml/desktop/PomodoroLayer_qml.cpp.obj
[109/204] Building CXX object CMakeFiles/time-arc.dir/build/.rcc/qmlcache/time-arc_qml/main_qml.cpp.obj
[110/204] Building CXX object CMakeFiles/time-arc.dir/build/.rcc/qmlcache/time-arc_qml/desktop/pages/DesktopTimerPage_qml.cpp.obj
[111/204] Building CXX object CMakeFiles/time-arc.dir/build/.rcc/qmlcache/time-arc_qml/desktop/MacMenuBar_qml.cpp.obj
[112/204] Building CXX object CMakeFiles/time-arc.dir/build/.rcc/qmlcache/time-arc_qml/desktop/pages/DesktopMonthlyRecapPage_qml.cpp.obj
[113/204] Building CXX object CMakeFiles/time-arc.dir/src/services/mobile/mobile_usage_repository.cpp.obj
[114/204] Building CXX object CMakeFiles/time-arc.dir/time-arc_autogen/mocs_compilation.cpp.obj
[115/204] Building CXX object CMakeFiles/time-arc.dir/build/.rcc/qmlcache/time-arc_qml/desktop/pages/DesktopHomePage_qml.cpp.obj
[116/204] Building CXX object CMakeFiles/time-arc.dir/src/services/mobile/mobile_usage_service.cpp.obj
[117/204] Building CXX object CMakeFiles/time-arc.dir/build/.rcc/qmlcache/time-arc_qml/desktop/pages/DesktopMemoryLakePage_qml.cpp.obj
[118/204] Building CXX object CMakeFiles/time-arc.dir/build/.rcc/qmlcache/time-arc_qml/desktop/DesktopAppShell_qml.cpp.obj
[119/204] Building CXX object CMakeFiles/time-arc.dir/build/.rcc/qmlcache/time-arc_qml/desktop/components/SoftCard_qml.cpp.obj
[120/204] Building CXX object CMakeFiles/time-arc.dir/build/.rcc/qmlcache/time-arc_qml/desktop/pages/DesktopStatsPage_qml.cpp.obj
[121/204] Building CXX object CMakeFiles/time-arc.dir/build/.rcc/qmlcache/time-arc_qml/desktop/pages/DesktopProfilePage_qml.cpp.obj
[122/204] Building CXX object CMakeFiles/time-arc.dir/build/.rcc/qmlcache/time-arc_qml/desktop/components/WindowChrome_qml.cpp.obj
[123/204] Building CXX object CMakeFiles/time-arc.dir/build/.rcc/qmlcache/time-arc_qml/desktop/components/DesktopDailyCardView_qml.cpp.obj
[124/204] Building CXX object CMakeFiles/time-arc.dir/build/.rcc/qmlcache/time-arc_qml/desktop/components/AppVisual_js.cpp.obj
[125/204] Building CXX object CMakeFiles/time-arc.dir/build/.rcc/qmlcache/time-arc_qml/desktop/components/SoftPill_qml.cpp.obj
[126/204] Building CXX object CMakeFiles/time-arc.dir/build/.rcc/qmlcache/time-arc_qml/desktop/components/Hotkeys_js.cpp.obj
[127/204] Building CXX object CMakeFiles/time-arc.dir/src/main.cpp.obj
[128/204] Building CXX object CMakeFiles/time-arc.dir/build/.rcc/qmlcache/time-arc_qml/desktop/components/PlatformCursor_js.cpp.obj
[129/204] Building CXX object CMakeFiles/time-arc.dir/build/.rcc/qmlcache/time-arc_qml/desktop/components/SoftButton_qml.cpp.obj
[130/204] Building CXX object CMakeFiles/time-arc.dir/build/.rcc/qmlcache/time-arc_qml/desktop/components/I18n_js.cpp.obj
[131/204] Building CXX object CMakeFiles/time-arc.dir/build/.rcc/qmlcache/time-arc_qml/desktop/components/TagPalette_js.cpp.obj
[132/204] Building CXX object CMakeFiles/time-arc.dir/build/.rcc/qmlcache/time-arc_qml/desktop/memorylake/GenerativeCover_qml.cpp.obj
[133/204] Building CXX object CMakeFiles/time-arc.dir/build/.rcc/qmlcache/time-arc_qml/desktop/components/AchievementToast_qml.cpp.obj
[134/204] Building CXX object CMakeFiles/time-arc.dir/build/.rcc/qmlcache/time-arc_qml/desktop/memorylake/MemoryLakeStyle_qml.cpp.obj
[135/204] Building CXX object CMakeFiles/time-arc.dir/build/.rcc/qmlcache/time-arc_qml/desktop/pages/DesktopCalenderPage_qml.cpp.obj
[136/204] Building CXX object CMakeFiles/time-arc.dir/build/.rcc/qmlcache/time-arc_qml/desktop/memorylake/MemoDotTexture_qml.cpp.obj
[137/204] Building CXX object CMakeFiles/time-arc.dir/build/.rcc/qmlcache/time-arc_qml/desktop/memorylake/MemoInkCanvas_qml.cpp.obj
[138/204] Building CXX object CMakeFiles/time-arc.dir/build/.rcc/qmlcache/time-arc_qml/desktop/memorylake/PixelTomato_qml.cpp.obj
[139/204] Building CXX object CMakeFiles/time-arc.dir/build/.rcc/qmlcache/time-arc_qml/desktop/memorylake/MemoToolGlyph_qml.cpp.obj
[140/204] Building CXX object CMakeFiles/time-arc.dir/build/.rcc/qmlcache/time-arc_qml/desktop/memorylake/TextLayer_qml.cpp.obj
[141/204] Building CXX object CMakeFiles/time-arc.dir/build/.rcc/qmlcache/time-arc_qml/desktop/memorylake/GlowCircle_qml.cpp.obj
[142/204] Building CXX object CMakeFiles/time-arc.dir/build/.rcc/qmlcache/time-arc_qml/desktop/memorylake/GlassPanel_qml.cpp.obj
[143/204] Building CXX object CMakeFiles/time-arc.dir/build/.rcc/qmlcache/time-arc_qml/desktop/memorylake/PomodoroCompleteOverlay_qml.cpp.obj
[144/204] Building CXX object CMakeFiles/time-arc.dir/build/.rcc/qmlcache/time-arc_qml/desktop/memorylake/MemoDatePicker_qml.cpp.obj
[145/204] Building CXX object CMakeFiles/time-arc.dir/build/.rcc/qmlcache/time-arc_qml/desktop/memorylake/PomodoroWidget_qml.cpp.obj
[146/204] Building CXX object CMakeFiles/time-arc.dir/build/.rcc/qmlcache/time-arc_qml/desktop/memorylake/StickyNote_qml.cpp.obj
[147/204] Building CXX object CMakeFiles/time-arc.dir/build/.rcc/qmlcache/time-arc_qml/desktop/memorylake/MemoToolbar_qml.cpp.obj
[148/204] Building CXX object CMakeFiles/time-arc.dir/build/.rcc/qmlcache/time-arc_qml/desktop/memorylake/MemoOverlay_qml.cpp.obj
[149/204] Building CXX object CMakeFiles/time-arc.dir/build/.rcc/qmlcache/time-arc_qml/desktop/memorylake/MemoPageFolder_qml.cpp.obj
[150/204] Building CXX object CMakeFiles/time-arc.dir/build/.rcc/qmlcache/time-arc_qml/desktop/memorylake/GridTexture_qml.cpp.obj
[151/204] Building CXX object CMakeFiles/time-arc.dir/build/.rcc/qmlcache/time-arc_qml/desktop/memorylake/AmbientBackground_qml.cpp.obj
[152/204] Building CXX object CMakeFiles/time-arc.dir/build/.rcc/qmlcache/time-arc_qml/desktop/memorylake/UsageRankList_qml.cpp.obj
[153/204] Building CXX object CMakeFiles/time-arc.dir/build/.rcc/qmlcache/time-arc_qml/desktop/memorylake/RoundedFrame_qml.cpp.obj
[154/204] Building CXX object CMakeFiles/time-arc.dir/build/.rcc/qmlcache/time-arc_qml/desktop/memorylake/MemoryCard_qml.cpp.obj
[155/204] Building CXX object CMakeFiles/time-arc.dir/build/.rcc/qmlcache/time-arc_qml/desktop/memorylake/FrostCard_qml.cpp.obj
[156/204] Building CXX object CMakeFiles/time-arc.dir/build/.rcc/qmlcache/time-arc_qml/desktop/memorylake/DetailPanel_qml.cpp.obj
[157/204] Building CXX object CMakeFiles/time-arc.dir/build/.rcc/qmlcache/time-arc_qml/desktop/memorylake/TimeRiver_qml.cpp.obj
[158/204] Building CXX object CMakeFiles/time-arc.dir/build/.rcc/qmlcache/time-arc_qml/desktop/memorylake/TagChip_qml.cpp.obj
[159/204] Building CXX object CMakeFiles/time-arc.dir/build/.rcc/qmlcache/time-arc_qml/desktop/memorylake/CardCarousel_qml.cpp.obj
[160/204] Building CXX object CMakeFiles/time-arc.dir/build/.rcc/qmlcache/time-arc_qml/desktop/memorylake/CalendarSyncList_qml.cpp.obj
[161/204] Building CXX object CMakeFiles/time-arc.dir/build/.rcc/qmlcache/time-arc_qml/desktop/memorylake/GlassSwitch_qml.cpp.obj
[162/204] Building CXX object CMakeFiles/time-arc.dir/build/.rcc/qmlcache/time-arc_qml/desktop/memorylake/SilkyFlickable_qml.cpp.obj
[163/204] Building CXX object CMakeFiles/time-arc.dir/build/.rcc/qmlcache/time-arc_qml/desktop/memorylake/TodayConclusionCard_qml.cpp.obj
[164/204] Building CXX object CMakeFiles/time-arc.dir/build/.rcc/qmlcache/time-arc_qml/desktop/memorylake/GlassComboBox_qml.cpp.obj
[165/204] Building CXX object CMakeFiles/time-arc.dir/build/.rcc/qmlcache/time-arc_qml/desktop/memorylake/GlassTextField_qml.cpp.obj
[166/204] Building CXX object CMakeFiles/time-arc.dir/build/.rcc/qmlcache/time-arc_qml/desktop/memorylake/GlassSlider_qml.cpp.obj
[167/204] Building CXX object CMakeFiles/time-arc.dir/build/.rcc/qmlcache/time-arc_qml/desktop/memorylake/RecapSlide_qml.cpp.obj
[168/204] Building CXX object CMakeFiles/time-arc.dir/build/.rcc/qmlcache/time-arc_qml/desktop/memorylake/DailyUsageShare_qml.cpp.obj
[169/204] Building CXX object CMakeFiles/time-arc.dir/build/.rcc/qmlcache/time-arc_qml/desktop/memorylake/KbdChip_qml.cpp.obj
[170/204] Building CXX object CMakeFiles/time-arc.dir/build/.rcc/qmlcache/time-arc_qml/desktop/memorylake/RecapOverlay_qml.cpp.obj
[171/204] Building CXX object CMakeFiles/time-arc.dir/build/.rcc/qmlcache/time-arc_qml/desktop/memorylake/NotifierTray_qml.cpp.obj
[172/204] Building CXX object CMakeFiles/time-arc.dir/build/.rcc/qmlcache/time-arc_qml/mobile/MobileAppShell_qml.cpp.obj
[173/204] Building CXX object CMakeFiles/time-arc.dir/build/.rcc/qmlcache/time-arc_qml/mobile/components/MobileSwitch_qml.cpp.obj
[174/204] Building CXX object CMakeFiles/time-arc.dir/build/.rcc/qmlcache/time-arc_qml/mobile/MobileTheme_qml.cpp.obj
[175/204] Building CXX object CMakeFiles/time-arc.dir/build/.rcc/qmlcache/time-arc_qml/mobile/components/MobileStatusBar_qml.cpp.obj
[176/204] Building CXX object CMakeFiles/time-arc.dir/build/.rcc/qmlcache/time-arc_qml/mobile/pages/MobileHomePage_qml.cpp.obj
[177/204] Building CXX object CMakeFiles/time-arc.dir/build/.rcc/qmlcache/time-arc_qml/mobile/components/MobileSectionTitle_qml.cpp.obj
[178/204] Building CXX object CMakeFiles/time-arc.dir/build/.rcc/qmlcache/time-arc_qml/mobile/pages/MobileStatsPage_qml.cpp.obj
[179/204] Building CXX object CMakeFiles/time-arc.dir/build/.rcc/qmlcache/time-arc_qml/mobile/pages/MobileHistoryPage_qml.cpp.obj
[180/204] Building CXX object CMakeFiles/time-arc.dir/build/.rcc/qmlcache/time-arc_qml/mobile/components/MobileGlassPanel_qml.cpp.obj
[181/204] Building CXX object CMakeFiles/time-arc.dir/build/.rcc/qmlcache/time-arc_qml/mobile/components/MobileSettingRow_qml.cpp.obj
[182/204] Building CXX object CMakeFiles/time-arc.dir/build/.rcc/qmlcache/time-arc_qml/mobile/components/MobileTabButton_qml.cpp.obj
[183/204] Building CXX object CMakeFiles/time-arc.dir/build/.rcc/qmlcache/time-arc_qml/mobile/components/MobileSymbolIcon_qml.cpp.obj
[184/204] Building CXX object CMakeFiles/time-arc.dir/build/.rcc/qmlcache/time-arc_qml/mobile/components/MobileLaunchOverlay_qml.cpp.obj
[185/204] Building CXX object CMakeFiles/time-arc.dir/build/.rcc/qmlcache/time-arc_qml/mobile/components/MobileAppIcon_qml.cpp.obj
[186/204] Building CXX object CMakeFiles/time-arc.dir/build/.rcc/qmlcache/time-arc_qml/mobile/components/MobileFlipCard_qml.cpp.obj
[187/204] Building CXX object CMakeFiles/time-arc.dir/build/.rcc/qmlcache/time-arc_qml/mobile/pages/MobileSettingsPage_qml.cpp.obj
[188/204] Building CXX object CMakeFiles/time-arc.dir/build/.rcc/qmlcache/time-arc_qml/mobile/components/MobileUsageRankRow_qml.cpp.obj
[189/204] Building CXX object CMakeFiles/time-arc.dir/build/.rcc/qmlcache/time-arc_qml/mobile/components/MobileShareOverlay_qml.cpp.obj
[190/204] Linking CXX executable timearc_pomodoro_test.exe
[191/204] Linking CXX executable timearc_db_smoke.exe
[192/204] Building CXX object CMakeFiles/time-arc.dir/build/.rcc/qmlcache/time-arc_qml/mobile/components/MobileMonthProfiles_js.cpp.obj
[193/204] Building CXX object CMakeFiles/time-arc.dir/build/.rcc/qmlcache/time-arc_qml/mobile/components/MobileShareActionBar_qml.cpp.obj
[194/204] Building CXX object CMakeFiles/time-arc.dir/build/.rcc/qmlcache/time-arc_qml/mobile/components/MobileRoundedFrame_qml.cpp.obj
[195/204] Building CXX object CMakeFiles/time-arc.dir/build/.rcc/qmlcache/time-arc_qml/mobile/components/MobileSeasonScene_qml.cpp.obj
[196/204] Building CXX object CMakeFiles/time-arc.dir/build/.rcc/qmlcache/time-arc_qml/mobile/components/monthly/MonthlyCoverPage_qml.cpp.obj
[197/204] Building CXX object CMakeFiles/time-arc.dir/build/.rcc/qmlcache/time-arc_qml/mobile/components/monthly/MonthlyOverviewPage_qml.cpp.obj
[198/204] Building CXX object CMakeFiles/time-arc.dir/build/.rcc/qmlcache/time-arc_qml/mobile/components/monthly/MonthlyCompanionPage_qml.cpp.obj
[199/204] Building CXX object CMakeFiles/time-arc.dir/build/.rcc/qmlcache/time-arc_qml/mobile/components/monthly/MonthlyHighlightPage_qml.cpp.obj
[200/204] Building CXX object CMakeFiles/time-arc.dir/build/.rcc/qmlcache/time-arc_qml/mobile/components/MobileMonthlyStory_qml.cpp.obj
[201/204] Building CXX object CMakeFiles/time-arc.dir/build/.rcc/qmlcache/time-arc_qml/mobile/components/monthly/MonthlyRankingPage_qml.cpp.obj
[202/204] Building CXX object CMakeFiles/time-arc.dir/build/.rcc/qmlcache/time-arc_qml/mobile/components/MobileRankingShareOverlay_qml.cpp.obj
[203/204] Building CXX object CMakeFiles/time-arc.dir/build/.rcc/qmlcache/time-arc_qml/mobile/components/monthly/MonthlySharePage_qml.cpp.obj
[204/204] Linking CXX executable TimeArc.exe
