[1/163] Copying time-arc qml sources into build dir
[2/163] Automatic MOC and UIC for target timearc_db_smoke
[3/163] Running qmlimportscanner for time-arc
[4/163] Automatic MOC and UIC for target time-arc
[5/163] Running AUTOMOC file extraction for target time-arc
[6/163] Running moc --collect-json for target time-arc
[7/163] Automatic QML type registration for target time-arc
[8/163] Generating .rcc/qmlcache/time-arc_qml/main_qml.cpp, .rcc/qmlcache/time-arc_qml/main_qml.cpp.aotstats
[9/163] Generating .rcc/qmlcache/time-arc_qml/desktop/DesktopAppShell_qml.cpp, .rcc/qmlcache/time-arc_qml/desktop/DesktopAppShell_qml.cpp.aotstats
[10/163] Running rcc for resource time-arc_raw_qml_0
[11/163] Generating .rcc/qmlcache/time-arc_qml/desktop/pages/DesktopHomePage_qml.cpp, .rcc/qmlcache/time-arc_qml/desktop/pages/DesktopHomePage_qml.cpp.aotstats
[12/163] Generating .rcc/qmlcache/time-arc_qml/desktop/pages/DesktopMemoryLakePage_qml.cpp, .rcc/qmlcache/time-arc_qml/desktop/pages/DesktopMemoryLakePage_qml.cpp.aotstats
[13/163] Generating .rcc/qmlcache/time-arc_qml/desktop/pages/DesktopTimerPage_qml.cpp, .rcc/qmlcache/time-arc_qml/desktop/pages/DesktopTimerPage_qml.cpp.aotstats
[14/163] Generating .rcc/qmlcache/time-arc_qml/desktop/pages/DesktopStatsPage_qml.cpp, .rcc/qmlcache/time-arc_qml/desktop/pages/DesktopStatsPage_qml.cpp.aotstats
[15/163] Generating .rcc/qmlcache/time-arc_qml/desktop/pages/DesktopProfilePage_qml.cpp, .rcc/qmlcache/time-arc_qml/desktop/pages/DesktopProfilePage_qml.cpp.aotstats
[16/163] Generating .rcc/qmlcache/time-arc_qml/desktop/pages/DesktopMonthlyRecapPage_qml.cpp, .rcc/qmlcache/time-arc_qml/desktop/pages/DesktopMonthlyRecapPage_qml.cpp.aotstats
[17/163] Building CXX object CMakeFiles/timearc_db_smoke.dir/src/services/frontmost_session_repository.cpp.o
[18/163] Generating .rcc/qmlcache/time-arc_qml/desktop/pages/DesktopCalenderPage_qml.cpp, .rcc/qmlcache/time-arc_qml/desktop/pages/DesktopCalenderPage_qml.cpp.aotstats
[19/163] Generating .rcc/qmlcache/time-arc_qml/desktop/components/WindowChrome_qml.cpp, .rcc/qmlcache/time-arc_qml/desktop/components/WindowChrome_qml.cpp.aotstats
[20/163] Generating .rcc/qmlcache/time-arc_qml/desktop/components/DesktopDailyCardView_qml.cpp, .rcc/qmlcache/time-arc_qml/desktop/components/DesktopDailyCardView_qml.cpp.aotstats
[21/163] Generating .rcc/qmlcache/time-arc_qml/desktop/components/SoftCard_qml.cpp, .rcc/qmlcache/time-arc_qml/desktop/components/SoftCard_qml.cpp.aotstats
[22/163] Generating .rcc/qmlcache/time-arc_qml/desktop/components/SoftPill_qml.cpp, .rcc/qmlcache/time-arc_qml/desktop/components/SoftPill_qml.cpp.aotstats
[23/163] Generating .rcc/qmlcache/time-arc_qml/desktop/components/AppVisual_js.cpp
[24/163] Generating .rcc/qmlcache/time-arc_qml/desktop/components/SoftButton_qml.cpp, .rcc/qmlcache/time-arc_qml/desktop/components/SoftButton_qml.cpp.aotstats
[25/163] Generating .rcc/qmlcache/time-arc_qml/desktop/components/I18n_js.cpp
[26/163] Generating .rcc/qmlcache/time-arc_qml/desktop/components/TagPalette_js.cpp
[27/163] Building CXX object CMakeFiles/timearc_db_smoke.dir/src/services/media_session_repository.cpp.o
[28/163] Generating .rcc/qmlcache/time-arc_qml/desktop/components/AchievementToast_qml.cpp, .rcc/qmlcache/time-arc_qml/desktop/components/AchievementToast_qml.cpp.aotstats
[29/163] Generating .rcc/qmlcache/time-arc_qml/desktop/memorylake/GenerativeCover_qml.cpp, .rcc/qmlcache/time-arc_qml/desktop/memorylake/GenerativeCover_qml.cpp.aotstats
[30/163] Generating .rcc/qmlcache/time-arc_qml/desktop/memorylake/MemoryLakeStyle_qml.cpp, .rcc/qmlcache/time-arc_qml/desktop/memorylake/MemoryLakeStyle_qml.cpp.aotstats
[31/163] Generating .rcc/qmlcache/time-arc_qml/desktop/memorylake/MemoDotTexture_qml.cpp, .rcc/qmlcache/time-arc_qml/desktop/memorylake/MemoDotTexture_qml.cpp.aotstats
[32/163] Generating .rcc/qmlcache/time-arc_qml/desktop/memorylake/MemoInkCanvas_qml.cpp, .rcc/qmlcache/time-arc_qml/desktop/memorylake/MemoInkCanvas_qml.cpp.aotstats
[33/163] Generating .rcc/qmlcache/time-arc_qml/desktop/memorylake/MemoToolGlyph_qml.cpp, .rcc/qmlcache/time-arc_qml/desktop/memorylake/MemoToolGlyph_qml.cpp.aotstats
[34/163] Generating .rcc/qmlcache/time-arc_qml/desktop/memorylake/MemoToolbar_qml.cpp, .rcc/qmlcache/time-arc_qml/desktop/memorylake/MemoToolbar_qml.cpp.aotstats
[35/163] Building CXX object CMakeFiles/timearc_db_smoke.dir/timearc_db_smoke_autogen/mocs_compilation.cpp.o
[36/163] Generating .rcc/qmlcache/time-arc_qml/desktop/memorylake/StickyNote_qml.cpp, .rcc/qmlcache/time-arc_qml/desktop/memorylake/StickyNote_qml.cpp.aotstats
[37/163] Generating .rcc/qmlcache/time-arc_qml/desktop/memorylake/TextLayer_qml.cpp, .rcc/qmlcache/time-arc_qml/desktop/memorylake/TextLayer_qml.cpp.aotstats
[38/163] Generating .rcc/qmlcache/time-arc_qml/desktop/memorylake/PixelTomato_qml.cpp, .rcc/qmlcache/time-arc_qml/desktop/memorylake/PixelTomato_qml.cpp.aotstats
[39/163] Generating .rcc/qmlcache/time-arc_qml/desktop/memorylake/MemoPageFolder_qml.cpp, .rcc/qmlcache/time-arc_qml/desktop/memorylake/MemoPageFolder_qml.cpp.aotstats
[40/163] Generating .rcc/qmlcache/time-arc_qml/desktop/memorylake/PomodoroWidget_qml.cpp, .rcc/qmlcache/time-arc_qml/desktop/memorylake/PomodoroWidget_qml.cpp.aotstats
[41/163] Generating .rcc/qmlcache/time-arc_qml/desktop/memorylake/PomodoroCompleteOverlay_qml.cpp, .rcc/qmlcache/time-arc_qml/desktop/memorylake/PomodoroCompleteOverlay_qml.cpp.aotstats
[42/163] Generating .rcc/qmlcache/time-arc_qml/desktop/memorylake/GlassPanel_qml.cpp, .rcc/qmlcache/time-arc_qml/desktop/memorylake/GlassPanel_qml.cpp.aotstats
[43/163] Building CXX object CMakeFiles/timearc_db_smoke.dir/src/services/app_repository.cpp.o
[44/163] Building CXX object CMakeFiles/timearc_db_smoke.dir/src/services/mobile/mobile_usage_repository.cpp.o
[45/163] Generating .rcc/qmlcache/time-arc_qml/desktop/memorylake/MemoOverlay_qml.cpp, .rcc/qmlcache/time-arc_qml/desktop/memorylake/MemoOverlay_qml.cpp.aotstats
[46/163] Generating .rcc/qmlcache/time-arc_qml/desktop/memorylake/GlowCircle_qml.cpp, .rcc/qmlcache/time-arc_qml/desktop/memorylake/GlowCircle_qml.cpp.aotstats
[47/163] Generating .rcc/qmlcache/time-arc_qml/desktop/memorylake/MemoDatePicker_qml.cpp, .rcc/qmlcache/time-arc_qml/desktop/memorylake/MemoDatePicker_qml.cpp.aotstats
[48/163] Generating .rcc/qmlcache/time-arc_qml/desktop/memorylake/GridTexture_qml.cpp, .rcc/qmlcache/time-arc_qml/desktop/memorylake/GridTexture_qml.cpp.aotstats
[49/163] Generating .rcc/qmlcache/time-arc_qml/desktop/memorylake/AmbientBackground_qml.cpp, .rcc/qmlcache/time-arc_qml/desktop/memorylake/AmbientBackground_qml.cpp.aotstats
[50/163] Generating .rcc/qmlcache/time-arc_qml/desktop/memorylake/RoundedFrame_qml.cpp, .rcc/qmlcache/time-arc_qml/desktop/memorylake/RoundedFrame_qml.cpp.aotstats
[51/163] Generating .rcc/qmlcache/time-arc_qml/desktop/memorylake/UsageRankList_qml.cpp, .rcc/qmlcache/time-arc_qml/desktop/memorylake/UsageRankList_qml.cpp.aotstats
[52/163] Generating .rcc/qmlcache/time-arc_qml/desktop/memorylake/FrostCard_qml.cpp, .rcc/qmlcache/time-arc_qml/desktop/memorylake/FrostCard_qml.cpp.aotstats
[53/163] Generating .rcc/qmlcache/time-arc_qml/desktop/memorylake/TimeRiver_qml.cpp, .rcc/qmlcache/time-arc_qml/desktop/memorylake/TimeRiver_qml.cpp.aotstats
[54/163] Generating .rcc/qmlcache/time-arc_qml/desktop/memorylake/CardCarousel_qml.cpp, .rcc/qmlcache/time-arc_qml/desktop/memorylake/CardCarousel_qml.cpp.aotstats
[55/163] Generating .rcc/qmlcache/time-arc_qml/desktop/memorylake/DetailPanel_qml.cpp, .rcc/qmlcache/time-arc_qml/desktop/memorylake/DetailPanel_qml.cpp.aotstats
[56/163] Generating .rcc/qmlcache/time-arc_qml/desktop/memorylake/MemoryCard_qml.cpp, .rcc/qmlcache/time-arc_qml/desktop/memorylake/MemoryCard_qml.cpp.aotstats
[57/163] Generating .rcc/qmlcache/time-arc_qml/desktop/memorylake/TagChip_qml.cpp, .rcc/qmlcache/time-arc_qml/desktop/memorylake/TagChip_qml.cpp.aotstats
[58/163] Generating .rcc/qmlcache/time-arc_qml/desktop/memorylake/TodayConclusionCard_qml.cpp, .rcc/qmlcache/time-arc_qml/desktop/memorylake/TodayConclusionCard_qml.cpp.aotstats
[59/163] Generating .rcc/qmlcache/time-arc_qml/desktop/memorylake/SilkyFlickable_qml.cpp, .rcc/qmlcache/time-arc_qml/desktop/memorylake/SilkyFlickable_qml.cpp.aotstats
[60/163] Generating .rcc/qmlcache/time-arc_qml/desktop/memorylake/CalendarSyncList_qml.cpp, .rcc/qmlcache/time-arc_qml/desktop/memorylake/CalendarSyncList_qml.cpp.aotstats
[61/163] Generating .rcc/qmlcache/time-arc_qml/desktop/memorylake/GlassSwitch_qml.cpp, .rcc/qmlcache/time-arc_qml/desktop/memorylake/GlassSwitch_qml.cpp.aotstats
[62/163] Generating .rcc/qmlcache/time-arc_qml/desktop/memorylake/GlassComboBox_qml.cpp, .rcc/qmlcache/time-arc_qml/desktop/memorylake/GlassComboBox_qml.cpp.aotstats
[63/163] Generating .rcc/qmlcache/time-arc_qml/desktop/memorylake/RecapSlide_qml.cpp, .rcc/qmlcache/time-arc_qml/desktop/memorylake/RecapSlide_qml.cpp.aotstats
[64/163] Generating .rcc/qmlcache/time-arc_qml/desktop/memorylake/DailyUsageShare_qml.cpp, .rcc/qmlcache/time-arc_qml/desktop/memorylake/DailyUsageShare_qml.cpp.aotstats
[65/163] Generating .rcc/qmlcache/time-arc_qml/desktop/memorylake/GlassSlider_qml.cpp, .rcc/qmlcache/time-arc_qml/desktop/memorylake/GlassSlider_qml.cpp.aotstats
[66/163] Generating .rcc/qmlcache/time-arc_qml/desktop/memorylake/GlassTextField_qml.cpp, .rcc/qmlcache/time-arc_qml/desktop/memorylake/GlassTextField_qml.cpp.aotstats
[67/163] Generating .rcc/qmlcache/time-arc_qml/desktop/memorylake/KbdChip_qml.cpp, .rcc/qmlcache/time-arc_qml/desktop/memorylake/KbdChip_qml.cpp.aotstats
[68/163] Generating .rcc/qmlcache/time-arc_qml/desktop/memorylake/RecapOverlay_qml.cpp, .rcc/qmlcache/time-arc_qml/desktop/memorylake/RecapOverlay_qml.cpp.aotstats
[69/163] Generating .rcc/qmlcache/time-arc_qml/mobile/MobileTheme_qml.cpp, .rcc/qmlcache/time-arc_qml/mobile/MobileTheme_qml.cpp.aotstats
[70/163] Generating .rcc/qmlcache/time-arc_qml/desktop/memorylake/NotifierTray_qml.cpp, .rcc/qmlcache/time-arc_qml/desktop/memorylake/NotifierTray_qml.cpp.aotstats
[71/163] Generating .rcc/qmlcache/time-arc_qml/mobile/pages/MobileStatsPage_qml.cpp, .rcc/qmlcache/time-arc_qml/mobile/pages/MobileStatsPage_qml.cpp.aotstats
[72/163] Generating .rcc/qmlcache/time-arc_qml/mobile/pages/MobileHomePage_qml.cpp, .rcc/qmlcache/time-arc_qml/mobile/pages/MobileHomePage_qml.cpp.aotstats
[73/163] Generating .rcc/qmlcache/time-arc_qml/mobile/components/MobileStatusBar_qml.cpp, .rcc/qmlcache/time-arc_qml/mobile/components/MobileStatusBar_qml.cpp.aotstats
[74/163] Generating .rcc/qmlcache/time-arc_qml/mobile/pages/MobileSettingsPage_qml.cpp, .rcc/qmlcache/time-arc_qml/mobile/pages/MobileSettingsPage_qml.cpp.aotstats
[75/163] Generating .rcc/qmlcache/time-arc_qml/mobile/components/MobileSectionTitle_qml.cpp, .rcc/qmlcache/time-arc_qml/mobile/components/MobileSectionTitle_qml.cpp.aotstats
[76/163] Generating .rcc/qmlcache/time-arc_qml/mobile/pages/MobileHistoryPage_qml.cpp, .rcc/qmlcache/time-arc_qml/mobile/pages/MobileHistoryPage_qml.cpp.aotstats
[77/163] Generating .rcc/qmlcache/time-arc_qml/mobile/components/MobileSwitch_qml.cpp, .rcc/qmlcache/time-arc_qml/mobile/components/MobileSwitch_qml.cpp.aotstats
[78/163] Generating .rcc/qmlcache/time-arc_qml/mobile/MobileAppShell_qml.cpp, .rcc/qmlcache/time-arc_qml/mobile/MobileAppShell_qml.cpp.aotstats
[79/163] Generating .rcc/qmlcache/time-arc_qml/mobile/components/MobileFlipCard_qml.cpp, .rcc/qmlcache/time-arc_qml/mobile/components/MobileFlipCard_qml.cpp.aotstats
[80/163] Generating .rcc/qmlcache/time-arc_qml/mobile/components/MobileSettingRow_qml.cpp, .rcc/qmlcache/time-arc_qml/mobile/components/MobileSettingRow_qml.cpp.aotstats
[81/163] Generating .rcc/qmlcache/time-arc_qml/mobile/components/MobileTabButton_qml.cpp, .rcc/qmlcache/time-arc_qml/mobile/components/MobileTabButton_qml.cpp.aotstats
[82/163] Building CXX object CMakeFiles/timearc_db_smoke.dir/src/services/database_manager.cpp.o
[83/163] Building CXX object CMakeFiles/timearc_db_smoke.dir/tests/db_smoke.cpp.o
[84/163] Building CXX object CMakeFiles/time-arc.dir/time-arc_qmltyperegistrations.cpp.o
[85/163] Building CXX object CMakeFiles/time-arc.dir/src/services/frontmost_session_repository.cpp.o
[86/163] Building CXX object CMakeFiles/time-arc.dir/src/services/media_session_repository.cpp.o
[87/163] Building CXX object CMakeFiles/time-arc.dir/src/services/mobile/mobile_usage_repository.cpp.o
[88/163] Building CXX object CMakeFiles/time-arc.dir/src/services/app_repository.cpp.o
[89/163] Building CXX object CMakeFiles/time-arc.dir/src/main.cpp.o
[90/163] Building CXX object CMakeFiles/time-arc.dir/time-arc_autogen/mocs_compilation.cpp.o
[91/163] Building CXX object CMakeFiles/time-arc.dir/src/services/database_manager.cpp.o
[92/163] Building CXX object CMakeFiles/time-arc.dir/build/.rcc/qmlcache/time-arc_qml/main_qml.cpp.o
[93/163] Building CXX object CMakeFiles/time-arc.dir/build/.rcc/qmlcache/time-arc_qml/desktop/pages/DesktopMonthlyRecapPage_qml.cpp.o
[94/163] Building CXX object CMakeFiles/time-arc.dir/build/.rcc/qmlcache/time-arc_qml/desktop/pages/DesktopTimerPage_qml.cpp.o
[95/163] Building CXX object CMakeFiles/time-arc.dir/build/.rcc/qmlcache/time-arc_qml/desktop/pages/DesktopHomePage_qml.cpp.o
[96/163] Building CXX object CMakeFiles/time-arc.dir/src/services/usage_stat_manager.cpp.o
[97/163] Building CXX object CMakeFiles/time-arc.dir/build/.rcc/qmlcache/time-arc_qml/desktop/components/WindowChrome_qml.cpp.o
[98/163] Building CXX object CMakeFiles/time-arc.dir/build/.rcc/qmlcache/time-arc_qml/desktop/DesktopAppShell_qml.cpp.o
[99/163] Building CXX object CMakeFiles/time-arc.dir/build/.rcc/qmlcache/time-arc_qml/desktop/pages/DesktopMemoryLakePage_qml.cpp.o
[100/163] Building CXX object CMakeFiles/time-arc.dir/build/.rcc/qmlcache/time-arc_qml/desktop/components/SoftCard_qml.cpp.o
[101/163] Building CXX object CMakeFiles/time-arc.dir/build/.rcc/qmlcache/time-arc_qml/desktop/pages/DesktopStatsPage_qml.cpp.o
[102/163] Building CXX object CMakeFiles/time-arc.dir/build/.rcc/qmlcache/time-arc_qml/desktop/components/DesktopDailyCardView_qml.cpp.o
[103/163] Building CXX object CMakeFiles/time-arc.dir/build/.rcc/qmlcache/time-arc_qml/desktop/components/SoftPill_qml.cpp.o
[104/163] Building CXX object CMakeFiles/time-arc.dir/build/.rcc/qmlcache/time-arc_qml/desktop/components/AppVisual_js.cpp.o
[105/163] Building CXX object CMakeFiles/time-arc.dir/build/.rcc/qmlcache/time-arc_qml/desktop/components/SoftButton_qml.cpp.o
[106/163] Building CXX object CMakeFiles/time-arc.dir/build/.rcc/qmlcache/time-arc_qml/desktop/pages/DesktopProfilePage_qml.cpp.o
[107/163] Building CXX object CMakeFiles/time-arc.dir/build/.rcc/qmlcache/time-arc_qml/desktop/components/I18n_js.cpp.o
[108/163] Building CXX object CMakeFiles/time-arc.dir/build/.rcc/qmlcache/time-arc_qml/desktop/components/AchievementToast_qml.cpp.o
[109/163] Building CXX object CMakeFiles/time-arc.dir/build/.rcc/qmlcache/time-arc_qml/desktop/components/TagPalette_js.cpp.o
[110/163] Building CXX object CMakeFiles/time-arc.dir/build/.rcc/qmlcache/time-arc_qml/desktop/pages/DesktopCalenderPage_qml.cpp.o
[111/163] Building CXX object CMakeFiles/time-arc.dir/build/.rcc/qmlcache/time-arc_qml/desktop/memorylake/MemoryLakeStyle_qml.cpp.o
[112/163] Building CXX object CMakeFiles/time-arc.dir/build/.rcc/qmlcache/time-arc_qml/desktop/memorylake/GenerativeCover_qml.cpp.o
[113/163] Building CXX object CMakeFiles/time-arc.dir/build/.rcc/qmlcache/time-arc_qml/desktop/memorylake/MemoDotTexture_qml.cpp.o
[114/163] Building CXX object CMakeFiles/time-arc.dir/build/.rcc/qmlcache/time-arc_qml/desktop/memorylake/MemoInkCanvas_qml.cpp.o
[115/163] Building CXX object CMakeFiles/time-arc.dir/build/.rcc/qmlcache/time-arc_qml/desktop/memorylake/MemoToolGlyph_qml.cpp.o
[116/163] Building CXX object CMakeFiles/time-arc.dir/build/.rcc/qmlcache/time-arc_qml/desktop/memorylake/MemoToolbar_qml.cpp.o
[117/163] Building CXX object CMakeFiles/time-arc.dir/build/.rcc/qmlcache/time-arc_qml/desktop/memorylake/MemoOverlay_qml.cpp.o
[118/163] Building CXX object CMakeFiles/time-arc.dir/build/.rcc/qmlcache/time-arc_qml/desktop/memorylake/TextLayer_qml.cpp.o
[119/163] Building CXX object CMakeFiles/time-arc.dir/build/.rcc/qmlcache/time-arc_qml/desktop/memorylake/PixelTomato_qml.cpp.o
[120/163] Building CXX object CMakeFiles/time-arc.dir/build/.rcc/qmlcache/time-arc_qml/desktop/memorylake/StickyNote_qml.cpp.o
[121/163] Building CXX object CMakeFiles/time-arc.dir/build/.rcc/qmlcache/time-arc_qml/desktop/memorylake/MemoPageFolder_qml.cpp.o
[122/163] Building CXX object CMakeFiles/time-arc.dir/build/.rcc/qmlcache/time-arc_qml/desktop/memorylake/GlassPanel_qml.cpp.o
[123/163] Building CXX object CMakeFiles/time-arc.dir/build/.rcc/qmlcache/time-arc_qml/desktop/memorylake/PomodoroCompleteOverlay_qml.cpp.o
[124/163] Building CXX object CMakeFiles/time-arc.dir/build/.rcc/qmlcache/time-arc_qml/desktop/memorylake/PomodoroWidget_qml.cpp.o
[125/163] Building CXX object CMakeFiles/time-arc.dir/build/.rcc/qmlcache/time-arc_qml/desktop/memorylake/GlowCircle_qml.cpp.o
[126/163] Building CXX object CMakeFiles/time-arc.dir/build/.rcc/qmlcache/time-arc_qml/desktop/memorylake/MemoDatePicker_qml.cpp.o
[127/163] Building CXX object CMakeFiles/time-arc.dir/build/.rcc/qmlcache/time-arc_qml/desktop/memorylake/GridTexture_qml.cpp.o
[128/163] Building CXX object CMakeFiles/time-arc.dir/build/.rcc/qmlcache/time-arc_qml/desktop/memorylake/AmbientBackground_qml.cpp.o
[129/163] Building CXX object CMakeFiles/time-arc.dir/build/.rcc/qmlcache/time-arc_qml/desktop/memorylake/RoundedFrame_qml.cpp.o
[130/163] Building CXX object CMakeFiles/time-arc.dir/build/.rcc/qmlcache/time-arc_qml/desktop/memorylake/FrostCard_qml.cpp.o
[131/163] Building CXX object CMakeFiles/time-arc.dir/build/.rcc/qmlcache/time-arc_qml/desktop/memorylake/UsageRankList_qml.cpp.o
[132/163] Building CXX object CMakeFiles/time-arc.dir/build/.rcc/qmlcache/time-arc_qml/desktop/memorylake/TimeRiver_qml.cpp.o
[133/163] Building CXX object CMakeFiles/time-arc.dir/build/.rcc/qmlcache/time-arc_qml/desktop/memorylake/DetailPanel_qml.cpp.o
[134/163] Building CXX object CMakeFiles/time-arc.dir/build/.rcc/qmlcache/time-arc_qml/desktop/memorylake/MemoryCard_qml.cpp.o
[135/163] Building CXX object CMakeFiles/time-arc.dir/build/.rcc/qmlcache/time-arc_qml/desktop/memorylake/CardCarousel_qml.cpp.o
[136/163] Building CXX object CMakeFiles/time-arc.dir/build/.rcc/qmlcache/time-arc_qml/desktop/memorylake/TodayConclusionCard_qml.cpp.o
[137/163] Building CXX object CMakeFiles/time-arc.dir/build/.rcc/qmlcache/time-arc_qml/desktop/memorylake/DailyUsageShare_qml.cpp.o
[138/163] Building CXX object CMakeFiles/time-arc.dir/build/.rcc/qmlcache/time-arc_qml/desktop/memorylake/CalendarSyncList_qml.cpp.o
[139/163] Building CXX object CMakeFiles/time-arc.dir/build/.rcc/qmlcache/time-arc_qml/desktop/memorylake/TagChip_qml.cpp.o
[140/163] Building CXX object CMakeFiles/time-arc.dir/build/.rcc/qmlcache/time-arc_qml/desktop/memorylake/SilkyFlickable_qml.cpp.o
[141/163] Building CXX object CMakeFiles/time-arc.dir/build/.rcc/qmlcache/time-arc_qml/desktop/memorylake/RecapSlide_qml.cpp.o
[142/163] Building CXX object CMakeFiles/time-arc.dir/build/.rcc/qmlcache/time-arc_qml/desktop/memorylake/GlassSwitch_qml.cpp.o
[143/163] Building CXX object CMakeFiles/time-arc.dir/build/.rcc/qmlcache/time-arc_qml/desktop/memorylake/GlassComboBox_qml.cpp.o
[144/163] Building CXX object CMakeFiles/time-arc.dir/build/.rcc/qmlcache/time-arc_qml/desktop/memorylake/GlassSlider_qml.cpp.o
[145/163] Building CXX object CMakeFiles/time-arc.dir/build/.rcc/qmlcache/time-arc_qml/desktop/memorylake/GlassTextField_qml.cpp.o
[146/163] Building CXX object CMakeFiles/time-arc.dir/build/.rcc/qmlcache/time-arc_qml/desktop/memorylake/KbdChip_qml.cpp.o
[147/163] Building CXX object CMakeFiles/time-arc.dir/build/.rcc/qmlcache/time-arc_qml/desktop/memorylake/NotifierTray_qml.cpp.o
[148/163] Building CXX object CMakeFiles/time-arc.dir/build/.rcc/qmlcache/time-arc_qml/desktop/memorylake/RecapOverlay_qml.cpp.o
[149/163] Building CXX object CMakeFiles/time-arc.dir/build/.rcc/qmlcache/time-arc_qml/mobile/MobileAppShell_qml.cpp.o
[150/163] Building CXX object CMakeFiles/time-arc.dir/build/.rcc/qmlcache/time-arc_qml/mobile/MobileTheme_qml.cpp.o
[151/163] Building CXX object CMakeFiles/time-arc.dir/build/.rcc/qmlcache/time-arc_qml/mobile/pages/MobileHomePage_qml.cpp.o
[152/163] Building CXX object CMakeFiles/time-arc.dir/build/.rcc/qmlcache/time-arc_qml/mobile/pages/MobileSettingsPage_qml.cpp.o
[153/163] Building CXX object CMakeFiles/time-arc.dir/build/.rcc/qmlcache/time-arc_qml/mobile/components/MobileStatusBar_qml.cpp.o
[154/163] Building CXX object CMakeFiles/time-arc.dir/build/.rcc/qmlcache/time-arc_qml/mobile/pages/MobileStatsPage_qml.cpp.o
[155/163] Building CXX object CMakeFiles/time-arc.dir/build/.qt/rcc/qrc_time-arc_raw_qml_0.cpp.o
[156/163] Linking CXX executable timearc_db_smoke
[157/163] Building CXX object CMakeFiles/time-arc.dir/build/.rcc/qmlcache/time-arc_qml/mobile/pages/MobileHistoryPage_qml.cpp.o
[158/163] Building CXX object CMakeFiles/time-arc.dir/build/.rcc/qmlcache/time-arc_qml/mobile/components/MobileSectionTitle_qml.cpp.o
[159/163] Building CXX object CMakeFiles/time-arc.dir/build/.rcc/qmlcache/time-arc_qml/mobile/components/MobileSwitch_qml.cpp.o
[160/163] Building CXX object CMakeFiles/time-arc.dir/build/.rcc/qmlcache/time-arc_qml/mobile/components/MobileSettingRow_qml.cpp.o
[161/163] Building CXX object CMakeFiles/time-arc.dir/build/.rcc/qmlcache/time-arc_qml/mobile/components/MobileFlipCard_qml.cpp.o
[162/163] Building CXX object CMakeFiles/time-arc.dir/build/.rcc/qmlcache/time-arc_qml/mobile/components/MobileTabButton_qml.cpp.o
[163/163] Linking CXX executable TimeArc.app/Contents/MacOS/TimeArc
ld: warning: building for macOS-14.0, but linking with dylib '/opt/homebrew/opt/qtdeclarative/lib/QtQuick.framework/Versions/A/QtQuick' which was built for newer version 15.0
ld: warning: building for macOS-14.0, but linking with dylib '/opt/homebrew/opt/qtsvg/lib/QtSvg.framework/Versions/A/QtSvg' which was built for newer version 15.0
ld: warning: building for macOS-14.0, but linking with dylib '/opt/homebrew/opt/qtdeclarative/lib/QtQml.framework/Versions/A/QtQml' which was built for newer version 15.0
