[1/247] Copying time-arc qml resources into build dir
[2/247] Generating timearc-site-icons.rcc
[3/247] Generating timearc-backgrounds.rcc
[4/247] Generating timearc-monthly-recap.rcc
[5/247] Building C object src/service/CMakeFiles/time_arc_service.dir/shared/data_bridge.c.o
[6/247] Copying OS X Content TimeArc.app/Contents/Resources/TimeArc.icns
[7/247] Copying OS X Content TimeArc.app/Contents/Library/LaunchAgents/com.timearc.service.plist
[8/247] Populating .qmlls.ini file at /Users/jz2025/Desktop/Development/TimeArc/build/.qt/.qmlls.build.ini
[9/247] Copying time-arc qml sources into build dir
[10/247] Building C object src/service/CMakeFiles/time_arc_service.dir/shared/database_storage.c.o
[11/247] Building C object src/service/CMakeFiles/time_arc_service.dir/shared/database_path.c.o
[12/247] Automatic MOC and UIC for target timearc_resource_bundle_smoke
[13/247] Building C object thirdparty/parson/CMakeFiles/time-arc-parson.dir/parson.c.o
[14/247] Building CXX object CMakeFiles/timearc_resource_bundle_smoke.dir/timearc_resource_bundle_smoke_autogen/mocs_compilation.cpp.o
[15/247] Building Swift Module 'time_arc_service' with 12 sources
FAILED: [code=127] src/service/CMakeFiles/time_arc_service.dir/macos/TimeArcService.swift.o src/service/CMakeFiles/time_arc_service.dir/macos/Tracking/TrackingPorts.swift.o src/service/CMakeFiles/time_arc_service.dir/macos/Tracking/AccessibilityRequest.swift.o src/service/CMakeFiles/time_arc_service.dir/macos/Tracking/ApplicationProbe.swift.o src/service/CMakeFiles/time_arc_service.dir/macos/Tracking/AudioProcessProbe.swift.o src/service/CMakeFiles/time_arc_service.dir/macos/Tracking/InputActionProbe.swift.o src/service/CMakeFiles/time_arc_service.dir/macos/Tracking/SleepAssertionProbe.swift.o src/service/CMakeFiles/time_arc_service.dir/macos/Tracking/TitleProbe.swift.o src/service/CMakeFiles/time_arc_service.dir/macos/Tracking/FrontmostStateMachine.swift.o src/service/CMakeFiles/time_arc_service.dir/macos/Tracking/MediaStateMachine.swift.o src/service/CMakeFiles/time_arc_service.dir/macos/Tracking/DataBridge.swift.o src/service/CMakeFiles/time_arc_service.dir/macos/Tracking/TrackingCoordinator.swift.o 
/usr/bin/swiftc -j 8 -num-threads 8 -c  -module-name time_arc_service -module-cache-path;/private/tmp/timearc-swift-module-cache -incremental -import-objc-header /Users/jz2025/Desktop/Development/TimeArc/src/service/shared/data_bridge.h -Xcc -I/Users/jz2025/Desktop/Development/TimeArc/src/include -I/Users/jz2025/Desktop/Development/TimeArc/src/service/shared -output-file-map src/service/CMakeFiles/time_arc_service.dir//output-file-map.json -I /Users/jz2025/Desktop/Development/TimeArc/src/include -I /Users/jz2025/Desktop/Development/TimeArc/src/service -I /Users/jz2025/Desktop/Development/TimeArc/src/service/shared -I /Users/jz2025/Desktop/Development/TimeArc/src/service/windows -I /Users/jz2025/Desktop/Development/TimeArc/src/service/windows/tracker -I /Users/jz2025/Desktop/Development/TimeArc/src/service/windows/platform -I /Users/jz2025/Desktop/Development/TimeArc/src/service/windows/service -I /Users/jz2025/Desktop/Development/TimeArc/thirdparty/sqlite3 -I /Users/jz2025/Desktop/Development/TimeArc/thirdparty/parson -F /Library/Developer/CommandLineTools/SDKs/MacOSX.sdk/System/Library/Frameworks /Users/jz2025/Desktop/Development/TimeArc/src/service/macos/TimeArcService.swift /Users/jz2025/Desktop/Development/TimeArc/src/service/macos/Tracking/TrackingPorts.swift /Users/jz2025/Desktop/Development/TimeArc/src/service/macos/Tracking/AccessibilityRequest.swift /Users/jz2025/Desktop/Development/TimeArc/src/service/macos/Tracking/ApplicationProbe.swift /Users/jz2025/Desktop/Development/TimeArc/src/service/macos/Tracking/AudioProcessProbe.swift /Users/jz2025/Desktop/Development/TimeArc/src/service/macos/Tracking/InputActionProbe.swift /Users/jz2025/Desktop/Development/TimeArc/src/service/macos/Tracking/SleepAssertionProbe.swift /Users/jz2025/Desktop/Development/TimeArc/src/service/macos/Tracking/TitleProbe.swift /Users/jz2025/Desktop/Development/TimeArc/src/service/macos/Tracking/FrontmostStateMachine.swift /Users/jz2025/Desktop/Development/TimeArc/src/service/macos/Tracking/MediaStateMachine.swift /Users/jz2025/Desktop/Development/TimeArc/src/service/macos/Tracking/DataBridge.swift /Users/jz2025/Desktop/Development/TimeArc/src/service/macos/Tracking/TrackingCoordinator.swift
error: missing argument value for '-module-cache-path'
/bin/sh: /private/tmp/timearc-swift-module-cache: No such file or directory
[16/247] Linking C static library thirdparty/parson/libtime-arc-parson.a
[17/247] Automatic MOC and UIC for target timearc_db_smoke
[18/247] Running qmlimportscanner for time-arc
[19/247] Building CXX object CMakeFiles/timearc_resource_bundle_smoke.dir/tests/resource_bundle_smoke.cpp.o
[20/247] Building C object thirdparty/sqlite3/CMakeFiles/time-arc-sqlite3.dir/sqlite3.c.o
ninja: build stopped: subcommand failed.
