[1/280] Building C object thirdparty/parson/CMakeFiles/time-arc-parson.dir/parson.c.obj
[2/280] Linking C static library thirdparty\parson\libtime-arc-parson.a
[3/280] Automatic MOC and UIC for target timearc_resource_bundle_smoke
[4/280] Automatic MOC and UIC for target timearc_db_smoke
[5/280] Automatic MOC and UIC for target timearc_pomodoro_test
[6/280] Automatic MOC and UIC for target timearc_windows_foreground_state_test
[7/280] Building CXX object CMakeFiles/timearc_resource_bundle_smoke.dir/timearc_resource_bundle_smoke_autogen/mocs_compilation.cpp.obj
[8/280] Building CXX object CMakeFiles/timearc_resource_bundle_smoke.dir/tests/resource_bundle_smoke.cpp.obj
[9/280] Building CXX object CMakeFiles/timearc_db_smoke.dir/timearc_db_smoke_autogen/mocs_compilation.cpp.obj
[10/280] Building CXX object CMakeFiles/timearc_db_smoke.dir/tests/db_smoke.cpp.obj
[11/280] Building CXX object CMakeFiles/timearc_db_smoke.dir/src/services/app_repository.cpp.obj
[12/280] Building C object thirdparty/sqlite3/CMakeFiles/time-arc-sqlite3.dir/sqlite3.c.obj
[13/280] Linking C static library thirdparty\sqlite3\libtime-arc-sqlite3.a
[14/280] Automatic MOC and UIC for target time-arc
[15/280] Running AUTOMOC file extraction for target time-arc
[16/188] Building CXX object CMakeFiles/timearc_db_smoke.dir/src/services/daily_card_service.cpp.obj
[17/188] Building CXX object CMakeFiles/time-arc.dir/time-arc_autogen/mocs_compilation.cpp.obj
[18/188] Building CXX object CMakeFiles/time-arc.dir/src/services/app_repository.cpp.obj
[19/188] Building CXX object CMakeFiles/time-arc.dir/src/main.cpp.obj
[20/188] Building CXX object CMakeFiles/time-arc.dir/src/services/database_manager.cpp.obj
[21/188] Building CXX object CMakeFiles/time-arc.dir/src/services/frontmost_session_repository.cpp.obj
[22/188] Building CXX object CMakeFiles/time-arc.dir/src/services/daily_card_service.cpp.obj
[23/188] Building CXX object CMakeFiles/time-arc.dir/src/services/manual_project_repository.cpp.obj
[24/188] Building CXX object CMakeFiles/time-arc.dir/src/services/media_session_repository.cpp.obj
[25/188] Building CXX object CMakeFiles/time-arc.dir/src/services/mobile/mobile_usage_repository.cpp.obj
[26/188] Building CXX object CMakeFiles/time-arc.dir/src/services/mobile/android_usage_jni_bridge.cpp.obj
[27/188] Building CXX object CMakeFiles/time-arc.dir/src/services/settings_repository.cpp.obj
[28/188] Building CXX object CMakeFiles/time-arc.dir/src/services/stats_service.cpp.obj
[29/188] Building CXX object CMakeFiles/time-arc.dir/src/services/mobile/mobile_usage_service.cpp.obj
[30/188] Building CXX object CMakeFiles/time-arc.dir/src/services/calendar_manager.cpp.obj
[31/188] Building CXX object CMakeFiles/time-arc.dir/src/services/project_manager.cpp.obj
[32/188] Building CXX object CMakeFiles/time-arc.dir/src/services/mobile/mobile_ui_service.cpp.obj
[33/188] Building CXX object CMakeFiles/time-arc.dir/src/services/tag_repository.cpp.obj
[34/188] Building CXX object CMakeFiles/time-arc.dir/src/services/pomodoro_manager.cpp.obj
[35/188] Building CXX object CMakeFiles/time-arc.dir/src/services/timer_manager.cpp.obj
[36/188] Building CXX object CMakeFiles/time-arc.dir/src/services/app_icon_image_provider.cpp.obj
[37/188] Building CXX object CMakeFiles/time-arc.dir/src/services/harness_logger.cpp.obj
[38/188] Building CXX object CMakeFiles/time-arc.dir/time-arc_qmltyperegistrations.cpp.obj
[39/188] Building CXX object CMakeFiles/time-arc.dir/src/services/usage_stat_manager.cpp.obj
[40/188] Building CXX object CMakeFiles/time-arc.dir/build/.qt/rcc/qrc_qmake_time_arc.cpp.obj
[41/188] Building CXX object CMakeFiles/time-arc.dir/build/.rcc/qmlcache/time-arc_qml/main_qml.cpp.obj
[42/188] Building CXX object CMakeFiles/time-arc.dir/build/.rcc/qmlcache/time-arc_qmlcache_loader.cpp.obj
[43/188] Building CXX object CMakeFiles/time-arc.dir/build/.rcc/qmlcache/time-arc_qml/desktop/MacMenuBar_qml.cpp.obj
[44/188] Building CXX object CMakeFiles/time-arc.dir/build/.rcc/qmlcache/time-arc_qml/desktop/PomodoroLayer_qml.cpp.obj
[45/188] Building CXX object CMakeFiles/time-arc.dir/build/.rcc/qmlcache/time-arc_qml/desktop/DesktopAppShell_qml.cpp.obj
[46/188] Building CXX object CMakeFiles/time-arc.dir/build/.rcc/qmlcache/time-arc_qml/desktop/pages/DesktopHomePage_qml.cpp.obj
[47/188] Building CXX object CMakeFiles/time-arc.dir/build/.rcc/qmlcache/time-arc_qml/desktop/pages/DesktopMemoryLakePage_qml.cpp.obj
[48/188] Building CXX object CMakeFiles/time-arc.dir/build/.rcc/qmlcache/time-arc_qml/desktop/pages/DesktopTimerPage_qml.cpp.obj
[49/188] Building CXX object CMakeFiles/time-arc.dir/build/.rcc/qmlcache/time-arc_qml/desktop/pages/DesktopCalenderPage_qml.cpp.obj
[50/188] Building CXX object CMakeFiles/time-arc.dir/build/.rcc/qmlcache/time-arc_qml/desktop/pages/DesktopProfilePage_qml.cpp.obj
[51/188] Building CXX object CMakeFiles/time-arc.dir/build/.rcc/qmlcache/time-arc_qml/desktop/pages/DesktopMonthlyRecapPage_qml.cpp.obj
[52/188] Building CXX object CMakeFiles/time-arc.dir/build/.rcc/qmlcache/time-arc_qml/desktop/pages/DesktopStatsPage_qml.cpp.obj
[53/188] Building CXX object CMakeFiles/time-arc.dir/build/.rcc/qmlcache/time-arc_qml/desktop/components/WindowChrome_qml.cpp.obj
[54/188] Building CXX object CMakeFiles/time-arc.dir/build/.rcc/qmlcache/time-arc_qml/desktop/components/SoftCard_qml.cpp.obj
[55/188] Building CXX object CMakeFiles/time-arc.dir/build/.rcc/qmlcache/time-arc_qml/desktop/components/DesktopDailyCardView_qml.cpp.obj
[56/188] Building CXX object CMakeFiles/time-arc.dir/build/.rcc/qmlcache/time-arc_qml/desktop/components/SoftPill_qml.cpp.obj
[57/188] Building CXX object CMakeFiles/time-arc.dir/build/.rcc/qmlcache/time-arc_qml/desktop/components/SoftButton_qml.cpp.obj
[58/188] Building CXX object CMakeFiles/time-arc.dir/build/.rcc/qmlcache/time-arc_qml/desktop/components/AppVisual_js.cpp.obj
[59/188] Building CXX object CMakeFiles/time-arc.dir/build/.rcc/qmlcache/time-arc_qml/desktop/components/AchievementToast_qml.cpp.obj
[60/188] Building CXX object CMakeFiles/time-arc.dir/build/.rcc/qmlcache/time-arc_qml/desktop/components/Hotkeys_js.cpp.obj
[61/188] Building CXX object CMakeFiles/time-arc.dir/build/.rcc/qmlcache/time-arc_qml/desktop/components/I18n_js.cpp.obj
[62/188] Building CXX object CMakeFiles/time-arc.dir/build/.rcc/qmlcache/time-arc_qml/desktop/components/PlatformCursor_js.cpp.obj
[63/188] Building CXX object CMakeFiles/time-arc.dir/build/.rcc/qmlcache/time-arc_qml/desktop/components/TagPalette_js.cpp.obj
[64/188] Building CXX object CMakeFiles/time-arc.dir/build/.rcc/qmlcache/time-arc_qml/desktop/memorylake/GenerativeCover_qml.cpp.obj
[65/188] Building CXX object CMakeFiles/time-arc.dir/build/.rcc/qmlcache/time-arc_qml/desktop/memorylake/MemoryLakeStyle_qml.cpp.obj
[66/188] Building CXX object CMakeFiles/time-arc.dir/build/.rcc/qmlcache/time-arc_qml/desktop/memorylake/MemoDotTexture_qml.cpp.obj
[67/188] Building CXX object CMakeFiles/time-arc.dir/build/.rcc/qmlcache/time-arc_qml/desktop/memorylake/MemoOverlay_qml.cpp.obj
[68/188] Building CXX object CMakeFiles/time-arc.dir/build/.rcc/qmlcache/time-arc_qml/desktop/memorylake/MemoInkCanvas_qml.cpp.obj
[69/188] Building CXX object CMakeFiles/time-arc.dir/build/.rcc/qmlcache/time-arc_qml/desktop/memorylake/MemoToolGlyph_qml.cpp.obj
[70/188] Building CXX object CMakeFiles/time-arc.dir/build/.rcc/qmlcache/time-arc_qml/desktop/memorylake/MemoToolbar_qml.cpp.obj
[71/188] Building CXX object CMakeFiles/time-arc.dir/build/.rcc/qmlcache/time-arc_qml/desktop/memorylake/TextLayer_qml.cpp.obj
[72/188] Building CXX object CMakeFiles/time-arc.dir/build/.rcc/qmlcache/time-arc_qml/desktop/memorylake/StickyNote_qml.cpp.obj
[73/188] Building CXX object CMakeFiles/time-arc.dir/build/.rcc/qmlcache/time-arc_qml/desktop/memorylake/PixelTomato_qml.cpp.obj
[74/188] Building CXX object CMakeFiles/time-arc.dir/build/.rcc/qmlcache/time-arc_qml/desktop/memorylake/MemoPageFolder_qml.cpp.obj
[75/188] Building CXX object CMakeFiles/time-arc.dir/build/.rcc/qmlcache/time-arc_qml/desktop/memorylake/PomodoroWidget_qml.cpp.obj
[76/188] Building CXX object CMakeFiles/time-arc.dir/build/.rcc/qmlcache/time-arc_qml/desktop/memorylake/PomodoroCompleteOverlay_qml.cpp.obj
[77/188] Building CXX object CMakeFiles/time-arc.dir/build/.rcc/qmlcache/time-arc_qml/desktop/memorylake/GlassPanel_qml.cpp.obj
[78/188] Building CXX object CMakeFiles/time-arc.dir/build/.rcc/qmlcache/time-arc_qml/desktop/memorylake/MemoDatePicker_qml.cpp.obj
[79/188] Building CXX object CMakeFiles/time-arc.dir/build/.rcc/qmlcache/time-arc_qml/desktop/memorylake/GlowCircle_qml.cpp.obj
[80/188] Building CXX object CMakeFiles/time-arc.dir/build/.rcc/qmlcache/time-arc_qml/desktop/memorylake/GridTexture_qml.cpp.obj
[81/188] Building CXX object CMakeFiles/time-arc.dir/build/.rcc/qmlcache/time-arc_qml/desktop/memorylake/AmbientBackground_qml.cpp.obj
[82/188] Building CXX object CMakeFiles/time-arc.dir/build/.rcc/qmlcache/time-arc_qml/desktop/memorylake/UsageRankList_qml.cpp.obj
[83/188] Building CXX object CMakeFiles/time-arc.dir/build/.rcc/qmlcache/time-arc_qml/desktop/memorylake/RoundedFrame_qml.cpp.obj
[84/188] Building CXX object CMakeFiles/time-arc.dir/build/.rcc/qmlcache/time-arc_qml/desktop/memorylake/MemoryCard_qml.cpp.obj
[85/188] Building CXX object CMakeFiles/time-arc.dir/build/.rcc/qmlcache/time-arc_qml/desktop/memorylake/FrostCard_qml.cpp.obj
[86/188] Building CXX object CMakeFiles/time-arc.dir/build/.rcc/qmlcache/time-arc_qml/desktop/memorylake/CardCarousel_qml.cpp.obj
[87/188] Building CXX object CMakeFiles/time-arc.dir/build/.rcc/qmlcache/time-arc_qml/desktop/memorylake/TimeRiver_qml.cpp.obj
[88/188] Building CXX object CMakeFiles/time-arc.dir/build/.rcc/qmlcache/time-arc_qml/desktop/memorylake/DetailPanel_qml.cpp.obj
[89/188] Building CXX object CMakeFiles/time-arc.dir/build/.rcc/qmlcache/time-arc_qml/desktop/memorylake/TodayConclusionCard_qml.cpp.obj
[90/188] Building CXX object CMakeFiles/time-arc.dir/build/.rcc/qmlcache/time-arc_qml/desktop/memorylake/DailyUsageShare_qml.cpp.obj
[91/188] Building CXX object CMakeFiles/time-arc.dir/build/.rcc/qmlcache/time-arc_qml/desktop/memorylake/CalendarSyncList_qml.cpp.obj
[92/188] Building CXX object CMakeFiles/time-arc.dir/build/.rcc/qmlcache/time-arc_qml/desktop/memorylake/TagChip_qml.cpp.obj
[93/188] Building CXX object CMakeFiles/time-arc.dir/build/.rcc/qmlcache/time-arc_qml/desktop/memorylake/SilkyFlickable_qml.cpp.obj
[94/188] Building CXX object CMakeFiles/time-arc.dir/build/.rcc/qmlcache/time-arc_qml/desktop/memorylake/RecapSlide_qml.cpp.obj
[95/188] Building CXX object CMakeFiles/time-arc.dir/build/.rcc/qmlcache/time-arc_qml/desktop/memorylake/GlassSwitch_qml.cpp.obj
[96/188] Building CXX object CMakeFiles/time-arc.dir/build/.rcc/qmlcache/time-arc_qml/desktop/memorylake/RecapOverlay_qml.cpp.obj
[97/188] Building CXX object CMakeFiles/time-arc.dir/build/.rcc/qmlcache/time-arc_qml/desktop/memorylake/GlassSlider_qml.cpp.obj
[98/188] Building CXX object CMakeFiles/time-arc.dir/build/.rcc/qmlcache/time-arc_qml/desktop/memorylake/GlassComboBox_qml.cpp.obj
[99/188] Building CXX object CMakeFiles/time-arc.dir/build/.rcc/qmlcache/time-arc_qml/desktop/memorylake/KbdChip_qml.cpp.obj
[100/188] Building CXX object CMakeFiles/time-arc.dir/build/.rcc/qmlcache/time-arc_qml/desktop/memorylake/GlassTextField_qml.cpp.obj
[101/188] Building CXX object CMakeFiles/time-arc.dir/build/.rcc/qmlcache/time-arc_qml/desktop/memorylake/NotifierTray_qml.cpp.obj
[102/188] Building CXX object CMakeFiles/time-arc.dir/build/.rcc/qmlcache/time-arc_qml/mobile/MobileAppShell_qml.cpp.obj
[103/188] Building CXX object CMakeFiles/time-arc.dir/build/.rcc/qmlcache/time-arc_qml/mobile/MobileTheme_qml.cpp.obj
[104/188] Building CXX object CMakeFiles/time-arc.dir/build/.rcc/qmlcache/time-arc_qml/mobile/pages/MobileHomePage_qml.cpp.obj
[105/188] Building CXX object CMakeFiles/time-arc.dir/build/.rcc/qmlcache/time-arc_qml/mobile/pages/MobileStatsPage_qml.cpp.obj
[106/188] Building CXX object CMakeFiles/time-arc.dir/build/.rcc/qmlcache/time-arc_qml/mobile/pages/MobileHistoryPage_qml.cpp.obj
[107/188] Building CXX object CMakeFiles/time-arc.dir/build/.rcc/qmlcache/time-arc_qml/mobile/components/MobileStatusBar_qml.cpp.obj
[108/188] Building CXX object CMakeFiles/time-arc.dir/build/.rcc/qmlcache/time-arc_qml/mobile/pages/MobileSettingsPage_qml.cpp.obj
[109/188] Building CXX object CMakeFiles/time-arc.dir/build/.rcc/qmlcache/time-arc_qml/mobile/components/MobileSectionTitle_qml.cpp.obj
[110/188] Building CXX object CMakeFiles/time-arc.dir/build/.rcc/qmlcache/time-arc_qml/mobile/components/MobileSwitch_qml.cpp.obj
[111/188] Building CXX object CMakeFiles/time-arc.dir/build/.rcc/qmlcache/time-arc_qml/mobile/components/MobileSettingRow_qml.cpp.obj
[112/188] Building CXX object CMakeFiles/time-arc.dir/build/.rcc/qmlcache/time-arc_qml/mobile/components/MobileTabButton_qml.cpp.obj
[113/188] Building CXX object CMakeFiles/time-arc.dir/build/.rcc/qmlcache/time-arc_qml/mobile/components/MobileFlipCard_qml.cpp.obj
[114/188] Building CXX object CMakeFiles/time-arc.dir/build/.rcc/qmlcache/time-arc_qml/mobile/components/MobileGlassPanel_qml.cpp.obj
[115/188] Building CXX object CMakeFiles/time-arc.dir/build/.rcc/qmlcache/time-arc_qml/mobile/components/MobileAppIcon_qml.cpp.obj
[116/188] Building CXX object CMakeFiles/time-arc.dir/build/.rcc/qmlcache/time-arc_qml/mobile/components/MobileSymbolIcon_qml.cpp.obj
[117/188] Building CXX object CMakeFiles/time-arc.dir/build/.rcc/qmlcache/time-arc_qml/mobile/components/MobileLaunchOverlay_qml.cpp.obj
[118/188] Building CXX object CMakeFiles/time-arc.dir/build/.rcc/qmlcache/time-arc_qml/mobile/components/MobileUsageRankRow_qml.cpp.obj
[119/188] Building CXX object CMakeFiles/time-arc.dir/build/.rcc/qmlcache/time-arc_qml/mobile/components/MobileShareOverlay_qml.cpp.obj
[120/188] Building CXX object CMakeFiles/time-arc.dir/build/.rcc/qmlcache/time-arc_qml/mobile/components/MobileMonthProfiles_js.cpp.obj
[121/188] Building CXX object CMakeFiles/time-arc.dir/build/.rcc/qmlcache/time-arc_qml/mobile/components/MobileMonthlyStory_qml.cpp.obj
[122/188] Building CXX object CMakeFiles/time-arc.dir/build/.rcc/qmlcache/time-arc_qml/mobile/components/MobileSeasonScene_qml.cpp.obj
[123/188] Building CXX object CMakeFiles/time-arc.dir/build/.rcc/qmlcache/time-arc_qml/mobile/components/MobileRankingShareOverlay_qml.cpp.obj
[124/188] Building CXX object CMakeFiles/time-arc.dir/build/.rcc/qmlcache/time-arc_qml/mobile/components/MobileShareActionBar_qml.cpp.obj
[125/188] Building CXX object CMakeFiles/time-arc.dir/build/.rcc/qmlcache/time-arc_qml/mobile/components/MobileRoundedFrame_qml.cpp.obj
[126/188] Building CXX object CMakeFiles/time-arc.dir/build/.rcc/qmlcache/time-arc_qml/mobile/components/monthly/MonthlyCoverPage_qml.cpp.obj
[127/188] Building CXX object CMakeFiles/time-arc.dir/build/.rcc/qmlcache/time-arc_qml/mobile/components/monthly/MonthlyOverviewPage_qml.cpp.obj
[128/188] Building CXX object CMakeFiles/time-arc.dir/build/.rcc/qmlcache/time-arc_qml/mobile/components/monthly/MonthlyHighlightPage_qml.cpp.obj
[129/188] Building CXX object CMakeFiles/time-arc.dir/build/.rcc/qmlcache/time-arc_qml/mobile/components/monthly/MonthlyCompanionPage_qml.cpp.obj
[130/188] Building CXX object CMakeFiles/time-arc.dir/build/.rcc/qmlcache/time-arc_qml/mobile/components/monthly/MonthlyRankingPage_qml.cpp.obj
[131/188] Building CXX object CMakeFiles/time-arc.dir/build/.qt/rcc/qrc_time-arc_raw_qml_0.cpp.obj
[132/188] Building CXX object CMakeFiles/time-arc.dir/build/.qt/rcc/qrc_time-arc_raw_res_0.cpp.obj
[133/188] Building CXX object CMakeFiles/time-arc.dir/build/.qt/rcc/qrc_time-arc_raw_qml_0_extra_qmldirs.cpp.obj
[134/188] Building CXX object CMakeFiles/time-arc.dir/build/.rcc/qmlcache/time-arc_qml/mobile/components/monthly/MonthlySharePage_qml.cpp.obj
[135/188] Building CXX object CMakeFiles/timearc_db_smoke.dir/src/services/frontmost_session_repository.cpp.obj
[136/188] Building CXX object CMakeFiles/timearc_db_smoke.dir/src/services/database_manager.cpp.obj
[137/188] Building CXX object CMakeFiles/timearc_db_smoke.dir/src/services/media_session_repository.cpp.obj
[138/188] Building CXX object CMakeFiles/timearc_db_smoke.dir/src/services/manual_project_repository.cpp.obj
[139/188] Building CXX object CMakeFiles/timearc_db_smoke.dir/src/services/mobile/android_usage_jni_bridge.cpp.obj
[140/188] Building CXX object CMakeFiles/timearc_db_smoke.dir/src/services/mobile/mobile_usage_repository.cpp.obj
[141/188] Building CXX object CMakeFiles/timearc_db_smoke.dir/src/services/settings_repository.cpp.obj
[142/188] Building CXX object CMakeFiles/timearc_db_smoke.dir/src/services/stats_service.cpp.obj
[143/188] Building CXX object CMakeFiles/timearc_db_smoke.dir/src/services/mobile/mobile_usage_service.cpp.obj
[144/188] Building CXX object CMakeFiles/timearc_db_smoke.dir/src/services/calendar_manager.cpp.obj
[145/188] Building CXX object CMakeFiles/timearc_db_smoke.dir/src/services/project_manager.cpp.obj
[146/188] Building CXX object CMakeFiles/timearc_pomodoro_test.dir/timearc_pomodoro_test_autogen/mocs_compilation.cpp.obj
[147/188] Building CXX object CMakeFiles/timearc_pomodoro_test.dir/tests/pomodoro_manager_test.cpp.obj
[148/188] Building CXX object CMakeFiles/timearc_pomodoro_test.dir/src/services/pomodoro_manager.cpp.obj
[149/188] Building CXX object CMakeFiles/timearc_pomodoro_test.dir/src/services/timer_manager.cpp.obj
[150/188] Building CXX object CMakeFiles/timearc_pomodoro_test.dir/src/services/app_repository.cpp.obj
[151/188] Building CXX object CMakeFiles/timearc_pomodoro_test.dir/src/services/database_manager.cpp.obj
[152/188] Building CXX object CMakeFiles/timearc_pomodoro_test.dir/src/services/frontmost_session_repository.cpp.obj
[153/188] Building CXX object CMakeFiles/timearc_pomodoro_test.dir/src/services/daily_card_service.cpp.obj
[154/188] Building CXX object CMakeFiles/timearc_pomodoro_test.dir/src/services/manual_project_repository.cpp.obj
[155/188] Building CXX object CMakeFiles/timearc_pomodoro_test.dir/src/services/media_session_repository.cpp.obj
[156/188] Building CXX object CMakeFiles/timearc_pomodoro_test.dir/src/services/mobile/mobile_usage_repository.cpp.obj
[157/188] Building CXX object CMakeFiles/timearc_pomodoro_test.dir/src/services/mobile/android_usage_jni_bridge.cpp.obj
[158/188] Building CXX object CMakeFiles/timearc_pomodoro_test.dir/src/services/settings_repository.cpp.obj
[159/188] Building CXX object CMakeFiles/timearc_pomodoro_test.dir/src/services/stats_service.cpp.obj
[160/188] Building CXX object CMakeFiles/timearc_pomodoro_test.dir/src/services/mobile/mobile_usage_service.cpp.obj
[161/188] Building CXX object CMakeFiles/timearc_pomodoro_test.dir/src/services/calendar_manager.cpp.obj
[162/188] Building CXX object CMakeFiles/timearc_windows_foreground_state_test.dir/timearc_windows_foreground_state_test_autogen/mocs_compilation.cpp.obj
[163/188] Building C object CMakeFiles/timearc_windows_foreground_state_test.dir/tests/windows_foreground_state_test.c.obj
[164/188] Building C object CMakeFiles/timearc_windows_foreground_state_test.dir/src/service/windows/platform/app_identity.c.obj
[165/188] Building C object CMakeFiles/timearc_windows_foreground_state_test.dir/src/service/windows/tracker/foreground_state.c.obj
[166/188] Building C object CMakeFiles/timearc_windows_foreground_state_test.dir/src/service/windows/platform/idle_win.c.obj
[167/188] Building C object CMakeFiles/timearc_windows_foreground_state_test.dir/src/service/windows/platform/process_activity_win.c.obj
[168/188] Building CXX object CMakeFiles/timearc_pomodoro_test.dir/src/services/project_manager.cpp.obj
[169/188] Building C object src/service/CMakeFiles/time_arc_service.dir/windows/service_config.c.obj
[170/188] Building C object src/service/CMakeFiles/time_arc_service.dir/windows/main.c.obj
[171/188] Building C object src/service/CMakeFiles/time_arc_service.dir/windows/tracker/foreground_state.c.obj
[172/188] Building C object src/service/CMakeFiles/time_arc_service.dir/windows/tracker/audio_tracker.c.obj
[173/188] Building C object src/service/CMakeFiles/time_arc_service.dir/windows/tracker/usage_tracker.c.obj
[174/188] Building C object src/service/CMakeFiles/time_arc_service.dir/windows/platform/app_identity.c.obj
[175/188] Building C object src/service/CMakeFiles/time_arc_service.dir/windows/platform/active_app_win.c.obj
[176/188] Building C object src/service/CMakeFiles/time_arc_service.dir/windows/platform/idle_win.c.obj
[177/188] Building C object src/service/CMakeFiles/time_arc_service.dir/windows/platform/audio_win.c.obj
[178/188] Building C object src/service/CMakeFiles/time_arc_service.dir/windows/platform/process_activity_win.c.obj
[179/188] Building C object src/service/CMakeFiles/time_arc_service.dir/shared/data_bridge.c.obj
[180/188] Building C object src/service/CMakeFiles/time_arc_service.dir/shared/database_storage.c.obj
[181/188] Building C object src/service/CMakeFiles/time_arc_service.dir/windows/service/win_service.c.obj
[182/188] Building C object src/service/CMakeFiles/time_arc_service.dir/shared/database_path.c.obj
[183/188] Linking CXX executable timearc_resource_bundle_smoke.exe
[184/188] Linking CXX executable timearc_db_smoke.exe
[185/188] Linking CXX executable timearc_pomodoro_test.exe
[186/188] Linking CXX executable timearc_windows_foreground_state_test.exe
[187/188] Linking C executable time-arc-service.exe
[188/188] Linking CXX executable TimeArc.exe
