ninja: warning: premature end of file; recovering
[1/185] Automatic MOC and UIC for target timearc_resource_bundle_smoke
[2/183] Automatic MOC and UIC for target timearc_db_smoke
[3/181] Automatic MOC and UIC for target time-arc
[4/180] Running AUTOMOC file extraction for target time-arc
[5/63] Building OBJCXX object CMakeFiles/time-arc.dir/src/services/macos/macos_launch_agent.mm.o
[6/63] Building CXX object CMakeFiles/time-arc.dir/build-macos/.rcc/qmlcache/time-arc_qml/desktop/memorylake/AmbientBackground_qml.cpp.o
[7/63] Building CXX object CMakeFiles/time-arc.dir/build-macos/.rcc/qmlcache/time-arc_qml/desktop/memorylake/GridTexture_qml.cpp.o
[8/63] Building CXX object CMakeFiles/time-arc.dir/build-macos/.rcc/qmlcache/time-arc_qml/desktop/memorylake/GlowCircle_qml.cpp.o
[9/63] Building CXX object CMakeFiles/time-arc.dir/build-macos/.rcc/qmlcache/time-arc_qml/desktop/memorylake/RoundedFrame_qml.cpp.o
[10/63] Building CXX object CMakeFiles/time-arc.dir/build-macos/.rcc/qmlcache/time-arc_qml/desktop/memorylake/UsageRankList_qml.cpp.o
[11/63] Building CXX object CMakeFiles/time-arc.dir/build-macos/.rcc/qmlcache/time-arc_qml/desktop/memorylake/GlassPanel_qml.cpp.o
[12/63] Building CXX object CMakeFiles/time-arc.dir/build-macos/.rcc/qmlcache/time-arc_qml/desktop/memorylake/MemoDatePicker_qml.cpp.o
[13/63] Building CXX object CMakeFiles/time-arc.dir/build-macos/.rcc/qmlcache/time-arc_qml/desktop/memorylake/FrostCard_qml.cpp.o
[14/63] Building CXX object CMakeFiles/time-arc.dir/build-macos/.rcc/qmlcache/time-arc_qml/desktop/memorylake/PomodoroWidget_qml.cpp.o
[15/63] Building CXX object CMakeFiles/time-arc.dir/build-macos/.rcc/qmlcache/time-arc_qml/desktop/memorylake/DetailPanel_qml.cpp.o
[16/63] Building CXX object CMakeFiles/time-arc.dir/build-macos/.rcc/qmlcache/time-arc_qml/desktop/memorylake/TimeRiver_qml.cpp.o
[17/63] Building CXX object CMakeFiles/time-arc.dir/build-macos/.rcc/qmlcache/time-arc_qml/desktop/memorylake/MemoryCard_qml.cpp.o
[18/63] Building CXX object CMakeFiles/time-arc.dir/build-macos/.rcc/qmlcache/time-arc_qml/desktop/memorylake/CardCarousel_qml.cpp.o
[19/63] Building CXX object CMakeFiles/time-arc.dir/build-macos/.rcc/qmlcache/time-arc_qml/desktop/memorylake/TodayConclusionCard_qml.cpp.o
[20/63] Building CXX object CMakeFiles/time-arc.dir/build-macos/.rcc/qmlcache/time-arc_qml/desktop/memorylake/CalendarSyncList_qml.cpp.o
[21/63] Building CXX object CMakeFiles/time-arc.dir/build-macos/.rcc/qmlcache/time-arc_qml/desktop/memorylake/TagChip_qml.cpp.o
[22/63] Building CXX object CMakeFiles/time-arc.dir/build-macos/.rcc/qmlcache/time-arc_qml/desktop/memorylake/GlassSwitch_qml.cpp.o
[23/63] Building CXX object CMakeFiles/time-arc.dir/build-macos/.rcc/qmlcache/time-arc_qml/desktop/memorylake/SilkyFlickable_qml.cpp.o
[24/63] Building CXX object CMakeFiles/time-arc.dir/build-macos/.rcc/qmlcache/time-arc_qml/desktop/memorylake/GlassComboBox_qml.cpp.o
[25/63] Building CXX object CMakeFiles/time-arc.dir/build-macos/.rcc/qmlcache/time-arc_qml/desktop/memorylake/DailyUsageShare_qml.cpp.o
[26/63] Building CXX object CMakeFiles/time-arc.dir/build-macos/.rcc/qmlcache/time-arc_qml/desktop/memorylake/KbdChip_qml.cpp.o
[27/63] Building CXX object CMakeFiles/time-arc.dir/build-macos/.rcc/qmlcache/time-arc_qml/desktop/memorylake/GlassSlider_qml.cpp.o
[28/63] Building CXX object CMakeFiles/time-arc.dir/build-macos/.rcc/qmlcache/time-arc_qml/desktop/memorylake/GlassTextField_qml.cpp.o
[29/63] Building CXX object CMakeFiles/time-arc.dir/build-macos/.rcc/qmlcache/time-arc_qml/desktop/memorylake/RecapSlide_qml.cpp.o
[30/63] Building CXX object CMakeFiles/time-arc.dir/build-macos/.rcc/qmlcache/time-arc_qml/desktop/memorylake/NotifierTray_qml.cpp.o
[31/63] Building CXX object CMakeFiles/time-arc.dir/build-macos/.rcc/qmlcache/time-arc_qml/desktop/memorylake/RecapOverlay_qml.cpp.o
[32/63] Building CXX object CMakeFiles/time-arc.dir/build-macos/.rcc/qmlcache/time-arc_qml/mobile/MobileAppShell_qml.cpp.o
[33/63] Building CXX object CMakeFiles/time-arc.dir/build-macos/.rcc/qmlcache/time-arc_qml/mobile/components/MobileStatusBar_qml.cpp.o
[34/63] Building CXX object CMakeFiles/time-arc.dir/build-macos/.rcc/qmlcache/time-arc_qml/mobile/components/MobileSectionTitle_qml.cpp.o
[35/63] Building CXX object CMakeFiles/time-arc.dir/build-macos/.rcc/qmlcache/time-arc_qml/mobile/components/MobileSwitch_qml.cpp.o
[36/63] Building CXX object CMakeFiles/time-arc.dir/build-macos/.rcc/qmlcache/time-arc_qml/mobile/pages/MobileHomePage_qml.cpp.o
[37/63] Building CXX object CMakeFiles/time-arc.dir/build-macos/.rcc/qmlcache/time-arc_qml/mobile/pages/MobileStatsPage_qml.cpp.o
[38/63] Building CXX object CMakeFiles/time-arc.dir/build-macos/.rcc/qmlcache/time-arc_qml/mobile/MobileTheme_qml.cpp.o
[39/63] Building CXX object CMakeFiles/time-arc.dir/build-macos/.rcc/qmlcache/time-arc_qml/mobile/pages/MobileHistoryPage_qml.cpp.o
[40/63] Building CXX object CMakeFiles/time-arc.dir/build-macos/.rcc/qmlcache/time-arc_qml/mobile/components/MobileGlassPanel_qml.cpp.o
[41/63] Building CXX object CMakeFiles/time-arc.dir/build-macos/.rcc/qmlcache/time-arc_qml/mobile/components/MobileSettingRow_qml.cpp.o
[42/63] Building CXX object CMakeFiles/time-arc.dir/build-macos/.rcc/qmlcache/time-arc_qml/mobile/components/MobileTabButton_qml.cpp.o
[43/63] Building CXX object CMakeFiles/time-arc.dir/build-macos/.rcc/qmlcache/time-arc_qml/mobile/components/MobileAppIcon_qml.cpp.o
[44/63] Building CXX object CMakeFiles/time-arc.dir/build-macos/.rcc/qmlcache/time-arc_qml/mobile/pages/MobileSettingsPage_qml.cpp.o
[45/63] Building CXX object CMakeFiles/time-arc.dir/build-macos/.rcc/qmlcache/time-arc_qml/mobile/components/MobileUsageRankRow_qml.cpp.o
[46/63] Building CXX object CMakeFiles/time-arc.dir/build-macos/.rcc/qmlcache/time-arc_qml/mobile/components/MobileMonthProfiles_js.cpp.o
[47/63] Building CXX object CMakeFiles/time-arc.dir/build-macos/.rcc/qmlcache/time-arc_qml/mobile/components/MobileFlipCard_qml.cpp.o
[48/63] Building CXX object CMakeFiles/time-arc.dir/build-macos/.rcc/qmlcache/time-arc_qml/mobile/components/MobileShareOverlay_qml.cpp.o
[49/63] Building CXX object CMakeFiles/time-arc.dir/build-macos/.rcc/qmlcache/time-arc_qml/mobile/components/MobileRoundedFrame_qml.cpp.o
[50/63] Building CXX object CMakeFiles/time-arc.dir/build-macos/.rcc/qmlcache/time-arc_qml/mobile/components/MobileShareActionBar_qml.cpp.o
[51/63] Building CXX object CMakeFiles/time-arc.dir/build-macos/.rcc/qmlcache/time-arc_qml/mobile/components/MobileMonthlyStory_qml.cpp.o
[52/63] Building CXX object CMakeFiles/time-arc.dir/build-macos/.rcc/qmlcache/time-arc_qml/mobile/components/monthly/MonthlyCoverPage_qml.cpp.o
[53/63] Building CXX object CMakeFiles/time-arc.dir/build-macos/.qt/rcc/qrc_time-arc_raw_qml_0_extra_qmldirs.cpp.o
[54/63] Building CXX object CMakeFiles/time-arc.dir/build-macos/.qt/rcc/qrc_time-arc_raw_res_0.cpp.o
[55/63] Building CXX object CMakeFiles/time-arc.dir/build-macos/.qt/rcc/qrc_time-arc_raw_qml_0.cpp.o
[56/63] Building CXX object CMakeFiles/time-arc.dir/build-macos/.rcc/qmlcache/time-arc_qml/mobile/components/monthly/MonthlyOverviewPage_qml.cpp.o
[57/63] Building CXX object CMakeFiles/time-arc.dir/build-macos/.rcc/qmlcache/time-arc_qml/mobile/components/MobileRankingShareOverlay_qml.cpp.o
[58/63] Building CXX object CMakeFiles/time-arc.dir/build-macos/.rcc/qmlcache/time-arc_qml/mobile/components/monthly/MonthlyHighlightPage_qml.cpp.o
[59/63] Building CXX object CMakeFiles/time-arc.dir/build-macos/.rcc/qmlcache/time-arc_qml/mobile/components/MobileSeasonScene_qml.cpp.o
[60/63] Building CXX object CMakeFiles/time-arc.dir/build-macos/.rcc/qmlcache/time-arc_qml/mobile/components/monthly/MonthlyCompanionPage_qml.cpp.o
[61/63] Building CXX object CMakeFiles/time-arc.dir/build-macos/.rcc/qmlcache/time-arc_qml/mobile/components/monthly/MonthlyRankingPage_qml.cpp.o
[62/63] Building CXX object CMakeFiles/time-arc.dir/build-macos/.rcc/qmlcache/time-arc_qml/mobile/components/monthly/MonthlySharePage_qml.cpp.o
[63/63] Linking CXX executable TimeArc.app/Contents/MacOS/TimeArc
