[1/206] Linking C executable time-arc-service.exe
[2/206] Automatic MOC and UIC for target time-arc
[3/206] Running AUTOMOC file extraction for target time-arc
[4/206] Running rcc for resource time-arc_raw_qml_0
[5/206] Running moc --collect-json for target time-arc
[6/28] Generating .rcc/qmlcache/time-arc_qml/desktop/DesktopAppShell_qml.cpp, .rcc/qmlcache/time-arc_qml/desktop/DesktopAppShell_qml.cpp.aotstats
[7/28] Generating .rcc/qmlcache/time-arc_qml/desktop/pages/DesktopProfilePage_qml.cpp, .rcc/qmlcache/time-arc_qml/desktop/pages/DesktopProfilePage_qml.cpp.aotstats
[8/28] Building CXX object CMakeFiles/timearc_db_smoke.dir/src/services/calendar_manager.cpp.obj
[9/28] Building CXX object CMakeFiles/timearc_pomodoro_test.dir/src/services/calendar_manager.cpp.obj
[10/28] Building CXX object CMakeFiles/time-arc.dir/build/.qt/rcc/qrc_time-arc_raw_qml_0.cpp.obj
[11/28] Building CXX object CMakeFiles/timearc_pomodoro_test.dir/src/services/pomodoro_manager.cpp.obj
[12/28] Building CXX object CMakeFiles/timearc_pomodoro_test.dir/tests/pomodoro_manager_test.cpp.obj
[13/28] Building CXX object CMakeFiles/timearc_db_smoke.dir/timearc_db_smoke_autogen/mocs_compilation.cpp.obj
[14/28] Building CXX object CMakeFiles/timearc_pomodoro_test.dir/timearc_pomodoro_test_autogen/mocs_compilation.cpp.obj
[15/28] Building CXX object CMakeFiles/timearc_pomodoro_test.dir/src/services/settings_repository.cpp.obj
[16/28] Building CXX object CMakeFiles/timearc_db_smoke.dir/src/services/settings_repository.cpp.obj
[17/28] Linking CXX executable timearc_pomodoro_test.exe
[18/28] Building CXX object CMakeFiles/time-arc.dir/src/services/calendar_manager.cpp.obj
[19/28] Building CXX object CMakeFiles/time-arc.dir/src/services/pomodoro_manager.cpp.obj
[20/28] Building CXX object CMakeFiles/time-arc.dir/src/services/mobile/mobile_ui_service.cpp.obj
[21/28] Building CXX object CMakeFiles/time-arc.dir/src/services/settings_repository.cpp.obj
[22/28] Building CXX object CMakeFiles/time-arc.dir/time-arc_autogen/mocs_compilation.cpp.obj
[23/28] Building CXX object CMakeFiles/time-arc.dir/src/main.cpp.obj
[24/28] Building CXX object CMakeFiles/time-arc.dir/build/.rcc/qmlcache/time-arc_qml/desktop/DesktopAppShell_qml.cpp.obj
[25/28] Building CXX object CMakeFiles/time-arc.dir/build/.rcc/qmlcache/time-arc_qml/desktop/pages/DesktopProfilePage_qml.cpp.obj
[26/28] Linking CXX executable TimeArc.exe
FAILED: TimeArc.exe
C:\WINDOWS\system32\cmd.exe /C "cd . && D:\TimeArc\QT\Tools\mingw1310_64\bin\g++.exe -O3 -DNDEBUG -mwindows @CMakeFiles\time-arc.rsp -o TimeArc.exe -Wl,--out-implib,libTimeArc.dll.a -Wl,--major-image-version,0,--minor-image-version,0 && C:\WINDOWS\system32\cmd.exe /C "cd /D D:\TimeArc\time-arc\build && D:\TimeArc\QT\Tools\CMake_64\bin\cmake.exe -E make_directory D:/TimeArc/time-arc/build/assets && D:\TimeArc\QT\Tools\CMake_64\bin\cmake.exe -E remove -f D:/TimeArc/time-arc/build/assets/timearc-gui-assets.rcc && cd /D D:\TimeArc\time-arc\build && D:\TimeArc\QT\Tools\CMake_64\bin\cmake.exe -E copy_if_different D:/TimeArc/time-arc/build/timearc-backgrounds.rcc D:/TimeArc/time-arc/build/assets/timearc-backgrounds.rcc && cd /D D:\TimeArc\time-arc\build && D:\TimeArc\QT\Tools\CMake_64\bin\cmake.exe -E copy_if_different D:/TimeArc/time-arc/build/timearc-site-icons.rcc D:/TimeArc/time-arc/build/assets/timearc-site-icons.rcc && cd /D D:\TimeArc\time-arc\build && D:\TimeArc\QT\Tools\CMake_64\bin\cmake.exe -E copy_if_different D:/TimeArc/time-arc/build/timearc-monthly-recap.rcc D:/TimeArc/time-arc/build/assets/timearc-monthly-recap.rcc""
D:/TimeArc/QT/Tools/mingw1310_64/bin/../lib/gcc/x86_64-w64-mingw32/13.1.0/../../../../x86_64-w64-mingw32/bin/ld.exe: cannot open output file TimeArc.exe: Permission denied

collect2.exe: error: ld returned 1 exit status
[27/28] Building CXX object CMakeFiles/timearc_db_smoke.dir/tests/db_smoke.cpp.obj
ninja: build stopped: subcommand failed.
