[1/191] Automatic MOC and UIC for target time-arc
[2/191] Running AUTOMOC file extraction for target time-arc
[3/191] Running moc --collect-json for target time-arc
[4/191] Automatic QML type registration for target time-arc
[5/191] Generating .rcc/qmlcache/time-arc_qml/desktop/MacMenuBar_qml.cpp, .rcc/qmlcache/time-arc_qml/desktop/MacMenuBar_qml.cpp.aotstats
[6/191] Generating .rcc/qmlcache/time-arc_qml/desktop/PomodoroLayer_qml.cpp, .rcc/qmlcache/time-arc_qml/desktop/PomodoroLayer_qml.cpp.aotstats
[7/191] Generating .rcc/qmlcache/time-arc_qml/desktop/pages/DesktopTimerPage_qml.cpp, .rcc/qmlcache/time-arc_qml/desktop/pages/DesktopTimerPage_qml.cpp.aotstats
[8/191] Generating .rcc/qmlcache/time-arc_qml/desktop/pages/DesktopHomePage_qml.cpp, .rcc/qmlcache/time-arc_qml/desktop/pages/DesktopHomePage_qml.cpp.aotstats
[9/191] Generating .rcc/qmlcache/time-arc_qml/desktop/components/SoftCard_qml.cpp, .rcc/qmlcache/time-arc_qml/desktop/components/SoftCard_qml.cpp.aotstats
[10/191] Generating .rcc/qmlcache/time-arc_qml/desktop/DesktopAppShell_qml.cpp, .rcc/qmlcache/time-arc_qml/desktop/DesktopAppShell_qml.cpp.aotstats
[11/191] Generating .rcc/qmlcache/time-arc_qml/desktop/pages/DesktopMemoryLakePage_qml.cpp, .rcc/qmlcache/time-arc_qml/desktop/pages/DesktopMemoryLakePage_qml.cpp.aotstats
[12/191] Generating .rcc/qmlcache/time-arc_qml/desktop/pages/DesktopMonthlyRecapPage_qml.cpp, .rcc/qmlcache/time-arc_qml/desktop/pages/DesktopMonthlyRecapPage_qml.cpp.aotstats
[13/191] Generating .rcc/qmlcache/time-arc_qml/desktop/components/WindowChrome_qml.cpp, .rcc/qmlcache/time-arc_qml/desktop/components/WindowChrome_qml.cpp.aotstats
[14/191] Generating .rcc/qmlcache/time-arc_qml/main_qml.cpp, .rcc/qmlcache/time-arc_qml/main_qml.cpp.aotstats
[15/191] Generating .rcc/qmlcache/time-arc_qml/desktop/components/Hotkeys_js.cpp
[16/191] Generating .rcc/qmlcache/time-arc_qml/desktop/components/AppVisual_js.cpp
[17/191] Generating .rcc/qmlcache/time-arc_qml/desktop/components/DesktopDailyCardView_qml.cpp, .rcc/qmlcache/time-arc_qml/desktop/components/DesktopDailyCardView_qml.cpp.aotstats
[18/191] Generating .rcc/qmlcache/time-arc_qml/desktop/components/I18n_js.cpp
[19/191] Generating .rcc/qmlcache/time-arc_qml/desktop/components/SoftPill_qml.cpp, .rcc/qmlcache/time-arc_qml/desktop/components/SoftPill_qml.cpp.aotstats
[20/191] Generating .rcc/qmlcache/time-arc_qml/desktop/pages/DesktopStatsPage_qml.cpp, .rcc/qmlcache/time-arc_qml/desktop/pages/DesktopStatsPage_qml.cpp.aotstats
[21/191] Generating .rcc/qmlcache/time-arc_qml/desktop/pages/DesktopProfilePage_qml.cpp, .rcc/qmlcache/time-arc_qml/desktop/pages/DesktopProfilePage_qml.cpp.aotstats
[22/191] Generating .rcc/qmlcache/time-arc_qml/desktop/components/SoftButton_qml.cpp, .rcc/qmlcache/time-arc_qml/desktop/components/SoftButton_qml.cpp.aotstats
[23/191] Generating .rcc/qmlcache/time-arc_qml/desktop/components/PlatformCursor_js.cpp
[24/191] Generating .rcc/qmlcache/time-arc_qml/desktop/components/TagPalette_js.cpp
[25/191] Generating .rcc/qmlcache/time-arc_qml/desktop/components/AchievementToast_qml.cpp, .rcc/qmlcache/time-arc_qml/desktop/components/AchievementToast_qml.cpp.aotstats
[26/191] Generating .rcc/qmlcache/time-arc_qml/desktop/memorylake/GenerativeCover_qml.cpp, .rcc/qmlcache/time-arc_qml/desktop/memorylake/GenerativeCover_qml.cpp.aotstats
[27/191] Generating .rcc/qmlcache/time-arc_qml/desktop/memorylake/MemoDotTexture_qml.cpp, .rcc/qmlcache/time-arc_qml/desktop/memorylake/MemoDotTexture_qml.cpp.aotstats
[28/191] Generating .rcc/qmlcache/time-arc_qml/desktop/memorylake/MemoryLakeStyle_qml.cpp, .rcc/qmlcache/time-arc_qml/desktop/memorylake/MemoryLakeStyle_qml.cpp.aotstats
[29/191] Generating .rcc/qmlcache/time-arc_qml/desktop/pages/DesktopCalenderPage_qml.cpp, .rcc/qmlcache/time-arc_qml/desktop/pages/DesktopCalenderPage_qml.cpp.aotstats
[30/191] Generating .rcc/qmlcache/time-arc_qml/desktop/memorylake/MemoToolbar_qml.cpp, .rcc/qmlcache/time-arc_qml/desktop/memorylake/MemoToolbar_qml.cpp.aotstats
[31/191] Generating .rcc/qmlcache/time-arc_qml/desktop/memorylake/MemoInkCanvas_qml.cpp, .rcc/qmlcache/time-arc_qml/desktop/memorylake/MemoInkCanvas_qml.cpp.aotstats
[32/191] Generating .rcc/qmlcache/time-arc_qml/desktop/memorylake/MemoToolGlyph_qml.cpp, .rcc/qmlcache/time-arc_qml/desktop/memorylake/MemoToolGlyph_qml.cpp.aotstats
[33/191] Generating .rcc/qmlcache/time-arc_qml/desktop/memorylake/PixelTomato_qml.cpp, .rcc/qmlcache/time-arc_qml/desktop/memorylake/PixelTomato_qml.cpp.aotstats
[34/191] Generating .rcc/qmlcache/time-arc_qml/desktop/memorylake/TextLayer_qml.cpp, .rcc/qmlcache/time-arc_qml/desktop/memorylake/TextLayer_qml.cpp.aotstats
[35/191] Generating .rcc/qmlcache/time-arc_qml/desktop/memorylake/StickyNote_qml.cpp, .rcc/qmlcache/time-arc_qml/desktop/memorylake/StickyNote_qml.cpp.aotstats
[36/191] Generating .rcc/qmlcache/time-arc_qml/desktop/memorylake/MemoOverlay_qml.cpp, .rcc/qmlcache/time-arc_qml/desktop/memorylake/MemoOverlay_qml.cpp.aotstats
[37/191] Generating .rcc/qmlcache/time-arc_qml/desktop/memorylake/MemoPageFolder_qml.cpp, .rcc/qmlcache/time-arc_qml/desktop/memorylake/MemoPageFolder_qml.cpp.aotstats
[38/191] Generating .rcc/qmlcache/time-arc_qml/desktop/memorylake/PomodoroCompleteOverlay_qml.cpp, .rcc/qmlcache/time-arc_qml/desktop/memorylake/PomodoroCompleteOverlay_qml.cpp.aotstats
[39/191] Generating .rcc/qmlcache/time-arc_qml/desktop/memorylake/GlowCircle_qml.cpp, .rcc/qmlcache/time-arc_qml/desktop/memorylake/GlowCircle_qml.cpp.aotstats
[40/191] Generating .rcc/qmlcache/time-arc_qml/desktop/memorylake/PomodoroWidget_qml.cpp, .rcc/qmlcache/time-arc_qml/desktop/memorylake/PomodoroWidget_qml.cpp.aotstats
[41/191] Generating .rcc/qmlcache/time-arc_qml/desktop/memorylake/GlassPanel_qml.cpp, .rcc/qmlcache/time-arc_qml/desktop/memorylake/GlassPanel_qml.cpp.aotstats
[42/191] Generating .rcc/qmlcache/time-arc_qml/desktop/memorylake/GridTexture_qml.cpp, .rcc/qmlcache/time-arc_qml/desktop/memorylake/GridTexture_qml.cpp.aotstats
[43/191] Generating .rcc/qmlcache/time-arc_qml/desktop/memorylake/MemoDatePicker_qml.cpp, .rcc/qmlcache/time-arc_qml/desktop/memorylake/MemoDatePicker_qml.cpp.aotstats
[44/191] Generating .rcc/qmlcache/time-arc_qml/desktop/memorylake/AmbientBackground_qml.cpp, .rcc/qmlcache/time-arc_qml/desktop/memorylake/AmbientBackground_qml.cpp.aotstats
[45/191] Generating .rcc/qmlcache/time-arc_qml/desktop/memorylake/RoundedFrame_qml.cpp, .rcc/qmlcache/time-arc_qml/desktop/memorylake/RoundedFrame_qml.cpp.aotstats
[46/191] Generating .rcc/qmlcache/time-arc_qml/desktop/memorylake/UsageRankList_qml.cpp, .rcc/qmlcache/time-arc_qml/desktop/memorylake/UsageRankList_qml.cpp.aotstats
[47/191] Generating .rcc/qmlcache/time-arc_qml/desktop/memorylake/FrostCard_qml.cpp, .rcc/qmlcache/time-arc_qml/desktop/memorylake/FrostCard_qml.cpp.aotstats
[48/191] Generating .rcc/qmlcache/time-arc_qml/desktop/memorylake/TimeRiver_qml.cpp, .rcc/qmlcache/time-arc_qml/desktop/memorylake/TimeRiver_qml.cpp.aotstats
[49/191] Generating .rcc/qmlcache/time-arc_qml/desktop/memorylake/MemoryCard_qml.cpp, .rcc/qmlcache/time-arc_qml/desktop/memorylake/MemoryCard_qml.cpp.aotstats
[50/191] Generating .rcc/qmlcache/time-arc_qml/desktop/memorylake/CardCarousel_qml.cpp, .rcc/qmlcache/time-arc_qml/desktop/memorylake/CardCarousel_qml.cpp.aotstats
[51/191] Generating .rcc/qmlcache/time-arc_qml/desktop/memorylake/DetailPanel_qml.cpp, .rcc/qmlcache/time-arc_qml/desktop/memorylake/DetailPanel_qml.cpp.aotstats
[52/191] Generating .rcc/qmlcache/time-arc_qml/desktop/memorylake/TodayConclusionCard_qml.cpp, .rcc/qmlcache/time-arc_qml/desktop/memorylake/TodayConclusionCard_qml.cpp.aotstats
[53/191] Generating .rcc/qmlcache/time-arc_qml/desktop/memorylake/TagChip_qml.cpp, .rcc/qmlcache/time-arc_qml/desktop/memorylake/TagChip_qml.cpp.aotstats
[54/191] Generating .rcc/qmlcache/time-arc_qml/desktop/memorylake/SilkyFlickable_qml.cpp, .rcc/qmlcache/time-arc_qml/desktop/memorylake/SilkyFlickable_qml.cpp.aotstats
[55/191] Generating .rcc/qmlcache/time-arc_qml/desktop/memorylake/RecapOverlay_qml.cpp, .rcc/qmlcache/time-arc_qml/desktop/memorylake/RecapOverlay_qml.cpp.aotstats
[56/191] Generating .rcc/qmlcache/time-arc_qml/desktop/memorylake/KbdChip_qml.cpp, .rcc/qmlcache/time-arc_qml/desktop/memorylake/KbdChip_qml.cpp.aotstats
[57/191] Generating .rcc/qmlcache/time-arc_qml/desktop/memorylake/DailyUsageShare_qml.cpp, .rcc/qmlcache/time-arc_qml/desktop/memorylake/DailyUsageShare_qml.cpp.aotstats
[58/191] Generating .rcc/qmlcache/time-arc_qml/desktop/memorylake/CalendarSyncList_qml.cpp, .rcc/qmlcache/time-arc_qml/desktop/memorylake/CalendarSyncList_qml.cpp.aotstats
[59/191] Generating .rcc/qmlcache/time-arc_qml/desktop/memorylake/RecapSlide_qml.cpp, .rcc/qmlcache/time-arc_qml/desktop/memorylake/RecapSlide_qml.cpp.aotstats
[60/191] Generating .rcc/qmlcache/time-arc_qml/desktop/memorylake/GlassTextField_qml.cpp, .rcc/qmlcache/time-arc_qml/desktop/memorylake/GlassTextField_qml.cpp.aotstats
[61/191] Generating .rcc/qmlcache/time-arc_qml/desktop/memorylake/GlassSwitch_qml.cpp, .rcc/qmlcache/time-arc_qml/desktop/memorylake/GlassSwitch_qml.cpp.aotstats
[62/191] Generating .rcc/qmlcache/time-arc_qml/desktop/memorylake/NotifierTray_qml.cpp, .rcc/qmlcache/time-arc_qml/desktop/memorylake/NotifierTray_qml.cpp.aotstats
[63/191] Generating .rcc/qmlcache/time-arc_qml/desktop/memorylake/GlassSlider_qml.cpp, .rcc/qmlcache/time-arc_qml/desktop/memorylake/GlassSlider_qml.cpp.aotstats
[64/191] Generating .rcc/qmlcache/time-arc_qml/desktop/memorylake/GlassComboBox_qml.cpp, .rcc/qmlcache/time-arc_qml/desktop/memorylake/GlassComboBox_qml.cpp.aotstats
[65/191] Generating .rcc/qmlcache/time-arc_qml/mobile/MobileTheme_qml.cpp, .rcc/qmlcache/time-arc_qml/mobile/MobileTheme_qml.cpp.aotstats
[66/191] Generating .rcc/qmlcache/time-arc_qml/mobile/pages/MobileHomePage_qml.cpp, .rcc/qmlcache/time-arc_qml/mobile/pages/MobileHomePage_qml.cpp.aotstats
[67/191] Generating .rcc/qmlcache/time-arc_qml/mobile/pages/MobileStatsPage_qml.cpp, .rcc/qmlcache/time-arc_qml/mobile/pages/MobileStatsPage_qml.cpp.aotstats
[68/191] Generating .rcc/qmlcache/time-arc_qml/mobile/components/MobileSectionTitle_qml.cpp, .rcc/qmlcache/time-arc_qml/mobile/components/MobileSectionTitle_qml.cpp.aotstats
[69/191] Generating .rcc/qmlcache/time-arc_qml/mobile/pages/MobileHistoryPage_qml.cpp, .rcc/qmlcache/time-arc_qml/mobile/pages/MobileHistoryPage_qml.cpp.aotstats
[70/191] Generating .rcc/qmlcache/time-arc_qml/mobile/components/MobileSwitch_qml.cpp, .rcc/qmlcache/time-arc_qml/mobile/components/MobileSwitch_qml.cpp.aotstats
[71/191] Generating .rcc/qmlcache/time-arc_qml/mobile/components/MobileSettingRow_qml.cpp, .rcc/qmlcache/time-arc_qml/mobile/components/MobileSettingRow_qml.cpp.aotstats
[72/191] Generating .rcc/qmlcache/time-arc_qml/mobile/components/MobileStatusBar_qml.cpp, .rcc/qmlcache/time-arc_qml/mobile/components/MobileStatusBar_qml.cpp.aotstats
[73/191] Generating .rcc/qmlcache/time-arc_qml/mobile/MobileAppShell_qml.cpp, .rcc/qmlcache/time-arc_qml/mobile/MobileAppShell_qml.cpp.aotstats
[74/191] Generating .rcc/qmlcache/time-arc_qml/mobile/components/MobileGlassPanel_qml.cpp, .rcc/qmlcache/time-arc_qml/mobile/components/MobileGlassPanel_qml.cpp.aotstats
[75/191] Generating .rcc/qmlcache/time-arc_qml/mobile/pages/MobileSettingsPage_qml.cpp, .rcc/qmlcache/time-arc_qml/mobile/pages/MobileSettingsPage_qml.cpp.aotstats
[76/191] Generating .rcc/qmlcache/time-arc_qml/mobile/components/MobileFlipCard_qml.cpp, .rcc/qmlcache/time-arc_qml/mobile/components/MobileFlipCard_qml.cpp.aotstats
[77/191] Generating .rcc/qmlcache/time-arc_qml/mobile/components/MobileSymbolIcon_qml.cpp, .rcc/qmlcache/time-arc_qml/mobile/components/MobileSymbolIcon_qml.cpp.aotstats
[78/191] Generating .rcc/qmlcache/time-arc_qml/mobile/components/MobileMonthProfiles_js.cpp
[79/191] Generating .rcc/qmlcache/time-arc_qml/mobile/components/MobileTabButton_qml.cpp, .rcc/qmlcache/time-arc_qml/mobile/components/MobileTabButton_qml.cpp.aotstats
[80/191] Generating .rcc/qmlcache/time-arc_qml/mobile/components/MobileLaunchOverlay_qml.cpp, .rcc/qmlcache/time-arc_qml/mobile/components/MobileLaunchOverlay_qml.cpp.aotstats
[81/191] Generating .rcc/qmlcache/time-arc_qml/mobile/components/MobileAppIcon_qml.cpp, .rcc/qmlcache/time-arc_qml/mobile/components/MobileAppIcon_qml.cpp.aotstats
[82/191] Generating .rcc/qmlcache/time-arc_qml/mobile/components/MobileUsageRankRow_qml.cpp, .rcc/qmlcache/time-arc_qml/mobile/components/MobileUsageRankRow_qml.cpp.aotstats
[83/191] Generating .rcc/qmlcache/time-arc_qml/mobile/components/MobileShareOverlay_qml.cpp, .rcc/qmlcache/time-arc_qml/mobile/components/MobileShareOverlay_qml.cpp.aotstats
[84/191] Generating .rcc/qmlcache/time-arc_qml/mobile/components/MobileSeasonScene_qml.cpp, .rcc/qmlcache/time-arc_qml/mobile/components/MobileSeasonScene_qml.cpp.aotstats
[85/191] Generating .rcc/qmlcache/time-arc_qml/mobile/components/MobileMonthlyStory_qml.cpp, .rcc/qmlcache/time-arc_qml/mobile/components/MobileMonthlyStory_qml.cpp.aotstats
[86/191] Generating .rcc/qmlcache/time-arc_qml/mobile/components/MobileShareActionBar_qml.cpp, .rcc/qmlcache/time-arc_qml/mobile/components/MobileShareActionBar_qml.cpp.aotstats
[87/191] Generating .rcc/qmlcache/time-arc_qml/mobile/components/MobileRoundedFrame_qml.cpp, .rcc/qmlcache/time-arc_qml/mobile/components/MobileRoundedFrame_qml.cpp.aotstats
[88/191] Generating .rcc/qmlcache/time-arc_qml/mobile/components/monthly/MonthlyCoverPage_qml.cpp, .rcc/qmlcache/time-arc_qml/mobile/components/monthly/MonthlyCoverPage_qml.cpp.aotstats
[89/191] Generating .rcc/qmlcache/time-arc_qml/mobile/components/MobileRankingShareOverlay_qml.cpp, .rcc/qmlcache/time-arc_qml/mobile/components/MobileRankingShareOverlay_qml.cpp.aotstats
[90/191] Generating .rcc/qmlcache/time-arc_qml/mobile/components/monthly/MonthlyOverviewPage_qml.cpp, .rcc/qmlcache/time-arc_qml/mobile/components/monthly/MonthlyOverviewPage_qml.cpp.aotstats
[91/191] Generating .rcc/qmlcache/time-arc_qml/mobile/components/monthly/MonthlyHighlightPage_qml.cpp, .rcc/qmlcache/time-arc_qml/mobile/components/monthly/MonthlyHighlightPage_qml.cpp.aotstats
[92/191] Generating .rcc/qmlcache/time-arc_qml/mobile/components/monthly/MonthlyRankingPage_qml.cpp, .rcc/qmlcache/time-arc_qml/mobile/components/monthly/MonthlyRankingPage_qml.cpp.aotstats
[93/191] Generating .rcc/qmlcache/time-arc_qml/mobile/components/monthly/MonthlyCompanionPage_qml.cpp, .rcc/qmlcache/time-arc_qml/mobile/components/monthly/MonthlyCompanionPage_qml.cpp.aotstats
[94/191] Generating .rcc/qmlcache/time-arc_qml/mobile/components/monthly/MonthlySharePage_qml.cpp, .rcc/qmlcache/time-arc_qml/mobile/components/monthly/MonthlySharePage_qml.cpp.aotstats
[95/191] Building CXX object CMakeFiles/time-arc.dir/src/services/mobile/android_usage_jni_bridge.cpp.o
[96/191] Building CXX object CMakeFiles/time-arc.dir/time-arc_qmltyperegistrations.cpp.o
[97/191] Building CXX object CMakeFiles/time-arc.dir/build-android-arm64_v8a/.rcc/qmlcache/time-arc_qml/main_qml.cpp.o
[98/191] Building CXX object CMakeFiles/time-arc.dir/build-android-arm64_v8a/.rcc/qmlcache/time-arc_qml/desktop/PomodoroLayer_qml.cpp.o
[99/191] Building CXX object CMakeFiles/time-arc.dir/src/services/mobile/mobile_usage_repository.cpp.o
[100/191] Building CXX object CMakeFiles/time-arc.dir/build-android-arm64_v8a/.rcc/qmlcache/time-arc_qml/desktop/pages/DesktopMonthlyRecapPage_qml.cpp.o
[101/191] Building CXX object CMakeFiles/time-arc.dir/time-arc_autogen/mocs_compilation.cpp.o
[102/191] Building CXX object CMakeFiles/time-arc.dir/build-android-arm64_v8a/.rcc/qmlcache/time-arc_qml/desktop/pages/DesktopTimerPage_qml.cpp.o
[103/191] Building CXX object CMakeFiles/time-arc.dir/build-android-arm64_v8a/.rcc/qmlcache/time-arc_qml/desktop/MacMenuBar_qml.cpp.o
[104/191] Building CXX object CMakeFiles/time-arc.dir/src/main.cpp.o
[105/191] Building CXX object CMakeFiles/time-arc.dir/build-android-arm64_v8a/.rcc/qmlcache/time-arc_qml/desktop/components/WindowChrome_qml.cpp.o
[106/191] Building CXX object CMakeFiles/time-arc.dir/build-android-arm64_v8a/.rcc/qmlcache/time-arc_qml/desktop/pages/DesktopHomePage_qml.cpp.o
[107/191] Building CXX object CMakeFiles/time-arc.dir/build-android-arm64_v8a/.rcc/qmlcache/time-arc_qml/desktop/pages/DesktopMemoryLakePage_qml.cpp.o
[108/191] Building CXX object CMakeFiles/time-arc.dir/src/services/mobile/mobile_usage_service.cpp.o
[109/191] Building CXX object CMakeFiles/time-arc.dir/build-android-arm64_v8a/.rcc/qmlcache/time-arc_qml/desktop/DesktopAppShell_qml.cpp.o
[110/191] Building CXX object CMakeFiles/time-arc.dir/build-android-arm64_v8a/.rcc/qmlcache/time-arc_qml/desktop/pages/DesktopStatsPage_qml.cpp.o
[111/191] Building CXX object CMakeFiles/time-arc.dir/build-android-arm64_v8a/.rcc/qmlcache/time-arc_qml/desktop/components/SoftCard_qml.cpp.o
[112/191] Building CXX object CMakeFiles/time-arc.dir/build-android-arm64_v8a/.rcc/qmlcache/time-arc_qml/desktop/components/DesktopDailyCardView_qml.cpp.o
[113/191] Building CXX object CMakeFiles/time-arc.dir/build-android-arm64_v8a/.rcc/qmlcache/time-arc_qml/desktop/pages/DesktopProfilePage_qml.cpp.o
[114/191] Building CXX object CMakeFiles/time-arc.dir/build-android-arm64_v8a/.rcc/qmlcache/time-arc_qml/desktop/components/Hotkeys_js.cpp.o
[115/191] Building CXX object CMakeFiles/time-arc.dir/build-android-arm64_v8a/.rcc/qmlcache/time-arc_qml/desktop/components/AppVisual_js.cpp.o
[116/191] Building CXX object CMakeFiles/time-arc.dir/build-android-arm64_v8a/.rcc/qmlcache/time-arc_qml/desktop/components/I18n_js.cpp.o
[117/191] Building CXX object CMakeFiles/time-arc.dir/build-android-arm64_v8a/.rcc/qmlcache/time-arc_qml/desktop/components/PlatformCursor_js.cpp.o
[118/191] Building CXX object CMakeFiles/time-arc.dir/build-android-arm64_v8a/.rcc/qmlcache/time-arc_qml/desktop/components/TagPalette_js.cpp.o
[119/191] Building CXX object CMakeFiles/time-arc.dir/build-android-arm64_v8a/.rcc/qmlcache/time-arc_qml/desktop/components/SoftPill_qml.cpp.o
[120/191] Building CXX object CMakeFiles/time-arc.dir/build-android-arm64_v8a/.rcc/qmlcache/time-arc_qml/desktop/components/SoftButton_qml.cpp.o
[121/191] Building CXX object CMakeFiles/time-arc.dir/build-android-arm64_v8a/.rcc/qmlcache/time-arc_qml/desktop/memorylake/GenerativeCover_qml.cpp.o
[122/191] Building CXX object CMakeFiles/time-arc.dir/build-android-arm64_v8a/.rcc/qmlcache/time-arc_qml/desktop/memorylake/MemoryLakeStyle_qml.cpp.o
[123/191] Building CXX object CMakeFiles/time-arc.dir/build-android-arm64_v8a/.rcc/qmlcache/time-arc_qml/desktop/components/AchievementToast_qml.cpp.o
[124/191] Building CXX object CMakeFiles/time-arc.dir/build-android-arm64_v8a/.rcc/qmlcache/time-arc_qml/desktop/memorylake/MemoDotTexture_qml.cpp.o
[125/191] Building CXX object CMakeFiles/time-arc.dir/build-android-arm64_v8a/.rcc/qmlcache/time-arc_qml/desktop/pages/DesktopCalenderPage_qml.cpp.o
[126/191] Building CXX object CMakeFiles/time-arc.dir/build-android-arm64_v8a/.rcc/qmlcache/time-arc_qml/desktop/memorylake/MemoInkCanvas_qml.cpp.o
[127/191] Building CXX object CMakeFiles/time-arc.dir/build-android-arm64_v8a/.rcc/qmlcache/time-arc_qml/desktop/memorylake/MemoToolGlyph_qml.cpp.o
[128/191] Building CXX object CMakeFiles/time-arc.dir/build-android-arm64_v8a/.rcc/qmlcache/time-arc_qml/desktop/memorylake/MemoOverlay_qml.cpp.o
[129/191] Building CXX object CMakeFiles/time-arc.dir/build-android-arm64_v8a/.rcc/qmlcache/time-arc_qml/desktop/memorylake/MemoToolbar_qml.cpp.o
[130/191] Building CXX object CMakeFiles/time-arc.dir/build-android-arm64_v8a/.rcc/qmlcache/time-arc_qml/desktop/memorylake/TextLayer_qml.cpp.o
[131/191] Building CXX object CMakeFiles/time-arc.dir/build-android-arm64_v8a/.rcc/qmlcache/time-arc_qml/desktop/memorylake/PixelTomato_qml.cpp.o
[132/191] Building CXX object CMakeFiles/time-arc.dir/build-android-arm64_v8a/.rcc/qmlcache/time-arc_qml/desktop/memorylake/GlassPanel_qml.cpp.o
[133/191] Building CXX object CMakeFiles/time-arc.dir/build-android-arm64_v8a/.rcc/qmlcache/time-arc_qml/desktop/memorylake/MemoPageFolder_qml.cpp.o
[134/191] Building CXX object CMakeFiles/time-arc.dir/build-android-arm64_v8a/.rcc/qmlcache/time-arc_qml/desktop/memorylake/StickyNote_qml.cpp.o
[135/191] Building CXX object CMakeFiles/time-arc.dir/build-android-arm64_v8a/.rcc/qmlcache/time-arc_qml/desktop/memorylake/GlowCircle_qml.cpp.o
[136/191] Building CXX object CMakeFiles/time-arc.dir/build-android-arm64_v8a/.rcc/qmlcache/time-arc_qml/desktop/memorylake/PomodoroCompleteOverlay_qml.cpp.o
[137/191] Building CXX object CMakeFiles/time-arc.dir/build-android-arm64_v8a/.rcc/qmlcache/time-arc_qml/desktop/memorylake/GridTexture_qml.cpp.o
[138/191] Building CXX object CMakeFiles/time-arc.dir/build-android-arm64_v8a/.rcc/qmlcache/time-arc_qml/desktop/memorylake/PomodoroWidget_qml.cpp.o
[139/191] Building CXX object CMakeFiles/time-arc.dir/build-android-arm64_v8a/.rcc/qmlcache/time-arc_qml/desktop/memorylake/MemoDatePicker_qml.cpp.o
[140/191] Building CXX object CMakeFiles/time-arc.dir/build-android-arm64_v8a/.rcc/qmlcache/time-arc_qml/desktop/memorylake/AmbientBackground_qml.cpp.o
[141/191] Building CXX object CMakeFiles/time-arc.dir/build-android-arm64_v8a/.rcc/qmlcache/time-arc_qml/desktop/memorylake/RoundedFrame_qml.cpp.o
[142/191] Building CXX object CMakeFiles/time-arc.dir/build-android-arm64_v8a/.rcc/qmlcache/time-arc_qml/desktop/memorylake/UsageRankList_qml.cpp.o
[143/191] Building CXX object CMakeFiles/time-arc.dir/build-android-arm64_v8a/.rcc/qmlcache/time-arc_qml/desktop/memorylake/FrostCard_qml.cpp.o
[144/191] Building CXX object CMakeFiles/time-arc.dir/build-android-arm64_v8a/.rcc/qmlcache/time-arc_qml/desktop/memorylake/MemoryCard_qml.cpp.o
[145/191] Building CXX object CMakeFiles/time-arc.dir/build-android-arm64_v8a/.rcc/qmlcache/time-arc_qml/desktop/memorylake/TimeRiver_qml.cpp.o
[146/191] Building CXX object CMakeFiles/time-arc.dir/build-android-arm64_v8a/.rcc/qmlcache/time-arc_qml/desktop/memorylake/DetailPanel_qml.cpp.o
[147/191] Building CXX object CMakeFiles/time-arc.dir/build-android-arm64_v8a/.rcc/qmlcache/time-arc_qml/desktop/memorylake/TagChip_qml.cpp.o
[148/191] Building CXX object CMakeFiles/time-arc.dir/build-android-arm64_v8a/.rcc/qmlcache/time-arc_qml/desktop/memorylake/CardCarousel_qml.cpp.o
[149/191] Building CXX object CMakeFiles/time-arc.dir/build-android-arm64_v8a/.rcc/qmlcache/time-arc_qml/desktop/memorylake/CalendarSyncList_qml.cpp.o
[150/191] Building CXX object CMakeFiles/time-arc.dir/build-android-arm64_v8a/.rcc/qmlcache/time-arc_qml/desktop/memorylake/SilkyFlickable_qml.cpp.o
[151/191] Building CXX object CMakeFiles/time-arc.dir/build-android-arm64_v8a/.rcc/qmlcache/time-arc_qml/desktop/memorylake/TodayConclusionCard_qml.cpp.o
[152/191] Building CXX object CMakeFiles/time-arc.dir/build-android-arm64_v8a/.rcc/qmlcache/time-arc_qml/desktop/memorylake/DailyUsageShare_qml.cpp.o
[153/191] Building CXX object CMakeFiles/time-arc.dir/build-android-arm64_v8a/.rcc/qmlcache/time-arc_qml/desktop/memorylake/GlassSwitch_qml.cpp.o
[154/191] Building CXX object CMakeFiles/time-arc.dir/build-android-arm64_v8a/.rcc/qmlcache/time-arc_qml/desktop/memorylake/GlassComboBox_qml.cpp.o
[155/191] Building CXX object CMakeFiles/time-arc.dir/build-android-arm64_v8a/.rcc/qmlcache/time-arc_qml/desktop/memorylake/GlassTextField_qml.cpp.o
[156/191] Building CXX object CMakeFiles/time-arc.dir/build-android-arm64_v8a/.rcc/qmlcache/time-arc_qml/desktop/memorylake/RecapSlide_qml.cpp.o
[157/191] Building CXX object CMakeFiles/time-arc.dir/build-android-arm64_v8a/.rcc/qmlcache/time-arc_qml/desktop/memorylake/GlassSlider_qml.cpp.o
[158/191] Building CXX object CMakeFiles/time-arc.dir/build-android-arm64_v8a/.rcc/qmlcache/time-arc_qml/desktop/memorylake/KbdChip_qml.cpp.o
[159/191] Building CXX object CMakeFiles/time-arc.dir/build-android-arm64_v8a/.rcc/qmlcache/time-arc_qml/desktop/memorylake/NotifierTray_qml.cpp.o
[160/191] Building CXX object CMakeFiles/time-arc.dir/build-android-arm64_v8a/.rcc/qmlcache/time-arc_qml/desktop/memorylake/RecapOverlay_qml.cpp.o
[161/191] Building CXX object CMakeFiles/time-arc.dir/build-android-arm64_v8a/.rcc/qmlcache/time-arc_qml/mobile/MobileAppShell_qml.cpp.o
[162/191] Building CXX object CMakeFiles/time-arc.dir/build-android-arm64_v8a/.rcc/qmlcache/time-arc_qml/mobile/MobileTheme_qml.cpp.o
[163/191] Building CXX object CMakeFiles/time-arc.dir/build-android-arm64_v8a/.rcc/qmlcache/time-arc_qml/mobile/pages/MobileHomePage_qml.cpp.o
[164/191] Building CXX object CMakeFiles/time-arc.dir/build-android-arm64_v8a/.rcc/qmlcache/time-arc_qml/mobile/pages/MobileStatsPage_qml.cpp.o
[165/191] Building CXX object CMakeFiles/time-arc.dir/build-android-arm64_v8a/.rcc/qmlcache/time-arc_qml/mobile/components/MobileSectionTitle_qml.cpp.o
[166/191] Building CXX object CMakeFiles/time-arc.dir/build-android-arm64_v8a/.rcc/qmlcache/time-arc_qml/mobile/components/MobileStatusBar_qml.cpp.o
[167/191] Building CXX object CMakeFiles/time-arc.dir/build-android-arm64_v8a/.rcc/qmlcache/time-arc_qml/mobile/pages/MobileHistoryPage_qml.cpp.o
[168/191] Building CXX object CMakeFiles/time-arc.dir/build-android-arm64_v8a/.rcc/qmlcache/time-arc_qml/mobile/components/MobileSwitch_qml.cpp.o
[169/191] Building CXX object CMakeFiles/time-arc.dir/build-android-arm64_v8a/.rcc/qmlcache/time-arc_qml/mobile/components/MobileGlassPanel_qml.cpp.o
[170/191] Building CXX object CMakeFiles/time-arc.dir/build-android-arm64_v8a/.rcc/qmlcache/time-arc_qml/mobile/components/MobileSettingRow_qml.cpp.o
[171/191] Building CXX object CMakeFiles/time-arc.dir/build-android-arm64_v8a/.rcc/qmlcache/time-arc_qml/mobile/components/MobileTabButton_qml.cpp.o
[172/191] Building CXX object CMakeFiles/time-arc.dir/build-android-arm64_v8a/.rcc/qmlcache/time-arc_qml/mobile/components/MobileSymbolIcon_qml.cpp.o
[173/191] Building CXX object CMakeFiles/time-arc.dir/build-android-arm64_v8a/.rcc/qmlcache/time-arc_qml/mobile/pages/MobileSettingsPage_qml.cpp.o
[174/191] Building CXX object CMakeFiles/time-arc.dir/build-android-arm64_v8a/.rcc/qmlcache/time-arc_qml/mobile/components/MobileAppIcon_qml.cpp.o
[175/191] Building CXX object CMakeFiles/time-arc.dir/build-android-arm64_v8a/.rcc/qmlcache/time-arc_qml/mobile/components/MobileUsageRankRow_qml.cpp.o
[176/191] Building CXX object CMakeFiles/time-arc.dir/build-android-arm64_v8a/.rcc/qmlcache/time-arc_qml/mobile/components/MobileFlipCard_qml.cpp.o
[177/191] Building CXX object CMakeFiles/time-arc.dir/build-android-arm64_v8a/.rcc/qmlcache/time-arc_qml/mobile/components/MobileLaunchOverlay_qml.cpp.o
[178/191] Building CXX object CMakeFiles/time-arc.dir/build-android-arm64_v8a/.rcc/qmlcache/time-arc_qml/mobile/components/MobileShareOverlay_qml.cpp.o
[179/191] Building CXX object CMakeFiles/time-arc.dir/build-android-arm64_v8a/.rcc/qmlcache/time-arc_qml/mobile/components/MobileMonthProfiles_js.cpp.o
[180/191] Building CXX object CMakeFiles/time-arc.dir/build-android-arm64_v8a/.rcc/qmlcache/time-arc_qml/mobile/components/MobileShareActionBar_qml.cpp.o
[181/191] Building CXX object CMakeFiles/time-arc.dir/build-android-arm64_v8a/.rcc/qmlcache/time-arc_qml/mobile/components/monthly/MonthlyCoverPage_qml.cpp.o
[182/191] Building CXX object CMakeFiles/time-arc.dir/build-android-arm64_v8a/.rcc/qmlcache/time-arc_qml/mobile/components/MobileMonthlyStory_qml.cpp.o
[183/191] Building CXX object CMakeFiles/time-arc.dir/build-android-arm64_v8a/.rcc/qmlcache/time-arc_qml/mobile/components/MobileRoundedFrame_qml.cpp.o
[184/191] Building CXX object CMakeFiles/time-arc.dir/build-android-arm64_v8a/.rcc/qmlcache/time-arc_qml/mobile/components/monthly/MonthlyOverviewPage_qml.cpp.o
[185/191] Building CXX object CMakeFiles/time-arc.dir/build-android-arm64_v8a/.rcc/qmlcache/time-arc_qml/mobile/components/MobileSeasonScene_qml.cpp.o
[186/191] Building CXX object CMakeFiles/time-arc.dir/build-android-arm64_v8a/.rcc/qmlcache/time-arc_qml/mobile/components/monthly/MonthlyHighlightPage_qml.cpp.o
[187/191] Building CXX object CMakeFiles/time-arc.dir/build-android-arm64_v8a/.rcc/qmlcache/time-arc_qml/mobile/components/monthly/MonthlyCompanionPage_qml.cpp.o
[188/191] Building CXX object CMakeFiles/time-arc.dir/build-android-arm64_v8a/.rcc/qmlcache/time-arc_qml/mobile/components/MobileRankingShareOverlay_qml.cpp.o
[189/191] Building CXX object CMakeFiles/time-arc.dir/build-android-arm64_v8a/.rcc/qmlcache/time-arc_qml/mobile/components/monthly/MonthlyRankingPage_qml.cpp.o
[190/191] Building CXX object CMakeFiles/time-arc.dir/build-android-arm64_v8a/.rcc/qmlcache/time-arc_qml/mobile/components/monthly/MonthlySharePage_qml.cpp.o
[191/191] Linking CXX shared module libTimeArc_arm64-v8a.so
