[1/2] Copying time-arc binary to apk folder
[2/2] Creating APK for time-arc
FAILED: android-build/time-arc.apk D:/TimeArc/time-arc/build-android-arm64_v8a/android-build/time-arc.apk
C:\WINDOWS\system32\cmd.exe /C "cd /D D:\TimeArc\time-arc\build-android-arm64_v8a && D:\TimeArc\QT\6.11.0\mingw_64\bin\androiddeployqt.exe --input D:/TimeArc/time-arc/build-android-arm64_v8a/android-time-arc-deployment-settings.json --output D:/TimeArc/time-arc/build-android-arm64_v8a/android-build --apk D:/TimeArc/time-arc/build-android-arm64_v8a/android-build/time-arc.apk --depfile D:/TimeArc/time-arc/build-android-arm64_v8a/android-build/time-arc.d --builddir D:/TimeArc/time-arc/build-android-arm64_v8a "" && D:\TimeArc\QT\Tools\CMake_64\bin\cmake.exe -E cmake_transform_depfile Ninja gccdepfile D:/TimeArc/time-arc D:/TimeArc/time-arc D:/TimeArc/time-arc/build-android-arm64_v8a D:/TimeArc/time-arc/build-android-arm64_v8a D:/TimeArc/time-arc/build-android-arm64_v8a/android-build/time-arc.d D:/TimeArc/time-arc/build-android-arm64_v8a/CMakeFiles/d/6ce5bb13f5c2e8c85a3e3a256b13740e60011fce965bf7289f974469e0029b9a.d"
Generating Android Package
  Input file: D:/TimeArc/time-arc/build-android-arm64_v8a/android-time-arc-deployment-settings.json
  Output directory: D:/TimeArc/time-arc/build-android-arm64_v8a/android-build/
  Application binary: TimeArc
  Android build platform: android-36
  Install to device: No
Warning: QML import could not be resolved in any of the import paths: QtQuick.Controls.Windows
Warning: QML import could not be resolved in any of the import paths: QtQuick.Controls.macOS
Warning: QML import could not be resolved in any of the import paths: QtQuick.Controls.iOS
Warning: QML import could not be resolved in any of the import paths: QtQuick.NativeStyle
Warning: QML import could not be resolved in any of the import paths: QtQuick.Controls.Windows.impl
> Task :preBuild UP-TO-DATE
> Task :preDebugBuild UP-TO-DATE
> Task :mergeDebugNativeDebugMetadata NO-SOURCE
> Task :generateDebugResources UP-TO-DATE
> Task :packageDebugResources UP-TO-DATE
> Task :processDebugNavigationResources UP-TO-DATE
> Task :parseDebugLocalResources UP-TO-DATE
> Task :generateDebugRFile UP-TO-DATE
> Task :compileDebugKotlin NO-SOURCE
> Task :javaPreCompileDebug UP-TO-DATE

> Task :compileDebugJavaWithJavac FAILED
D:\TimeArc\time-arc\build-android-arm64_v8a\android-build\src\main\java\com\timearc\mobile\ui\MobileUiBridge.java:42: 警告: [deprecation] LayoutParams中的FLAG_TRANSLUCENT_STATUS已过时
                    WindowManager.LayoutParams.FLAG_TRANSLUCENT_STATUS
                                              ^
D:\TimeArc\time-arc\build-android-arm64_v8a\android-build\src\main\java\com\timearc\mobile\ui\MobileUiBridge.java:43: 警告: [deprecation] LayoutParams中的FLAG_TRANSLUCENT_NAVIGATION已过时
                            | WindowManager.LayoutParams.FLAG_TRANSLUCENT_NAVIGATION);
                                                        ^
D:\TimeArc\time-arc\build-android-arm64_v8a\android-build\src\main\java\com\timearc\mobile\ui\MobileUiBridge.java:49: 警告: [deprecation] View中的getSystemUiVisibility()已过时
                    decorView.getSystemUiVisibility()
                             ^
D:\TimeArc\time-arc\build-android-arm64_v8a\android-build\src\main\java\com\timearc\mobile\ui\MobileUiBridge.java:50: 警告: [deprecation] View中的SYSTEM_UI_FLAG_LAYOUT_STABLE已过时
                            | View.SYSTEM_UI_FLAG_LAYOUT_STABLE
                                  ^
D:\TimeArc\time-arc\build-android-arm64_v8a\android-build\src\main\java\com\timearc\mobile\ui\MobileUiBridge.java:51: 警告: [deprecation] View中的SYSTEM_UI_FLAG_LAYOUT_FULLSCREEN已过时
                            | View.SYSTEM_UI_FLAG_LAYOUT_FULLSCREEN
                                  ^
D:\TimeArc\time-arc\build-android-arm64_v8a\android-build\src\main\java\com\timearc\mobile\ui\MobileUiBridge.java:52: 警告: [deprecation] View中的SYSTEM_UI_FLAG_LAYOUT_HIDE_NAVIGATION已过时
                            | View.SYSTEM_UI_FLAG_LAYOUT_HIDE_NAVIGATION);
                                  ^
D:\TimeArc\time-arc\build-android-arm64_v8a\android-build\src\main\java\com\timearc\mobile\ui\MobileUiBridge.java:48: 警告: [deprecation] View中的setSystemUiVisibility(int)已过时
            decorView.setSystemUiVisibility(
                     ^
D:\TimeArc\time-arc\build-android-arm64_v8a\android-build\src\main\java\com\timearc\mobile\ui\MobileUiBridge.java:60: 警告: [deprecation] Window中的setStatusBarColor(int)已过时
            window.setStatusBarColor(Color.TRANSPARENT);
                  ^
D:\TimeArc\time-arc\build-android-arm64_v8a\android-build\src\main\java\com\timearc\mobile\ui\MobileUiBridge.java:61: 警告: [deprecation] Window中的setNavigationBarColor(int)已过时
            window.setNavigationBarColor(Color.TRANSPARENT);
                  ^
D:\TimeArc\time-arc\build-android-arm64_v8a\android-build\src\main\java\com\timearc\mobile\ui\TimeArcActivity.java:13: 错误: TimeArcActivity中的onCreate(Bundle)无法覆盖QtActivity中的onCreate(Bundle)
    protected void onCreate(Bundle savedInstanceState) {
                   ^
  正在尝试分配更低的访问权限; 以前为public
1 个错误
9 个警告

[Incubating] Problems report is available at: file:///D:/TimeArc/time-arc/build-android-arm64_v8a/android-build/build/reports/problems/problems-report.html

FAILURE: Build failed with an exception.

* What went wrong:
Execution failed for task ':compileDebugJavaWithJavac'.
> Compilation failed; see the compiler output below.
  D:\TimeArc\time-arc\build-android-arm64_v8a\android-build\src\main\java\com\timearc\mobile\ui\MobileUiBridge.java:42: 警告: [deprecation] LayoutParams中的FLAG_TRANSLUCENT_STATUS已过时
                      WindowManager.LayoutParams.FLAG_TRANSLUCENT_STATUS
                                                ^
  D:\TimeArc\time-arc\build-android-arm64_v8a\android-build\src\main\java\com\timearc\mobile\ui\MobileUiBridge.java:43: 警告: [deprecation] LayoutParams中的FLAG_TRANSLUCENT_NAVIGATION已过时
                              | WindowManager.LayoutParams.FLAG_TRANSLUCENT_NAVIGATION);
                                                          ^
  D:\TimeArc\time-arc\build-android-arm64_v8a\android-build\src\main\java\com\timearc\mobile\ui\MobileUiBridge.java:49: 警告: [deprecation] View中的getSystemUiVisibility()已过时
                      decorView.getSystemUiVisibility()
                               ^
  D:\TimeArc\time-arc\build-android-arm64_v8a\android-build\src\main\java\com\timearc\mobile\ui\MobileUiBridge.java:50: 警告: [deprecation] View中的SYSTEM_UI_FLAG_LAYOUT_STABLE已过时
                              | View.SYSTEM_UI_FLAG_LAYOUT_STABLE
                                    ^
  D:\TimeArc\time-arc\build-android-arm64_v8a\android-build\src\main\java\com\timearc\mobile\ui\MobileUiBridge.java:51: 警告: [deprecation] View中的SYSTEM_UI_FLAG_LAYOUT_FULLSCREEN已过时
                              | View.SYSTEM_UI_FLAG_LAYOUT_FULLSCREEN
                                    ^
  D:\TimeArc\time-arc\build-android-arm64_v8a\android-build\src\main\java\com\timearc\mobile\ui\MobileUiBridge.java:52: 警告: [deprecation] View中的SYSTEM_UI_FLAG_LAYOUT_HIDE_NAVIGATION已过时
                              | View.SYSTEM_UI_FLAG_LAYOUT_HIDE_NAVIGATION);
                                    ^
  D:\TimeArc\time-arc\build-android-arm64_v8a\android-build\src\main\java\com\timearc\mobile\ui\MobileUiBridge.java:48: 警告: [deprecation] View中的setSystemUiVisibility(int)已过时
              decorView.setSystemUiVisibility(
                       ^
  D:\TimeArc\time-arc\build-android-arm64_v8a\android-build\src\main\java\com\timearc\mobile\ui\MobileUiBridge.java:60: 警告: [deprecation] Window中的setStatusBarColor(int)已过时
              window.setStatusBarColor(Color.TRANSPARENT);
                    ^
  D:\TimeArc\time-arc\build-android-arm64_v8a\android-build\src\main\java\com\timearc\mobile\ui\MobileUiBridge.java:61: 警告: [deprecation] Window中的setNavigationBarColor(int)已过时
              window.setNavigationBarColor(Color.TRANSPARENT);
                    ^
  D:\TimeArc\time-arc\build-android-arm64_v8a\android-build\src\main\java\com\timearc\mobile\ui\TimeArcActivity.java:13: 错误: TimeArcActivity中的onCreate(Bundle)无法覆盖QtActivity中的onCreate(Bundle)
      protected void onCreate(Bundle savedInstanceState) {
                     ^
    正在尝试分配更低的访问权限; 以前为public
  1 个错误
  9 个警告

* Try:
> Check your code and dependencies to fix the compilation error(s)
> Run with --scan to get full insights from a Build Scan (powered by Develocity).

BUILD FAILED in 9s
7 actionable tasks: 1 executed, 6 up-to-date
Building the android package failed!
  -- For more information, run this command with --verbose.
The maximum path length that can be processed by Gradle on Windows is 260 characters.
Consider moving your project to reduce its path length.
The following files have too long paths:
D:/TimeArc/time-arc/build-android-arm64_v8a/android-build/src/main/java/com/timearc/mobile/ui/MobileUiBridge.java
D:/TimeArc/time-arc/build-android-arm64_v8a/android-build/src/main/java/com/timearc/mobile/ui/QqZoneAdapter.java
D:/TimeArc/time-arc/build-android-arm64_v8a/android-build/src/main/java/com/timearc/mobile/ui/TimeArcActivity.java
D:/TimeArc/time-arc/build-android-arm64_v8a/android-build/src/main/java/com/timearc/mobile/ui/WeChatMomentsAdapter.java
D:/TimeArc/time-arc/build-android-arm64_v8a/android-build/src/main/java/com/timearc/mobile/usage/AndroidAppMetadataResolver.java
D:/TimeArc/time-arc/build-android-arm64_v8a/android-build/src/main/java/com/timearc/mobile/usage/AndroidUsageNativeBridge.java
D:/TimeArc/time-arc/build-android-arm64_v8a/android-build/src/main/java/com/timearc/mobile/usage/UsageAccessBridge.java
D:/TimeArc/time-arc/build-android-arm64_v8a/android-build/src/main/java/com/timearc/mobile/usage/UsageEventsReader.java
D:/TimeArc/time-arc/build-android-arm64_v8a/android-build/src/main/java/com/timearc/mobile/usage/UsageRecordDto.java
D:/TimeArc/time-arc/build-android-arm64_v8a/android-build/src/main/java/com/timearc/mobile/usage/UsageSessionDto.java

D:/TimeArc/time-arc/build-android-arm64_v8a/android-build/src/main/java/com/timearc/mobile/usage/UsageStatsReader.java

D:/TimeArc/time-arc/build-android-arm64_v8a/android-build/src/main/java/com/timearc/mobile/usage/UsageSyncScheduler.java

D:/TimeArc/time-arc/build-android-arm64_v8a/android-build/src/main/java/com/timearc/mobile/usage/UsageSyncWorker.java.

ninja: build stopped: subcommand failed.
