[1/172] Automatic MOC and UIC for target timearc_db_smoke
[2/171] Automatic MOC and UIC for target time-arc
[3/171] Running AUTOMOC file extraction for target time-arc
[4/169] Generating .rcc/qmlcache/time-arc_qml/desktop/pages/DesktopTimerPage_qml.cpp, .rcc/qmlcache/time-arc_qml/desktop/pages/DesktopTimerPage_qml.cpp.aotstats
[5/169] Generating .rcc/qmlcache/time-arc_qml/desktop/pages/DesktopMemoryLakePage_qml.cpp, .rcc/qmlcache/time-arc_qml/desktop/pages/DesktopMemoryLakePage_qml.cpp.aotstats
[6/169] Generating .rcc/qmlcache/time-arc_qml/desktop/pages/DesktopHomePage_qml.cpp, .rcc/qmlcache/time-arc_qml/desktop/pages/DesktopHomePage_qml.cpp.aotstats
[7/169] Generating .rcc/qmlcache/time-arc_qml/desktop/pages/DesktopMonthlyRecapPage_qml.cpp, .rcc/qmlcache/time-arc_qml/desktop/pages/DesktopMonthlyRecapPage_qml.cpp.aotstats
[8/169] Linking CXX executable timearc_db_smoke
[9/169] Generating .rcc/qmlcache/time-arc_qml/desktop/DesktopAppShell_qml.cpp, .rcc/qmlcache/time-arc_qml/desktop/DesktopAppShell_qml.cpp.aotstats
[10/169] Generating .rcc/qmlcache/time-arc_qml/desktop/pages/DesktopStatsPage_qml.cpp, .rcc/qmlcache/time-arc_qml/desktop/pages/DesktopStatsPage_qml.cpp.aotstats
[11/169] Generating .rcc/qmlcache/time-arc_qml/desktop/components/WindowChrome_qml.cpp, .rcc/qmlcache/time-arc_qml/desktop/components/WindowChrome_qml.cpp.aotstats
[12/169] Generating .rcc/qmlcache/time-arc_qml/desktop/components/SoftCard_qml.cpp, .rcc/qmlcache/time-arc_qml/desktop/components/SoftCard_qml.cpp.aotstats
[13/169] Generating .rcc/qmlcache/time-arc_qml/desktop/components/AppVisual_js.cpp
[14/169] Generating .rcc/qmlcache/time-arc_qml/desktop/components/SoftButton_qml.cpp, .rcc/qmlcache/time-arc_qml/desktop/components/SoftButton_qml.cpp.aotstats
[15/169] Generating .rcc/qmlcache/time-arc_qml/desktop/components/SoftPill_qml.cpp, .rcc/qmlcache/time-arc_qml/desktop/components/SoftPill_qml.cpp.aotstats
[16/169] Generating .rcc/qmlcache/time-arc_qml/desktop/components/DesktopDailyCardView_qml.cpp, .rcc/qmlcache/time-arc_qml/desktop/components/DesktopDailyCardView_qml.cpp.aotstats
[17/169] Generating .rcc/qmlcache/time-arc_qml/desktop/components/I18n_js.cpp
[18/169] Generating .rcc/qmlcache/time-arc_qml/desktop/components/TagPalette_js.cpp
[19/169] Generating .rcc/qmlcache/time-arc_qml/desktop/pages/DesktopProfilePage_qml.cpp, .rcc/qmlcache/time-arc_qml/desktop/pages/DesktopProfilePage_qml.cpp.aotstats
[20/169] Generating .rcc/qmlcache/time-arc_qml/desktop/memorylake/MemoDotTexture_qml.cpp, .rcc/qmlcache/time-arc_qml/desktop/memorylake/MemoDotTexture_qml.cpp.aotstats
[21/169] Generating .rcc/qmlcache/time-arc_qml/desktop/components/AchievementToast_qml.cpp, .rcc/qmlcache/time-arc_qml/desktop/components/AchievementToast_qml.cpp.aotstats
[22/169] Generating .rcc/qmlcache/time-arc_qml/desktop/memorylake/MemoInkCanvas_qml.cpp, .rcc/qmlcache/time-arc_qml/desktop/memorylake/MemoInkCanvas_qml.cpp.aotstats
[23/169] Generating .rcc/qmlcache/time-arc_qml/desktop/memorylake/GenerativeCover_qml.cpp, .rcc/qmlcache/time-arc_qml/desktop/memorylake/GenerativeCover_qml.cpp.aotstats
[24/169] Generating .rcc/qmlcache/time-arc_qml/main_qml.cpp, .rcc/qmlcache/time-arc_qml/main_qml.cpp.aotstats
[25/169] Generating .rcc/qmlcache/time-arc_qml/desktop/memorylake/MemoryLakeStyle_qml.cpp, .rcc/qmlcache/time-arc_qml/desktop/memorylake/MemoryLakeStyle_qml.cpp.aotstats
[26/169] Generating .rcc/qmlcache/time-arc_qml/desktop/memorylake/MemoToolbar_qml.cpp, .rcc/qmlcache/time-arc_qml/desktop/memorylake/MemoToolbar_qml.cpp.aotstats
[27/169] Generating .rcc/qmlcache/time-arc_qml/desktop/memorylake/MemoToolGlyph_qml.cpp, .rcc/qmlcache/time-arc_qml/desktop/memorylake/MemoToolGlyph_qml.cpp.aotstats
[28/169] Generating .rcc/qmlcache/time-arc_qml/desktop/memorylake/TextLayer_qml.cpp, .rcc/qmlcache/time-arc_qml/desktop/memorylake/TextLayer_qml.cpp.aotstats
[29/169] Generating .rcc/qmlcache/time-arc_qml/desktop/memorylake/PixelTomato_qml.cpp, .rcc/qmlcache/time-arc_qml/desktop/memorylake/PixelTomato_qml.cpp.aotstats
[30/169] Generating .rcc/qmlcache/time-arc_qml/desktop/memorylake/MemoPageFolder_qml.cpp, .rcc/qmlcache/time-arc_qml/desktop/memorylake/MemoPageFolder_qml.cpp.aotstats
[31/169] Generating .rcc/qmlcache/time-arc_qml/desktop/memorylake/StickyNote_qml.cpp, .rcc/qmlcache/time-arc_qml/desktop/memorylake/StickyNote_qml.cpp.aotstats
[32/169] Generating .rcc/qmlcache/time-arc_qml/desktop/memorylake/PomodoroCompleteOverlay_qml.cpp, .rcc/qmlcache/time-arc_qml/desktop/memorylake/PomodoroCompleteOverlay_qml.cpp.aotstats
[33/169] Building Swift Module 'time_arc_service' with 5 sources
FAILED: [code=1] src/service/CMakeFiles/time_arc_service.dir/macos/TimeArcService.swift.o src/service/CMakeFiles/time_arc_service.dir/macos/WindowIdentifying.swift.o src/service/CMakeFiles/time_arc_service.dir/macos/BinaryFloatingPoint+ToUInt.swift.o src/service/CMakeFiles/time_arc_service.dir/macos/AppEnv.swift.o src/service/CMakeFiles/time_arc_service.dir/macos/AppInfo.swift.o 
/usr/bin/swiftc -j 8 -num-threads 8 -c  -module-name time_arc_service -Onone -g -incremental -import-objc-header /Users/jz2025/Desktop/Development/TimeArc/src/service/shared/data_bridge.h -Xcc -I/Users/jz2025/Desktop/Development/TimeArc/src/include -I/Users/jz2025/Desktop/Development/TimeArc/src/service/shared -output-file-map src/service/CMakeFiles/time_arc_service.dir/Debug/output-file-map.json -I /Users/jz2025/Desktop/Development/TimeArc/src/include -I /Users/jz2025/Desktop/Development/TimeArc/src/service -I /Users/jz2025/Desktop/Development/TimeArc/src/service/shared -I /Users/jz2025/Desktop/Development/TimeArc/src/service/windows -I /Users/jz2025/Desktop/Development/TimeArc/src/service/windows/tracker -I /Users/jz2025/Desktop/Development/TimeArc/src/service/windows/platform -I /Users/jz2025/Desktop/Development/TimeArc/src/service/windows/storage -I /Users/jz2025/Desktop/Development/TimeArc/src/service/windows/service -I /Users/jz2025/Desktop/Development/TimeArc/thirdparty/sqlite3 -I /Users/jz2025/Desktop/Development/TimeArc/thirdparty/parson /Users/jz2025/Desktop/Development/TimeArc/src/service/macos/TimeArcService.swift /Users/jz2025/Desktop/Development/TimeArc/src/service/macos/WindowIdentifying.swift /Users/jz2025/Desktop/Development/TimeArc/src/service/macos/BinaryFloatingPoint+ToUInt.swift /Users/jz2025/Desktop/Development/TimeArc/src/service/macos/AppEnv.swift /Users/jz2025/Desktop/Development/TimeArc/src/service/macos/AppInfo.swift
error: generate-pch command failed with exit code 1 (use -v to see invocation)
<unknown>:0: error: unable to open output file '/Users/jz2025/.cache/clang/ModuleCache/2I2VVL5QLGRCL/_Builtin_stdint-3PGQF5YETHUX5.pcm': 'Operation not permitted'
2 errors generated.
/Users/jz2025/Desktop/Development/TimeArc/src/service/shared/data_bridge.h:13:10: error: could not build module '_Builtin_stdint'
11 | #define TIMEARC_SRC_SERVICE_SHARED_DATA_BRIDGE_H
12 | 
13 | #include <stdint.h>
   |          `- error: could not build module '_Builtin_stdint'
14 | 
15 | #if defined(__has_attribute)

<unknown>:0: error: failed to emit precompiled header '/var/folders/bc/y36__t0958xchcbdwgskg38h0000gn/T/TemporaryDirectory.DmLv3n/data_bridge.pch' for bridging header '/Users/jz2025/Desktop/Development/TimeArc/src/service/shared/data_bridge.h'
[34/169] Generating .rcc/qmlcache/time-arc_qml/desktop/memorylake/PomodoroWidget_qml.cpp, .rcc/qmlcache/time-arc_qml/desktop/memorylake/PomodoroWidget_qml.cpp.aotstats
[35/169] Generating .rcc/qmlcache/time-arc_qml/desktop/memorylake/MemoDatePicker_qml.cpp, .rcc/qmlcache/time-arc_qml/desktop/memorylake/MemoDatePicker_qml.cpp.aotstats
[36/169] Generating .rcc/qmlcache/time-arc_qml/desktop/pages/DesktopCalenderPage_qml.cpp, .rcc/qmlcache/time-arc_qml/desktop/pages/DesktopCalenderPage_qml.cpp.aotstats
[37/169] Generating .rcc/qmlcache/time-arc_qml/desktop/memorylake/GlowCircle_qml.cpp, .rcc/qmlcache/time-arc_qml/desktop/memorylake/GlowCircle_qml.cpp.aotstats
[38/169] Generating .rcc/qmlcache/time-arc_qml/desktop/memorylake/GridTexture_qml.cpp, .rcc/qmlcache/time-arc_qml/desktop/memorylake/GridTexture_qml.cpp.aotstats
[39/169] Generating .rcc/qmlcache/time-arc_qml/desktop/memorylake/GlassPanel_qml.cpp, .rcc/qmlcache/time-arc_qml/desktop/memorylake/GlassPanel_qml.cpp.aotstats
[40/169] Generating .rcc/qmlcache/time-arc_qml/desktop/memorylake/AmbientBackground_qml.cpp, .rcc/qmlcache/time-arc_qml/desktop/memorylake/AmbientBackground_qml.cpp.aotstats
[41/169] Generating .rcc/qmlcache/time-arc_qml/desktop/memorylake/MemoOverlay_qml.cpp, .rcc/qmlcache/time-arc_qml/desktop/memorylake/MemoOverlay_qml.cpp.aotstats
[42/169] Generating .rcc/qmlcache/time-arc_qml/desktop/memorylake/UsageRankList_qml.cpp, .rcc/qmlcache/time-arc_qml/desktop/memorylake/UsageRankList_qml.cpp.aotstats
ninja: build stopped: subcommand failed.
