[1/2] Copying time-arc binary to apk folder
[2/2] Creating APK for time-arc
Generating Android Package
  Input file: D:/TimeArc/time-arc/build-android-arm64_v8a/android-time-arc-deployment-settings.json
  Output directory: D:/TimeArc/time-arc/build-android-arm64_v8a/android-build/
  Application binary: TimeArc
  Android build platform: android-36
  Install to device: No
Warning: QML import could not be resolved in any of the import paths: QtQuick.Controls.Windows
Warning: QML import could not be resolved in any of the import paths: QtQuick.Controls.macOS
Warning: QML import could not be resolved in any of the import paths: QtQuick.Controls.iOS
Warning: QML import could not be resolved in any of the import paths: QtQuick.NativeStyle
Warning: QML import could not be resolved in any of the import paths: QtQuick.Controls.Windows.impl
> Task :preBuild UP-TO-DATE
> Task :preDebugBuild UP-TO-DATE
> Task :mergeDebugNativeDebugMetadata NO-SOURCE
> Task :generateDebugResources UP-TO-DATE
> Task :packageDebugResources UP-TO-DATE
> Task :processDebugNavigationResources UP-TO-DATE
> Task :parseDebugLocalResources UP-TO-DATE
> Task :generateDebugRFile UP-TO-DATE
> Task :compileDebugKotlin NO-SOURCE
> Task :javaPreCompileDebug UP-TO-DATE

> Task :compileDebugJavaWithJavac
D:\TimeArc\time-arc\build-android-arm64_v8a\android-build\src\main\java\com\timearc\mobile\ui\MobileUiBridge.java:40: 警告: [deprecation] Window中的setStatusBarColor(int)已过时
            window.setStatusBarColor(Color.TRANSPARENT);
                  ^
D:\TimeArc\time-arc\build-android-arm64_v8a\android-build\src\main\java\com\timearc\mobile\ui\MobileUiBridge.java:41: 警告: [deprecation] Window中的setNavigationBarColor(int)已过时
            window.setNavigationBarColor(Color.TRANSPARENT);
                  ^
D:\TimeArc\time-arc\build-android-arm64_v8a\android-build\src\main\java\com\timearc\mobile\usage\UsageEventsReader.java:106: 警告: [deprecation] Event中的MOVE_TO_FOREGROUND已过时
        return eventType == UsageEvents.Event.MOVE_TO_FOREGROUND ||
                                             ^
D:\TimeArc\time-arc\build-android-arm64_v8a\android-build\src\main\java\com\timearc\mobile\usage\UsageEventsReader.java:112: 警告: [deprecation] Event中的MOVE_TO_BACKGROUND已过时
        return eventType == UsageEvents.Event.MOVE_TO_BACKGROUND ||
                                             ^
4 个警告

> Task :generateDebugAssets UP-TO-DATE
> Task :mergeDebugAssets UP-TO-DATE
> Task :compressDebugAssets UP-TO-DATE
> Task :desugarDebugFileDependencies UP-TO-DATE
> Task :checkDebugAarMetadata UP-TO-DATE
> Task :compileDebugNavigationResources UP-TO-DATE
> Task :mapDebugSourceSetPaths UP-TO-DATE
> Task :mergeDebugResources UP-TO-DATE
> Task :createDebugCompatibleScreenManifests UP-TO-DATE
> Task :extractDeepLinksDebug UP-TO-DATE
> Task :processDebugMainManifest UP-TO-DATE
> Task :processDebugManifest UP-TO-DATE
> Task :processDebugManifestForPackage UP-TO-DATE
> Task :processDebugResources UP-TO-DATE
> Task :dexBuilderDebug
> Task :processDebugJavaRes NO-SOURCE
> Task :mergeDebugJavaResource UP-TO-DATE
> Task :checkDebugDuplicateClasses UP-TO-DATE
> Task :mergeExtDexDebug UP-TO-DATE
> Task :mergeLibDexDebug UP-TO-DATE
> Task :mergeProjectDexDebug
> Task :mergeDebugGlobalSynthetics
> Task :mergeDebugJniLibFolders
> Task :validateSigningDebug UP-TO-DATE
> Task :writeDebugAppMetadata UP-TO-DATE
> Task :writeDebugSigningConfigVersions UP-TO-DATE
> Task :mergeDebugNativeLibs
> Task :stripDebugDebugSymbols
> Task :packageDebug
> Task :createDebugApkListingFileRedirect UP-TO-DATE
> Task :assembleDebug

[Incubating] Problems report is available at: file:///D:/TimeArc/time-arc/build-android-arm64_v8a/android-build/build/reports/problems/problems-report.html

BUILD SUCCESSFUL in 12s
35 actionable tasks: 8 executed, 27 up-to-date
Consider enabling configuration cache to speed up this build: https://docs.gradle.org/9.3.1/userguide/configuration_cache_enabling.html
Android package built successfully in 31.395 ms.
  -- File: D:/TimeArc/time-arc/build-android-arm64_v8a/android-build//build/outputs/apk/debug/android-build-debug.apk
