[1/182] Automatic MOC and UIC for target timearc_db_smoke
[2/181] Automatic MOC and UIC for target time-arc
[3/180] Running AUTOMOC file extraction for target time-arc
[4/7] Building CXX object CMakeFiles/timearc_db_smoke.dir/src/services/settings_repository.cpp.o
[5/7] Building CXX object CMakeFiles/time-arc.dir/src/services/settings_repository.cpp.o
[6/7] Linking CXX executable timearc_db_smoke
FAILED: [code=1] timearc_db_smoke 
: && /usr/bin/c++ -O3 -DNDEBUG -arch arm64 -Wl,-search_paths_first -Wl,-headerpad_max_install_names CMakeFiles/timearc_db_smoke.dir/timearc_db_smoke_autogen/mocs_compilation.cpp.o CMakeFiles/timearc_db_smoke.dir/tests/db_smoke.cpp.o CMakeFiles/timearc_db_smoke.dir/src/services/app_repository.cpp.o CMakeFiles/timearc_db_smoke.dir/src/services/daily_card_service.cpp.o CMakeFiles/timearc_db_smoke.dir/src/services/database_manager.cpp.o CMakeFiles/timearc_db_smoke.dir/src/services/frontmost_session_repository.cpp.o CMakeFiles/timearc_db_smoke.dir/src/services/manual_project_repository.cpp.o CMakeFiles/timearc_db_smoke.dir/src/services/media_session_repository.cpp.o CMakeFiles/timearc_db_smoke.dir/src/services/mobile/mobile_usage_repository.cpp.o CMakeFiles/timearc_db_smoke.dir/src/services/mobile/android_usage_jni_bridge.cpp.o CMakeFiles/timearc_db_smoke.dir/src/services/mobile/mobile_usage_service.cpp.o CMakeFiles/timearc_db_smoke.dir/src/services/settings_repository.cpp.o CMakeFiles/timearc_db_smoke.dir/src/services/stats_service.cpp.o CMakeFiles/timearc_db_smoke.dir/src/services/calendar_manager.cpp.o CMakeFiles/timearc_db_smoke.dir/src/services/project_manager.cpp.o -o timearc_db_smoke -F/opt/homebrew/lib -Wl,-rpath,/opt/homebrew/lib  /opt/homebrew/lib/QtSql.framework/Versions/A/QtSql  /opt/homebrew/lib/QtCore.framework/Versions/A/QtCore  -framework IOKit  -framework DiskArbitration  -framework UniformTypeIdentifiers && :
Undefined symbols for architecture arm64:
  "_CFArrayGetCount", referenced from:
      SettingsRepository::languageMode() in settings_repository.cpp.o
  "_CFArrayGetTypeID", referenced from:
      SettingsRepository::languageMode() in settings_repository.cpp.o
  "_CFArrayGetValueAtIndex", referenced from:
      SettingsRepository::languageMode() in settings_repository.cpp.o
  "_CFGetTypeID", referenced from:
      SettingsRepository::languageMode() in settings_repository.cpp.o
      SettingsRepository::languageMode() in settings_repository.cpp.o
  "_CFPreferencesCopyAppValue", referenced from:
      SettingsRepository::languageMode() in settings_repository.cpp.o
  "_CFRelease", referenced from:
      SettingsRepository::languageMode() in settings_repository.cpp.o
  "_CFStringGetCharacters", referenced from:
      SettingsRepository::languageMode() in settings_repository.cpp.o
  "_CFStringGetLength", referenced from:
      SettingsRepository::languageMode() in settings_repository.cpp.o
  "_CFStringGetTypeID", referenced from:
      SettingsRepository::languageMode() in settings_repository.cpp.o
  "___CFConstantStringClassReference", referenced from:
       in settings_repository.cpp.o
  "_kCFPreferencesAnyApplication", referenced from:
      SettingsRepository::languageMode() in settings_repository.cpp.o
ld: symbol(s) not found for architecture arm64
clang++: error: linker command failed with exit code 1 (use -v to see invocation)
[7/7] Linking CXX executable TimeArc.app/Contents/MacOS/TimeArc
ninja: build stopped: subcommand failed.
